Archive member included to satisfy reference by file (symbol)

C:/STM32_Files/STM32CUBE_IDE/STM32CubeIDE_1.14.0/STM32CubeIDE/plugins/com.st.stm32cube.ide.mcu.externaltools.gnu-tools-for-stm32.11.3.rel1.win32_1.1.100.202309141235/tools/bin/../lib/gcc/arm-none-eabi/11.3.1/../../../../arm-none-eabi/lib/thumb/v7e-m+fp/hard\libc_nano.a(libc_a-exit.o)
                              C:/STM32_Files/STM32CUBE_IDE/STM32CubeIDE_1.14.0/STM32CubeIDE/plugins/com.st.stm32cube.ide.mcu.externaltools.gnu-tools-for-stm32.11.3.rel1.win32_1.1.100.202309141235/tools/bin/../lib/gcc/arm-none-eabi/11.3.1/../../../../arm-none-eabi/lib/thumb/v7e-m+fp/hard/crt0.o (exit)
C:/STM32_Files/STM32CUBE_IDE/STM32CubeIDE_1.14.0/STM32CubeIDE/plugins/com.st.stm32cube.ide.mcu.externaltools.gnu-tools-for-stm32.11.3.rel1.win32_1.1.100.202309141235/tools/bin/../lib/gcc/arm-none-eabi/11.3.1/../../../../arm-none-eabi/lib/thumb/v7e-m+fp/hard\libc_nano.a(libc_a-findfp.o)
                              C:/STM32_Files/STM32CUBE_IDE/STM32CubeIDE_1.14.0/STM32CubeIDE/plugins/com.st.stm32cube.ide.mcu.externaltools.gnu-tools-for-stm32.11.3.rel1.win32_1.1.100.202309141235/tools/bin/../lib/gcc/arm-none-eabi/11.3.1/../../../../arm-none-eabi/lib/thumb/v7e-m+fp/hard\libc_nano.a(libc_a-exit.o) (__stdio_exit_handler)
C:/STM32_Files/STM32CUBE_IDE/STM32CubeIDE_1.14.0/STM32CubeIDE/plugins/com.st.stm32cube.ide.mcu.externaltools.gnu-tools-for-stm32.11.3.rel1.win32_1.1.100.202309141235/tools/bin/../lib/gcc/arm-none-eabi/11.3.1/../../../../arm-none-eabi/lib/thumb/v7e-m+fp/hard\libc_nano.a(libc_a-fwalk.o)
                              C:/STM32_Files/STM32CUBE_IDE/STM32CubeIDE_1.14.0/STM32CubeIDE/plugins/com.st.stm32cube.ide.mcu.externaltools.gnu-tools-for-stm32.11.3.rel1.win32_1.1.100.202309141235/tools/bin/../lib/gcc/arm-none-eabi/11.3.1/../../../../arm-none-eabi/lib/thumb/v7e-m+fp/hard\libc_nano.a(libc_a-findfp.o) (_fwalk_sglue)
C:/STM32_Files/STM32CUBE_IDE/STM32CubeIDE_1.14.0/STM32CubeIDE/plugins/com.st.stm32cube.ide.mcu.externaltools.gnu-tools-for-stm32.11.3.rel1.win32_1.1.100.202309141235/tools/bin/../lib/gcc/arm-none-eabi/11.3.1/../../../../arm-none-eabi/lib/thumb/v7e-m+fp/hard\libc_nano.a(libc_a-printf.o)
                              ./Core/Src/main.o (printf)
C:/STM32_Files/STM32CUBE_IDE/STM32CubeIDE_1.14.0/STM32CubeIDE/plugins/com.st.stm32cube.ide.mcu.externaltools.gnu-tools-for-stm32.11.3.rel1.win32_1.1.100.202309141235/tools/bin/../lib/gcc/arm-none-eabi/11.3.1/../../../../arm-none-eabi/lib/thumb/v7e-m+fp/hard\libc_nano.a(libc_a-puts.o)
                              ./Core/Src/main.o (puts)
C:/STM32_Files/STM32CUBE_IDE/STM32CubeIDE_1.14.0/STM32CubeIDE/plugins/com.st.stm32cube.ide.mcu.externaltools.gnu-tools-for-stm32.11.3.rel1.win32_1.1.100.202309141235/tools/bin/../lib/gcc/arm-none-eabi/11.3.1/../../../../arm-none-eabi/lib/thumb/v7e-m+fp/hard\libc_nano.a(libc_a-snprintf.o)
                              ./Core/Src/display_task.o (snprintf)
C:/STM32_Files/STM32CUBE_IDE/STM32CubeIDE_1.14.0/STM32CubeIDE/plugins/com.st.stm32cube.ide.mcu.externaltools.gnu-tools-for-stm32.11.3.rel1.win32_1.1.100.202309141235/tools/bin/../lib/gcc/arm-none-eabi/11.3.1/../../../../arm-none-eabi/lib/thumb/v7e-m+fp/hard\libc_nano.a(libc_a-stdio.o)
                              C:/STM32_Files/STM32CUBE_IDE/STM32CubeIDE_1.14.0/STM32CubeIDE/plugins/com.st.stm32cube.ide.mcu.externaltools.gnu-tools-for-stm32.11.3.rel1.win32_1.1.100.202309141235/tools/bin/../lib/gcc/arm-none-eabi/11.3.1/../../../../arm-none-eabi/lib/thumb/v7e-m+fp/hard\libc_nano.a(libc_a-findfp.o) (__sread)
C:/STM32_Files/STM32CUBE_IDE/STM32CubeIDE_1.14.0/STM32CubeIDE/plugins/com.st.stm32cube.ide.mcu.externaltools.gnu-tools-for-stm32.11.3.rel1.win32_1.1.100.202309141235/tools/bin/../lib/gcc/arm-none-eabi/11.3.1/../../../../arm-none-eabi/lib/thumb/v7e-m+fp/hard\libc_nano.a(libc_a-wbuf.o)
                              C:/STM32_Files/STM32CUBE_IDE/STM32CubeIDE_1.14.0/STM32CubeIDE/plugins/com.st.stm32cube.ide.mcu.externaltools.gnu-tools-for-stm32.11.3.rel1.win32_1.1.100.202309141235/tools/bin/../lib/gcc/arm-none-eabi/11.3.1/../../../../arm-none-eabi/lib/thumb/v7e-m+fp/hard\libc_nano.a(libc_a-puts.o) (__swbuf_r)
C:/STM32_Files/STM32CUBE_IDE/STM32CubeIDE_1.14.0/STM32CubeIDE/plugins/com.st.stm32cube.ide.mcu.externaltools.gnu-tools-for-stm32.11.3.rel1.win32_1.1.100.202309141235/tools/bin/../lib/gcc/arm-none-eabi/11.3.1/../../../../arm-none-eabi/lib/thumb/v7e-m+fp/hard\libc_nano.a(libc_a-wsetup.o)
                              C:/STM32_Files/STM32CUBE_IDE/STM32CubeIDE_1.14.0/STM32CubeIDE/plugins/com.st.stm32cube.ide.mcu.externaltools.gnu-tools-for-stm32.11.3.rel1.win32_1.1.100.202309141235/tools/bin/../lib/gcc/arm-none-eabi/11.3.1/../../../../arm-none-eabi/lib/thumb/v7e-m+fp/hard\libc_nano.a(libc_a-puts.o) (__swsetup_r)
[...]
Memory Configuration

Name             Origin             Length             Attributes
RAM              0x0000000020000000 0x0000000000020000 xrw
FLASH            0x0000000008000000 0x0000000000080000 xr
*default*        0x0000000000000000 0xffffffffffffffff

Linker script and memory map

LOAD C:/STM32_Files/STM32CUBE_IDE/STM32CubeIDE_1.14.0/STM32CubeIDE/plugins/com.st.stm32cube.ide.mcu.externaltools.gnu-tools-for-stm32.11.3.rel1.win32_1.1.100.202309141235/tools/bin/../lib/gcc/arm-none-eabi/11.3.1/thumb/v7e-m+fp/hard/crti.o
LOAD C:/STM32_Files/STM32CUBE_IDE/STM32CubeIDE_1.14.0/STM32CubeIDE/plugins/com.st.stm32cube.ide.mcu.externaltools.gnu-tools-for-stm32.11.3.rel1.win32_1.1.100.202309141235/tools/bin/../lib/gcc/arm-none-eabi/11.3.1/thumb/v7e-m+fp/hard/crtbegin.o
LOAD C:/STM32_Files/STM32CUBE_IDE/STM32CubeIDE_1.14.0/STM32CubeIDE/plugins/com.st.stm32cube.ide.mcu.externaltools.gnu-tools-for-stm32.11.3.rel1.win32_1.1.100.202309141235/tools/bin/../lib/gcc/arm-none-eabi/11.3.1/../../../../arm-none-eabi/lib/thumb/v7e-m+fp/hard/crt0.o
LOAD ./Core/Src/bar30_task.o
LOAD ./Core/Src/comms_task.o
LOAD ./Core/Src/comp_filter.o
LOAD ./Core/Src/control_loop.o
LOAD ./Core/Src/display_task.o
LOAD ./Core/Src/dvl_task.o
LOAD ./Core/Src/filter_task.o
LOAD ./Core/Src/logging_task.o
LOAD ./Core/Src/main.o
LOAD ./Core/Src/stm32f4xx_it.o
LOAD ./Core/Src/syscalls.o
LOAD ./Core/Src/sysmem.o
LOAD ./Core/Src/system_init.o
LOAD ./Core/Src/system_stm32f4xx.o
LOAD ./Core/Src/vn200_task.o
LOAD ./Core/Startup/startup_stm32f446retx.o
LOAD ./Devices/bar30/bar30.o
LOAD ./Devices/dvl/dvl.o
LOAD ./Devices/oled/oled.o
LOAD ./Devices/vn200/vn200.o
LOAD ./Drivers/adc/adc.o
LOAD ./Drivers/crc_hw/crc_hw.o
LOAD ./Drivers/dac/dac.o
LOAD ./Drivers/gpio/gpio.o
LOAD ./Drivers/i2c/i2c.o
LOAD ./Drivers/iwdg/iwdg.o
LOAD ./Drivers/spi/spi.o
LOAD ./Drivers/timer/timer_basic.o
LOAD ./Drivers/timer/timer_pwm.o
LOAD ./Drivers/timer/timer_timebase.o
LOAD ./Drivers/uart/uart.o
LOAD ./Drivers/uart/uart3.o
LOAD ./Drivers/uart/uart4.o
LOAD ./Drivers/uart/uart_packet.o
LOAD ./Middlewares/FreeRTOS/Source/event_groups.o
LOAD ./Middlewares/FreeRTOS/Source/list.o
LOAD ./Middlewares/FreeRTOS/Source/queue.o
LOAD ./Middlewares/FreeRTOS/Source/tasks.o
LOAD ./Middlewares/FreeRTOS/Source/timers.o
LOAD ./Middlewares/FreeRTOS/Source/portable/GCC/ARM_CM4F/port.o
LOAD ./Middlewares/FreeRTOS/Source/portable/MemMang/heap_4.o
LOAD ./Protocol/packet.o
LOAD ./Protocol/ring_buffer.o
LOAD ./Protocol/struct.o
LOAD ./Protocol/sd_card/sd_card.o
LOAD ./Protocol/sd_card/sd_logger.o
START GROUP
LOAD C:/STM32_Files/STM32CUBE_IDE/STM32CubeIDE_1.14.0/STM32CubeIDE/plugins/com.st.stm32cube.ide.mcu.externaltools.gnu-tools-for-stm32.11.3.rel1.win32_1.1.100.202309141235/tools/bin/../lib/gcc/arm-none-eabi/11.3.1/../../../../arm-none-eabi/lib/thumb/v7e-m+fp/hard\libc_nano.a
LOAD C:/STM32_Files/STM32CUBE_IDE/STM32CubeIDE_1.14.0/STM32CubeIDE/plugins/com.st.stm32cube.ide.mcu.externaltools.gnu-tools-for-stm32.11.3.rel1.win32_1.1.100.202309141235/tools/bin/../lib/gcc/arm-none-eabi/11.3.1/../../../../arm-none-eabi/lib/thumb/v7e-m+fp/hard\libm.a
END GROUP
START GROUP
LOAD C:/STM32_Files/STM32CUBE_IDE/STM32CubeIDE_1.14.0/STM32CubeIDE/plugins/com.st.stm32cube.ide.mcu.externaltools.gnu-tools-for-stm32.11.3.rel1.win32_1.1.100.202309141235/tools/bin/../lib/gcc/arm-none-eabi/11.3.1/thumb/v7e-m+fp/hard\libgcc.a
LOAD C:/STM32_Files/STM32CUBE_IDE/STM32CubeIDE_1.14.0/STM32CubeIDE/plugins/com.st.stm32cube.ide.mcu.externaltools.gnu-tools-for-stm32.11.3.rel1.win32_1.1.100.202309141235/tools/bin/../lib/gcc/arm-none-eabi/11.3.1/../../../../arm-none-eabi/lib/thumb/v7e-m+fp/hard\libc_nano.a
END GROUP
START GROUP
LOAD C:/STM32_Files/STM32CUBE_IDE/STM32CubeIDE_1.14.0/STM32CubeIDE/plugins/com.st.stm32cube.ide.mcu.externaltools.gnu-tools-for-stm32.11.3.rel1.win32_1.1.100.202309141235/tools/bin/../lib/gcc/arm-none-eabi/11.3.1/thumb/v7e-m+fp/hard\libgcc.a
LOAD C:/STM32_Files/STM32CUBE_IDE/STM32CubeIDE_1.14.0/STM32CubeIDE/plugins/com.st.stm32cube.ide.mcu.externaltools.gnu-tools-for-stm32.11.3.rel1.win32_1.1.100.202309141235/tools/bin/../lib/gcc/arm-none-eabi/11.3.1/../../../../arm-none-eabi/lib/thumb/v7e-m+fp/hard\libc_nano.a
LOAD C:/STM32_Files/STM32CUBE_IDE/STM32CubeIDE_1.14.0/STM32CubeIDE/plugins/com.st.stm32cube.ide.mcu.externaltools.gnu-tools-for-stm32.11.3.rel1.win32_1.1.100.202309141235/tools/bin/../lib/gcc/arm-none-eabi/11.3.1/../../../../arm-none-eabi/lib/thumb/v7e-m+fp/hard\libnosys.a
END GROUP
START GROUP
LOAD C:/STM32_Files/STM32CUBE_IDE/STM32CubeIDE_1.14.0/STM32CubeIDE/plugins/com.st.stm32cube.ide.mcu.externaltools.gnu-tools-for-stm32.11.3.rel1.win32_1.1.100.202309141235/tools/bin/../lib/gcc/arm-none-eabi/11.3.1/thumb/v7e-m+fp/hard\libgcc.a
LOAD C:/STM32_Files/STM32CUBE_IDE/STM32CubeIDE_1.14.0/STM32CubeIDE/plugins/com.st.stm32cube.ide.mcu.externaltools.gnu-tools-for-stm32.11.3.rel1.win32_1.1.100.202309141235/tools/bin/../lib/gcc/arm-none-eabi/11.3.1/../../../../arm-none-eabi/lib/thumb/v7e-m+fp/hard\libc_nano.a
LOAD C:/STM32_Files/STM32CUBE_IDE/STM32CubeIDE_1.14.0/STM32CubeIDE/plugins/com.st.stm32cube.ide.mcu.externaltools.gnu-tools-for-stm32.11.3.rel1.win32_1.1.100.202309141235/tools/bin/../lib/gcc/arm-none-eabi/11.3.1/../../../../arm-none-eabi/lib/thumb/v7e-m+fp/hard\libnosys.a
END GROUP
LOAD C:/STM32_Files/STM32CUBE_IDE/STM32CubeIDE_1.14.0/STM32CubeIDE/plugins/com.st.stm32cube.ide.mcu.externaltools.gnu-tools-for-stm32.11.3.rel1.win32_1.1.100.202309141235/tools/bin/../lib/gcc/arm-none-eabi/11.3.1/thumb/v7e-m+fp/hard/crtend.o
LOAD C:/STM32_Files/STM32CUBE_IDE/STM32CubeIDE_1.14.0/STM32CubeIDE/plugins/com.st.stm32cube.ide.mcu.externaltools.gnu-tools-for-stm32.11.3.rel1.win32_1.1.100.202309141235/tools/bin/../lib/gcc/arm-none-eabi/11.3.1/thumb/v7e-m+fp/hard/crtn.o
                0x0000000020020000                _estack = (ORIGIN (RAM) + LENGTH (RAM))
                0x0000000000000200                _Min_Heap_Size = 0x200
                0x0000000000000400                _Min_Stack_Size = 0x400

.isr_vector     0x0000000008000000      0x1c4
                0x0000000008000000                . = ALIGN (0x4)
 *(.isr_vector)
 .isr_vector    0x0000000008000000      0x1c4 ./Core/Startup/startup_stm32f446retx.o
                0x0000000008000000                g_pfnVectors
                0x00000000080001c4                . = ALIGN (0x4)

.text           0x00000000080001d0     0x9fb0
                0x00000000080001d0                . = ALIGN (0x4)
 *(.text)
 .text          0x00000000080001d0       0x40 C:/STM32_Files/STM32CUBE_IDE/STM32CubeIDE_1.14.0/STM32CubeIDE/plugins/com.st.stm32cube.ide.mcu.externaltools.gnu-tools-for-stm32.11.3.rel1.win32_1.1.100.202309141235/tools/bin/../lib/gcc/arm-none-eabi/11.3.1/thumb/v7e-m+fp/hard/crtbegin.o
 .text          0x0000000008000210       0xa0 C:/STM32_Files/STM32CUBE_IDE/STM32CubeIDE_1.14.0/STM32CubeIDE/plugins/com.st.stm32cube.ide.mcu.externaltools.gnu-tools-for-stm32.11.3.rel1.win32_1.1.100.202309141235/tools/bin/../lib/gcc/arm-none-eabi/11.3.1/../../../../arm-none-eabi/lib/thumb/v7e-m+fp/hard\libc_nano.a(libc_a-memchr.o)
                0x0000000008000210                memchr
 .text          0x00000000080002b0      0x21c C:/STM32_Files/STM32CUBE_IDE/STM32CubeIDE_1.14.0/STM32CubeIDE/plugins/com.st.stm32cube.ide.mcu.externaltools.gnu-tools-for-stm32.11.3.rel1.win32_1.1.100.202309141235/tools/bin/../lib/gcc/arm-none-eabi/11.3.1/thumb/v7e-m+fp/hard\libgcc.a(_arm_addsubsf3.o)
                0x00000000080002b0                __aeabi_frsub
                0x00000000080002b8                __subsf3
                0x00000000080002b8                __aeabi_fsub
                0x00000000080002bc                __aeabi_fadd
                0x00000000080002bc                __addsf3
                0x000000000800041c                __aeabi_ui2f
                0x000000000800041c                __floatunsisf
                0x0000000008000424                __aeabi_i2f
                0x0000000008000424                __floatsisf
                0x0000000008000440                __aeabi_ul2f
                0x0000000008000440                __floatundisf
                0x0000000008000450                __aeabi_l2f
                0x0000000008000450                __floatdisf
 *(.text*)
 .text.bar30_task
                0x00000000080004cc       0x48 ./Core/Src/bar30_task.o
                0x00000000080004cc                bar30_task
 .text.comms_task
                0x0000000008000514       0xa8 ./Core/Src/comms_task.o
                0x0000000008000514                comms_task
 .text.deg_to_rad
                0x00000000080005bc       0x28 ./Core/Src/comp_filter.o
 .text.rotate_body_to_world
                0x00000000080005e4      0x11a ./Core/Src/comp_filter.o
 *fill*         0x00000000080006fe        0x2 
 .text.gravity_compensate
                0x0000000008000700       0x6c ./Core/Src/comp_filter.o
 .text.comp_filter_init
                0x000000000800076c       0x18 ./Core/Src/comp_filter.o
                0x000000000800076c                comp_filter_init
 .text.comp_filter_z_update
                0x0000000008000784       0xa0 ./Core/Src/comp_filter.o
                0x0000000008000784                comp_filter_z_update
 .text.comp_filter_xy_update
                0x0000000008000824      0x17c ./Core/Src/comp_filter.o
                0x0000000008000824                comp_filter_xy_update
 .text.comp_filter_update
                0x00000000080009a0      0x10c ./Core/Src/comp_filter.o
                0x00000000080009a0                comp_filter_update
 .text.wrapAngle180
                0x0000000008000aac       0x74 ./Core/Src/control_loop.o
 .text.thrust_to_pwm
                0x0000000008000b20       0x84 ./Core/Src/control_loop.o
 .text.control_loop_init
                0x0000000008000ba4       0xa4 ./Core/Src/control_loop.o
                0x0000000008000ba4                control_loop_init
 .text.control_loop_tick
                0x0000000008000c48       0x38 ./Core/Src/control_loop.o
                0x0000000008000c48                control_loop_tick
 .text.state_update
                0x0000000008000c80       0x60 ./Core/Src/control_loop.o
                0x0000000008000c80                state_update
 .text.target_update
                0x0000000008000ce0       0x44 ./Core/Src/control_loop.o
                0x0000000008000ce0                target_update
 .text.computePID
                0x0000000008000d24      0x288 ./Core/Src/control_loop.o
                0x0000000008000d24                computePID
 .text.computeAllocation
                0x0000000008000fac      0x3e0 ./Core/Src/control_loop.o
                0x0000000008000fac                computeAllocation
 .text.applyPWM
                0x000000000800138c      0x108 ./Core/Src/control_loop.o
                0x000000000800138c                applyPWM
 .text.enterFailsafe
                0x0000000008001494       0x94 ./Core/Src/control_loop.o
                0x0000000008001494                enterFailsafe
 .text.checkCommandTimeout
                0x0000000008001528       0x2c ./Core/Src/control_loop.o
                0x0000000008001528                checkCommandTimeout
 .text.control_loop_get_pose
                0x0000000008001554       0x28 ./Core/Src/control_loop.o
                0x0000000008001554                control_loop_get_pose
 .text.control_loop_get_pwm
                0x000000000800157c       0x58 ./Core/Src/control_loop.o
                0x000000000800157c                control_loop_get_pwm
 .text.control_loop_get_armed
                0x00000000080015d4       0x18 ./Core/Src/control_loop.o
                0x00000000080015d4                control_loop_get_armed
 .text.control_loop_get_link
                0x00000000080015ec       0x18 ./Core/Src/control_loop.o
                0x00000000080015ec                control_loop_get_link
 .text.control_task
                0x0000000008001604      0x170 ./Core/Src/control_loop.o
                0x0000000008001604                control_task
 .text.display_task
                0x0000000008001774       0x78 ./Core/Src/display_task.o
                0x0000000008001774                display_task
 .text.dvl_task
                0x00000000080017ec       0x8c ./Core/Src/dvl_task.o
                0x00000000080017ec                dvl_task
 .text.filter_task
                0x0000000008001878      0x1f4 ./Core/Src/filter_task.o
                0x0000000008001878                filter_task
 .text.logging_task
                0x0000000008001a6c       0x6c ./Core/Src/logging_task.o
                0x0000000008001a6c                logging_task
 .text.print_stack_audit
                0x0000000008001ad8      0x1ac ./Core/Src/main.o
 .text.dummy_task
                0x0000000008001c84       0x30 ./Core/Src/main.o
 .text.vApplicationStackOverflowHook
                0x0000000008001cb4       0x38 ./Core/Src/main.o
                0x0000000008001cb4                vApplicationStackOverflowHook
 .text.vApplicationMallocFailedHook
                0x0000000008001cec       0x34 ./Core/Src/main.o
                0x0000000008001cec                vApplicationMallocFailedHook
 .text.main     0x0000000008001d20      0x2b4 ./Core/Src/main.o
                0x0000000008001d20                main
 .text.NMI_Handler
                0x0000000008001fd4        0x6 ./Core/Src/stm32f4xx_it.o
                0x0000000008001fd4                NMI_Handler
 .text.HardFault_Handler
                0x0000000008001fda        0x6 ./Core/Src/stm32f4xx_it.o
                0x0000000008001fda                HardFault_Handler
 .text.MemManage_Handler
                0x0000000008001fe0        0x6 ./Core/Src/stm32f4xx_it.o
                0x0000000008001fe0                MemManage_Handler
 .text.BusFault_Handler
                0x0000000008001fe6        0x6 ./Core/Src/stm32f4xx_it.o
                0x0000000008001fe6                BusFault_Handler
 .text.UsageFault_Handler
                0x0000000008001fec        0x6 ./Core/Src/stm32f4xx_it.o
                0x0000000008001fec                UsageFault_Handler
 .text.DebugMon_Handler
                0x0000000008001ff2        0xe ./Core/Src/stm32f4xx_it.o
                0x0000000008001ff2                DebugMon_Handler
 .text.TIM7_IRQHandler
                0x0000000008002000       0x50 ./Core/Src/stm32f4xx_it.o
                0x0000000008002000                TIM7_IRQHandler
 .text._read    0x0000000008002050       0x3a ./Core/Src/syscalls.o
                0x0000000008002050                _read
 .text._close   0x000000000800208a       0x18 ./Core/Src/syscalls.o
                0x000000000800208a                _close
 .text._fstat   0x00000000080020a2       0x20 ./Core/Src/syscalls.o
                0x00000000080020a2                _fstat
 .text._isatty  0x00000000080020c2       0x16 ./Core/Src/syscalls.o
                0x00000000080020c2                _isatty
 .text._lseek   0x00000000080020d8       0x1a ./Core/Src/syscalls.o
                0x00000000080020d8                _lseek
 *fill*         0x00000000080020f2        0x2 
 .text._sbrk    0x00000000080020f4       0x6c ./Core/Src/sysmem.o
                0x00000000080020f4                _sbrk
 .text.system_clock_init
                0x0000000008002160       0xc0 ./Core/Src/system_init.o
                0x0000000008002160                system_clock_init
 .text.SystemInit
                0x0000000008002220       0x24 ./Core/Src/system_stm32f4xx.o
                0x0000000008002220                SystemInit
 .text.SystemCoreClockUpdate
                0x0000000008002244       0xec ./Core/Src/system_stm32f4xx.o
                0x0000000008002244                SystemCoreClockUpdate
 .text.vn200_task
                0x0000000008002330       0x84 ./Core/Src/vn200_task.o
                0x0000000008002330                vn200_task
 .text.Reset_Handler
                0x00000000080023b4       0x50 ./Core/Startup/startup_stm32f446retx.o
                0x00000000080023b4                Reset_Handler
 .text.Default_Handler
                0x0000000008002404        0x2 ./Core/Startup/startup_stm32f446retx.o
                0x0000000008002404                RTC_Alarm_IRQHandler
                0x0000000008002404                EXTI2_IRQHandler
                0x0000000008002404                TIM8_CC_IRQHandler
                0x0000000008002404                FMPI2C1_EV_IRQHandler
                0x0000000008002404                SPI4_IRQHandler
                0x0000000008002404                TIM1_CC_IRQHandler
                0x0000000008002404                DMA2_Stream5_IRQHandler
                0x0000000008002404                DMA1_Stream5_IRQHandler
                0x0000000008002404                PVD_IRQHandler
                0x0000000008002404                SDIO_IRQHandler
                0x0000000008002404                TAMP_STAMP_IRQHandler
                0x0000000008002404                CAN2_RX1_IRQHandler
                0x0000000008002404                EXTI3_IRQHandler
                0x0000000008002404                TIM8_TRG_COM_TIM14_IRQHandler
                0x0000000008002404                TIM1_UP_TIM10_IRQHandler
                0x0000000008002404                TIM8_UP_TIM13_IRQHandler
                0x0000000008002404                I2C3_ER_IRQHandler
                0x0000000008002404                EXTI0_IRQHandler
                0x0000000008002404                I2C2_EV_IRQHandler
                0x0000000008002404                DMA1_Stream2_IRQHandler
                0x0000000008002404                CAN1_RX0_IRQHandler
                0x0000000008002404                FPU_IRQHandler
                0x0000000008002404                OTG_HS_WKUP_IRQHandler
                0x0000000008002404                CAN2_SCE_IRQHandler
                0x0000000008002404                DMA2_Stream2_IRQHandler
                0x0000000008002404                SPI1_IRQHandler
                0x0000000008002404                TIM6_DAC_IRQHandler
                0x0000000008002404                TIM1_BRK_TIM9_IRQHandler
                0x0000000008002404                DCMI_IRQHandler
                0x0000000008002404                CAN2_RX0_IRQHandler
                0x0000000008002404                DMA2_Stream3_IRQHandler
                0x0000000008002404                SAI2_IRQHandler
                0x0000000008002404                USART6_IRQHandler
                0x0000000008002404                CAN1_RX1_IRQHandler
                0x0000000008002404                UART5_IRQHandler
                0x0000000008002404                DMA2_Stream0_IRQHandler
                0x0000000008002404                TIM4_IRQHandler
                0x0000000008002404                QUADSPI_IRQHandler
                0x0000000008002404                I2C1_EV_IRQHandler
                0x0000000008002404                DMA1_Stream6_IRQHandler
                0x0000000008002404                DMA1_Stream1_IRQHandler
                0x0000000008002404                TIM3_IRQHandler
                0x0000000008002404                RCC_IRQHandler
                0x0000000008002404                TIM8_BRK_TIM12_IRQHandler
                0x0000000008002404                Default_Handler
                0x0000000008002404                CEC_IRQHandler
                0x0000000008002404                EXTI15_10_IRQHandler
                0x0000000008002404                ADC_IRQHandler
                0x0000000008002404                DMA1_Stream7_IRQHandler
                0x0000000008002404                CAN2_TX_IRQHandler
                0x0000000008002404                TIM5_IRQHandler
                0x0000000008002404                DMA2_Stream7_IRQHandler
                0x0000000008002404                I2C3_EV_IRQHandler
                0x0000000008002404                EXTI9_5_IRQHandler
                0x0000000008002404                RTC_WKUP_IRQHandler
                0x0000000008002404                SPDIF_RX_IRQHandler
                0x0000000008002404                SPI2_IRQHandler
                0x0000000008002404                OTG_HS_EP1_IN_IRQHandler
                0x0000000008002404                DMA1_Stream0_IRQHandler
                0x0000000008002404                CAN1_TX_IRQHandler
                0x0000000008002404                FMPI2C1_ER_IRQHandler
                0x0000000008002404                EXTI4_IRQHandler
                0x0000000008002404                OTG_HS_EP1_OUT_IRQHandler
                0x0000000008002404                WWDG_IRQHandler
                0x0000000008002404                TIM2_IRQHandler
                0x0000000008002404                OTG_FS_WKUP_IRQHandler
                0x0000000008002404                TIM1_TRG_COM_TIM11_IRQHandler
                0x0000000008002404                OTG_HS_IRQHandler
                0x0000000008002404                EXTI1_IRQHandler
                0x0000000008002404                USART2_IRQHandler
                0x0000000008002404                I2C2_ER_IRQHandler
                0x0000000008002404                DMA2_Stream1_IRQHandler
                0x0000000008002404                CAN1_SCE_IRQHandler
                0x0000000008002404                FLASH_IRQHandler
                0x0000000008002404                DMA2_Stream4_IRQHandler
                0x0000000008002404                OTG_FS_IRQHandler
                0x0000000008002404                SPI3_IRQHandler
                0x0000000008002404                DMA1_Stream4_IRQHandler
                0x0000000008002404                I2C1_ER_IRQHandler
                0x0000000008002404                FMC_IRQHandler
                0x0000000008002404                DMA2_Stream6_IRQHandler
                0x0000000008002404                SAI1_IRQHandler
                0x0000000008002404                DMA1_Stream3_IRQHandler
 .text.delay_ms_simple
                0x0000000008002406       0x34 ./Devices/bar30/bar30.o
 *fill*         0x000000000800243a        0x2 
 .text.bar30_init
                0x000000000800243c       0x78 ./Devices/bar30/bar30.o
                0x000000000800243c                bar30_init
 .text.bar30_read
                0x00000000080024b4      0x364 ./Devices/bar30/bar30.o
                0x00000000080024b4                bar30_read
 .text.dvl_read_u16
                0x0000000008002818       0x2a ./Devices/dvl/dvl.o
 .text.dvl_read_float
                0x0000000008002842       0x46 ./Devices/dvl/dvl.o
 .text.dvl_checksum
                0x0000000008002888       0x44 ./Devices/dvl/dvl.o
 .text.dvl_parser_reset
                0x00000000080028cc       0x2c ./Devices/dvl/dvl.o
 .text.dvl_validate_packet
                0x00000000080028f8       0x9c ./Devices/dvl/dvl.o
 .text.dvl_parse_packet
                0x0000000008002994      0x1f4 ./Devices/dvl/dvl.o
 .text.dvl_feed_byte
                0x0000000008002b88       0xe0 ./Devices/dvl/dvl.o
                0x0000000008002b88                dvl_feed_byte
 .text.dvl_get_data
                0x0000000008002c68       0x48 ./Devices/dvl/dvl.o
                0x0000000008002c68                dvl_get_data
 .text.dc_res_init
                0x0000000008002cb0       0x50 ./Devices/oled/oled.o
 .text.write_cmd
                0x0000000008002d00       0x30 ./Devices/oled/oled.o
 .text.delay_ms_simple
                0x0000000008002d30       0x34 ./Devices/oled/oled.o
 .text.oled_init
                0x0000000008002d64       0xdc ./Devices/oled/oled.o
                0x0000000008002d64                oled_init
 .text.oled_clear
                0x0000000008002e40       0x18 ./Devices/oled/oled.o
                0x0000000008002e40                oled_clear
 .text.oled_update
                0x0000000008002e58       0x68 ./Devices/oled/oled.o
                0x0000000008002e58                oled_update
 .text.oled_draw_string
                0x0000000008002ec0       0xb8 ./Devices/oled/oled.o
                0x0000000008002ec0                oled_draw_string
 .text.vn200_validate_header
                0x0000000008002f78       0x74 ./Devices/vn200/vn200.o
 .text.vn200_read_u16
                0x0000000008002fec       0x2a ./Devices/vn200/vn200.o
 .text.vn200_read_float
                0x0000000008003016       0x46 ./Devices/vn200/vn200.o
 .text.vn200_crc16
                0x000000000800305c       0x8e ./Devices/vn200/vn200.o
 .text.vn200_parse
                0x00000000080030ea      0x138 ./Devices/vn200/vn200.o
                0x00000000080030ea                vn200_parse
 *fill*         0x0000000008003222        0x2 
 .text.vn200_feed_byte
                0x0000000008003224       0x5c ./Devices/vn200/vn200.o
                0x0000000008003224                vn200_feed_byte
 .text.vn200_get_data
                0x0000000008003280       0x50 ./Devices/vn200/vn200.o
                0x0000000008003280                vn200_get_data
 .text.adc_init
                0x00000000080032d0       0x4c ./Drivers/adc/adc.o
                0x00000000080032d0                adc_init
 .text.crc_init
                0x000000000800331c       0x20 ./Drivers/crc_hw/crc_hw.o
                0x000000000800331c                crc_init
 .text.crc_compute
                0x000000000800333c       0xcc ./Drivers/crc_hw/crc_hw.o
                0x000000000800333c                crc_compute
 .text.dac_init
                0x0000000008003408       0x58 ./Drivers/dac/dac.o
                0x0000000008003408                dac_init
 .text.gpio_init
                0x0000000008003460       0x90 ./Drivers/gpio/gpio.o
                0x0000000008003460                gpio_init
 .text.i2c1_init
                0x00000000080034f0       0xd0 ./Drivers/i2c/i2c.o
                0x00000000080034f0                i2c1_init
 .text.i2c_write
                0x00000000080035c0       0x94 ./Drivers/i2c/i2c.o
                0x00000000080035c0                i2c_write
 .text.i2c_read
                0x0000000008003654       0xbc ./Drivers/i2c/i2c.o
                0x0000000008003654                i2c_read
 .text.spi1_init
                0x0000000008003710      0x14c ./Drivers/spi/spi.o
                0x0000000008003710                spi1_init
 .text.spi_transmit
                0x000000000800385c       0x54 ./Drivers/spi/spi.o
                0x000000000800385c                spi_transmit
 .text.spi_transfer
                0x00000000080038b0       0x48 ./Drivers/spi/spi.o
                0x00000000080038b0                spi_transfer
 .text.spi_receive
                0x00000000080038f8       0x10 ./Drivers/spi/spi.o
                0x00000000080038f8                spi_receive
 .text.spi_select_oled
                0x0000000008003908       0x1c ./Drivers/spi/spi.o
                0x0000000008003908                spi_select_oled
 .text.spi_deselect_oled
                0x0000000008003924       0x18 ./Drivers/spi/spi.o
                0x0000000008003924                spi_deselect_oled
 .text.spi_select_sd
                0x000000000800393c       0x1c ./Drivers/spi/spi.o
                0x000000000800393c                spi_select_sd
 .text.spi_deselect_sd
                0x0000000008003958       0x18 ./Drivers/spi/spi.o
                0x0000000008003958                spi_deselect_sd
 .text.__NVIC_EnableIRQ
                0x0000000008003970       0x3c ./Drivers/timer/timer_basic.o
 .text.__NVIC_SetPriority
                0x00000000080039ac       0x54 ./Drivers/timer/timer_basic.o
 .text.tim7_init
                0x0000000008003a00       0x54 ./Drivers/timer/timer_basic.o
                0x0000000008003a00                tim7_init
 .text.timer3_pwm_init
                0x0000000008003a54       0xa8 ./Drivers/timer/timer_pwm.o
                0x0000000008003a54                timer3_pwm_init
 .text.pwm_set_us
                0x0000000008003afc       0x28 ./Drivers/timer/timer_pwm.o
                0x0000000008003afc                pwm_set_us
 .text.timer2_timebase_init
                0x0000000008003b24       0x6c ./Drivers/timer/timer_timebase.o
                0x0000000008003b24                timer2_timebase_init
 .text.uart2_init
                0x0000000008003b90       0xb4 ./Drivers/uart/uart.o
                0x0000000008003b90                uart2_init
 .text.uart2_write_byte
                0x0000000008003c44       0x30 ./Drivers/uart/uart.o
                0x0000000008003c44                uart2_write_byte
 .text.uart2_write_buf
                0x0000000008003c74       0x38 ./Drivers/uart/uart.o
                0x0000000008003c74                uart2_write_buf
 .text.uart2_write_str
                0x0000000008003cac       0x2c ./Drivers/uart/uart.o
                0x0000000008003cac                uart2_write_str
 .text._write   0x0000000008003cd8       0x22 ./Drivers/uart/uart.o
                0x0000000008003cd8                _write
 *fill*         0x0000000008003cfa        0x2 
 .text.__NVIC_EnableIRQ
                0x0000000008003cfc       0x3c ./Drivers/uart/uart3.o
 .text.__NVIC_SetPriority
                0x0000000008003d38       0x54 ./Drivers/uart/uart3.o
 .text.uart3_rx_store
                0x0000000008003d8c       0x6c ./Drivers/uart/uart3.o
 .text.uart3_init
                0x0000000008003df8      0x180 ./Drivers/uart/uart3.o
                0x0000000008003df8                uart3_init
 .text.USART3_IRQHandler
                0x0000000008003f78       0xe0 ./Drivers/uart/uart3.o
                0x0000000008003f78                USART3_IRQHandler
 .text.uart3_read
                0x0000000008004058       0x80 ./Drivers/uart/uart3.o
                0x0000000008004058                uart3_read
 .text.__NVIC_EnableIRQ
                0x00000000080040d8       0x3c ./Drivers/uart/uart4.o
 .text.__NVIC_SetPriority
                0x0000000008004114       0x54 ./Drivers/uart/uart4.o
 .text.uart4_rx_store
                0x0000000008004168       0x6c ./Drivers/uart/uart4.o
 .text.uart4_init
                0x00000000080041d4      0x174 ./Drivers/uart/uart4.o
                0x00000000080041d4                uart4_init
 .text.UART4_IRQHandler
                0x0000000008004348       0xe0 ./Drivers/uart/uart4.o
                0x0000000008004348                UART4_IRQHandler
 .text.uart4_read
                0x0000000008004428       0x80 ./Drivers/uart/uart4.o
                0x0000000008004428                uart4_read
 .text.__NVIC_EnableIRQ
                0x00000000080044a8       0x3c ./Drivers/uart/uart_packet.o
 .text.__NVIC_SetPriority
                0x00000000080044e4       0x54 ./Drivers/uart/uart_packet.o
 .text.uart1_init
                0x0000000008004538      0x148 ./Drivers/uart/uart_packet.o
                0x0000000008004538                uart1_init
 .text.USART1_IRQHandler
                0x0000000008004680       0xd8 ./Drivers/uart/uart_packet.o
                0x0000000008004680                USART1_IRQHandler
 .text.uart1_write_buf
                0x0000000008004758       0x4c ./Drivers/uart/uart_packet.o
                0x0000000008004758                uart1_write_buf
 .text.vListInitialise
                0x00000000080047a4       0x40 ./Middlewares/FreeRTOS/Source/list.o
                0x00000000080047a4                vListInitialise
 .text.vListInitialiseItem
                0x00000000080047e4       0x1a ./Middlewares/FreeRTOS/Source/list.o
                0x00000000080047e4                vListInitialiseItem
 .text.vListInsert
                0x00000000080047fe       0x72 ./Middlewares/FreeRTOS/Source/list.o
                0x00000000080047fe                vListInsert
 .text.uxListRemove
                0x0000000008004870       0x54 ./Middlewares/FreeRTOS/Source/list.o
                0x0000000008004870                uxListRemove
 .text.xQueueGenericReset
                0x00000000080048c4      0x120 ./Middlewares/FreeRTOS/Source/queue.o
                0x00000000080048c4                xQueueGenericReset
 .text.xQueueGenericCreate
                0x00000000080049e4       0x9c ./Middlewares/FreeRTOS/Source/queue.o
                0x00000000080049e4                xQueueGenericCreate
 .text.prvInitialiseNewQueue
                0x0000000008004a80       0x3e ./Middlewares/FreeRTOS/Source/queue.o
 *fill*         0x0000000008004abe        0x2 
 .text.xQueueGenericSend
                0x0000000008004ac0      0x1fc ./Middlewares/FreeRTOS/Source/queue.o
                0x0000000008004ac0                xQueueGenericSend
 .text.xQueueReceive
                0x0000000008004cbc      0x1c0 ./Middlewares/FreeRTOS/Source/queue.o
                0x0000000008004cbc                xQueueReceive
 .text.prvCopyDataToQueue
                0x0000000008004e7c       0xd4 ./Middlewares/FreeRTOS/Source/queue.o
 .text.prvCopyDataFromQueue
                0x0000000008004f50       0x4c ./Middlewares/FreeRTOS/Source/queue.o
 .text.prvUnlockQueue
                0x0000000008004f9c       0xa4 ./Middlewares/FreeRTOS/Source/queue.o
 .text.prvIsQueueEmpty
                0x0000000008005040       0x2c ./Middlewares/FreeRTOS/Source/queue.o
 .text.prvIsQueueFull
                0x000000000800506c       0x30 ./Middlewares/FreeRTOS/Source/queue.o
 .text.vQueueAddToRegistry
                0x000000000800509c       0x9c ./Middlewares/FreeRTOS/Source/queue.o
                0x000000000800509c                vQueueAddToRegistry
 .text.vQueueWaitForMessageRestricted
                0x0000000008005138       0x68 ./Middlewares/FreeRTOS/Source/queue.o
                0x0000000008005138                vQueueWaitForMessageRestricted
 .text.prvCreateTask
                0x00000000080051a0       0x7a ./Middlewares/FreeRTOS/Source/tasks.o
 .text.xTaskCreate
                0x000000000800521a       0x48 ./Middlewares/FreeRTOS/Source/tasks.o
                0x000000000800521a                xTaskCreate
 .text.prvInitialiseNewTask
                0x0000000008005262      0x146 ./Middlewares/FreeRTOS/Source/tasks.o
 .text.prvAddNewTaskToReadyList
                0x00000000080053a8      0x12c ./Middlewares/FreeRTOS/Source/tasks.o
 .text.xTaskDelayUntil
                0x00000000080054d4       0xfc ./Middlewares/FreeRTOS/Source/tasks.o
                0x00000000080054d4                xTaskDelayUntil
 .text.vTaskDelay
                0x00000000080055d0       0x68 ./Middlewares/FreeRTOS/Source/tasks.o
                0x00000000080055d0                vTaskDelay
 .text.prvCreateIdleTasks
                0x0000000008005638       0xac ./Middlewares/FreeRTOS/Source/tasks.o
 .text.vTaskStartScheduler
                0x00000000080056e4       0x88 ./Middlewares/FreeRTOS/Source/tasks.o
                0x00000000080056e4                vTaskStartScheduler
 .text.vTaskSuspendAll
                0x000000000800576c       0x1c ./Middlewares/FreeRTOS/Source/tasks.o
                0x000000000800576c                vTaskSuspendAll
 .text.xTaskResumeAll
                0x0000000008005788      0x210 ./Middlewares/FreeRTOS/Source/tasks.o
                0x0000000008005788                xTaskResumeAll
 .text.xTaskGetTickCount
                0x0000000008005998       0x20 ./Middlewares/FreeRTOS/Source/tasks.o
                0x0000000008005998                xTaskGetTickCount
 .text.xTaskIncrementTick
                0x00000000080059b8      0x234 ./Middlewares/FreeRTOS/Source/tasks.o
                0x00000000080059b8                xTaskIncrementTick
 .text.vTaskSwitchContext
                0x0000000008005bec      0x118 ./Middlewares/FreeRTOS/Source/tasks.o
                0x0000000008005bec                vTaskSwitchContext
 .text.vTaskPlaceOnEventList
                0x0000000008005d04       0x48 ./Middlewares/FreeRTOS/Source/tasks.o
                0x0000000008005d04                vTaskPlaceOnEventList
 .text.vTaskPlaceOnEventListRestricted
                0x0000000008005d4c       0x8c ./Middlewares/FreeRTOS/Source/tasks.o
                0x0000000008005d4c                vTaskPlaceOnEventListRestricted
 .text.xTaskRemoveFromEventList
                0x0000000008005dd8      0x1b4 ./Middlewares/FreeRTOS/Source/tasks.o
                0x0000000008005dd8                xTaskRemoveFromEventList
 .text.vTaskInternalSetTimeOutState
                0x0000000008005f8c       0x2c ./Middlewares/FreeRTOS/Source/tasks.o
                0x0000000008005f8c                vTaskInternalSetTimeOutState
 .text.xTaskCheckForTimeOut
                0x0000000008005fb8       0xcc ./Middlewares/FreeRTOS/Source/tasks.o
                0x0000000008005fb8                xTaskCheckForTimeOut
 .text.vTaskMissedYield
                0x0000000008006084       0x18 ./Middlewares/FreeRTOS/Source/tasks.o
                0x0000000008006084                vTaskMissedYield
 .text.prvIdleTask
                0x000000000800609c       0x30 ./Middlewares/FreeRTOS/Source/tasks.o
 .text.prvInitialiseTaskLists
                0x00000000080060cc       0x80 ./Middlewares/FreeRTOS/Source/tasks.o
 .text.prvCheckTasksWaitingTermination
                0x000000000800614c       0x5c ./Middlewares/FreeRTOS/Source/tasks.o
 .text.prvTaskCheckFreeStackSpace
                0x00000000080061a8       0x36 ./Middlewares/FreeRTOS/Source/tasks.o
 *fill*         0x00000000080061de        0x2 
 .text.uxTaskGetStackHighWaterMark
                0x00000000080061e0       0x54 ./Middlewares/FreeRTOS/Source/tasks.o
                0x00000000080061e0                uxTaskGetStackHighWaterMark
 .text.prvDeleteTCB
                0x0000000008006234       0x20 ./Middlewares/FreeRTOS/Source/tasks.o
 .text.prvResetNextTaskUnblockTime
                0x0000000008006254       0x38 ./Middlewares/FreeRTOS/Source/tasks.o
 .text.xTaskGetSchedulerState
                0x000000000800628c       0x3c ./Middlewares/FreeRTOS/Source/tasks.o
                0x000000000800628c                xTaskGetSchedulerState
 .text.xTaskPriorityDisinherit
                0x00000000080062c8      0x130 ./Middlewares/FreeRTOS/Source/tasks.o
                0x00000000080062c8                xTaskPriorityDisinherit
 .text.ulTaskGenericNotifyTake
                0x00000000080063f8      0x10c ./Middlewares/FreeRTOS/Source/tasks.o
                0x00000000080063f8                ulTaskGenericNotifyTake
 .text.xTaskGenericNotifyWait
                0x0000000008006504      0x140 ./Middlewares/FreeRTOS/Source/tasks.o
                0x0000000008006504                xTaskGenericNotifyWait
 .text.xTaskGenericNotify
                0x0000000008006644      0x258 ./Middlewares/FreeRTOS/Source/tasks.o
                0x0000000008006644                xTaskGenericNotify
 .text.xTaskGenericNotifyFromISR
                0x000000000800689c      0x2cc ./Middlewares/FreeRTOS/Source/tasks.o
                0x000000000800689c                xTaskGenericNotifyFromISR
 .text.vTaskGenericNotifyGiveFromISR
                0x0000000008006b68      0x214 ./Middlewares/FreeRTOS/Source/tasks.o
                0x0000000008006b68                vTaskGenericNotifyGiveFromISR
 .text.prvAddCurrentTaskToDelayedList
                0x0000000008006d7c       0xe0 ./Middlewares/FreeRTOS/Source/tasks.o
 .text.xTimerCreateTimerTask
                0x0000000008006e5c       0x64 ./Middlewares/FreeRTOS/Source/timers.o
                0x0000000008006e5c                xTimerCreateTimerTask
 .text.prvReloadTimer
                0x0000000008006ec0       0x42 ./Middlewares/FreeRTOS/Source/timers.o
 *fill*         0x0000000008006f02        0x2 
 .text.prvProcessExpiredTimer
                0x0000000008006f04       0x60 ./Middlewares/FreeRTOS/Source/timers.o
 .text.prvTimerTask
                0x0000000008006f64       0x24 ./Middlewares/FreeRTOS/Source/timers.o
 .text.prvProcessTimerOrBlockTask
                0x0000000008006f88       0x9c ./Middlewares/FreeRTOS/Source/timers.o
 .text.prvGetNextExpireTime
                0x0000000008007024       0x48 ./Middlewares/FreeRTOS/Source/timers.o
 .text.prvSampleTimeNow
                0x000000000800706c       0x40 ./Middlewares/FreeRTOS/Source/timers.o
 .text.prvInsertTimerInActiveList
                0x00000000080070ac       0x84 ./Middlewares/FreeRTOS/Source/timers.o
 .text.prvProcessReceivedCommands
                0x0000000008007130      0x194 ./Middlewares/FreeRTOS/Source/timers.o
 .text.prvSwitchTimerLists
                0x00000000080072c4       0x4c ./Middlewares/FreeRTOS/Source/timers.o
 .text.prvCheckForValidListAndQueue
                0x0000000008007310       0x6c ./Middlewares/FreeRTOS/Source/timers.o
 .text.pxPortInitialiseStack
                0x000000000800737c       0x68 ./Middlewares/FreeRTOS/Source/portable/GCC/ARM_CM4F/port.o
                0x000000000800737c                pxPortInitialiseStack
 .text.prvTaskExitError
                0x00000000080073e4       0x58 ./Middlewares/FreeRTOS/Source/portable/GCC/ARM_CM4F/port.o
 .text.SVC_Handler
                0x000000000800743c       0x24 ./Middlewares/FreeRTOS/Source/portable/GCC/ARM_CM4F/port.o
                0x000000000800743c                SVC_Handler
 .text.prvPortStartFirstTask
                0x0000000008007460       0x2c ./Middlewares/FreeRTOS/Source/portable/GCC/ARM_CM4F/port.o
 .text.xPortStartScheduler
                0x000000000800748c      0x1d4 ./Middlewares/FreeRTOS/Source/portable/GCC/ARM_CM4F/port.o
                0x000000000800748c                xPortStartScheduler
 .text.vPortEnterCritical
                0x0000000008007660       0x60 ./Middlewares/FreeRTOS/Source/portable/GCC/ARM_CM4F/port.o
                0x0000000008007660                vPortEnterCritical
 .text.vPortExitCritical
                0x00000000080076c0       0x54 ./Middlewares/FreeRTOS/Source/portable/GCC/ARM_CM4F/port.o
                0x00000000080076c0                vPortExitCritical
 .text.PendSV_Handler
                0x0000000008007714       0x64 ./Middlewares/FreeRTOS/Source/portable/GCC/ARM_CM4F/port.o
                0x0000000008007714                PendSV_Handler
 .text.SysTick_Handler
                0x0000000008007778       0x44 ./Middlewares/FreeRTOS/Source/portable/GCC/ARM_CM4F/port.o
                0x0000000008007778                SysTick_Handler
 .text.vPortSetupTimerInterrupt
                0x00000000080077bc       0x48 ./Middlewares/FreeRTOS/Source/portable/GCC/ARM_CM4F/port.o
                0x00000000080077bc                vPortSetupTimerInterrupt
 .text.vPortEnableVFP
                0x0000000008007804       0x18 ./Middlewares/FreeRTOS/Source/portable/GCC/ARM_CM4F/port.o
 .text.vPortValidateInterruptPriority
                0x000000000800781c       0x80 ./Middlewares/FreeRTOS/Source/portable/GCC/ARM_CM4F/port.o
                0x000000000800781c                vPortValidateInterruptPriority
 .text.pvPortMalloc
                0x000000000800789c      0x26c ./Middlewares/FreeRTOS/Source/portable/MemMang/heap_4.o
                0x000000000800789c                pvPortMalloc
 .text.vPortFree
                0x0000000008007b08       0xf0 ./Middlewares/FreeRTOS/Source/portable/MemMang/heap_4.o
                0x0000000008007b08                vPortFree
 .text.prvHeapInit
                0x0000000008007bf8       0xb4 ./Middlewares/FreeRTOS/Source/portable/MemMang/heap_4.o
 .text.prvInsertBlockIntoFreeList
                0x0000000008007cac       0xf4 ./Middlewares/FreeRTOS/Source/portable/MemMang/heap_4.o
 .text.packet_build_telemetry
                0x0000000008007da0       0x7a ./Protocol/packet.o
                0x0000000008007da0                packet_build_telemetry
 .text.packet_parse_cmd
                0x0000000008007e1a       0xea ./Protocol/packet.o
                0x0000000008007e1a                packet_parse_cmd
 .text.rx_write
                0x0000000008007f04       0x74 ./Protocol/ring_buffer.o
                0x0000000008007f04                rx_write
 .text.rx_avail
                0x0000000008007f78       0x18 ./Protocol/ring_buffer.o
                0x0000000008007f78                rx_avail
 .text.rx_peek  0x0000000008007f90       0x30 ./Protocol/ring_buffer.o
                0x0000000008007f90                rx_peek
 .text.rx_eat   0x0000000008007fc0       0x50 ./Protocol/ring_buffer.o
                0x0000000008007fc0                rx_eat
 .text.sd_delay
                0x0000000008008010       0x28 ./Protocol/sd_card/sd_card.o
 .text.sd_send_cmd
                0x0000000008008038       0x8e ./Protocol/sd_card/sd_card.o
 .text.sd_init  0x00000000080080c6      0x154 ./Protocol/sd_card/sd_card.o
                0x00000000080080c6                sd_init
 *fill*         0x000000000800821a        0x2 
 .text.sd_write_block
                0x000000000800821c       0xcc ./Protocol/sd_card/sd_card.o
                0x000000000800821c                sd_write_block
 .text.sd_logger_init
                0x00000000080082e8       0x18 ./Protocol/sd_card/sd_logger.o
                0x00000000080082e8                sd_logger_init
 .text.sd_logger_write
                0x0000000008008300       0x70 ./Protocol/sd_card/sd_logger.o
                0x0000000008008300                sd_logger_write
 .text.std      0x0000000008008370       0x6c C:/STM32_Files/STM32CUBE_IDE/STM32CubeIDE_1.14.0/STM32CubeIDE/plugins/com.st.stm32cube.ide.mcu.externaltools.gnu-tools-for-stm32.11.3.rel1.win32_1.1.100.202309141235/tools/bin/../lib/gcc/arm-none-eabi/11.3.1/../../../../arm-none-eabi/lib/thumb/v7e-m+fp/hard\libc_nano.a(libc_a-findfp.o)
 .text.stdio_exit_handler
                0x00000000080083dc       0x18 C:/STM32_Files/STM32CUBE_IDE/STM32CubeIDE_1.14.0/STM32CubeIDE/plugins/com.st.stm32cube.ide.mcu.externaltools.gnu-tools-for-stm32.11.3.rel1.win32_1.1.100.202309141235/tools/bin/../lib/gcc/arm-none-eabi/11.3.1/../../../../arm-none-eabi/lib/thumb/v7e-m+fp/hard\libc_nano.a(libc_a-findfp.o)
 .text.cleanup_stdio
                0x00000000080083f4       0x40 C:/STM32_Files/STM32CUBE_IDE/STM32CubeIDE_1.14.0/STM32CubeIDE/plugins/com.st.stm32cube.ide.mcu.externaltools.gnu-tools-for-stm32.11.3.rel1.win32_1.1.100.202309141235/tools/bin/../lib/gcc/arm-none-eabi/11.3.1/../../../../arm-none-eabi/lib/thumb/v7e-m+fp/hard\libc_nano.a(libc_a-findfp.o)
 .text.global_stdio_init.part.0
                0x0000000008008434       0x3c C:/STM32_Files/STM32CUBE_IDE/STM32CubeIDE_1.14.0/STM32CubeIDE/plugins/com.st.stm32cube.ide.mcu.externaltools.gnu-tools-for-stm32.11.3.rel1.win32_1.1.100.202309141235/tools/bin/../lib/gcc/arm-none-eabi/11.3.1/../../../../arm-none-eabi/lib/thumb/v7e-m+fp/hard\libc_nano.a(libc_a-findfp.o)
 .text.__sfp_lock_acquire
                0x0000000008008470        0xc C:/STM32_Files/STM32CUBE_IDE/STM32CubeIDE_1.14.0/STM32CubeIDE/plugins/com.st.stm32cube.ide.mcu.externaltools.gnu-tools-for-stm32.11.3.rel1.win32_1.1.100.202309141235/tools/bin/../lib/gcc/arm-none-eabi/11.3.1/../../../../arm-none-eabi/lib/thumb/v7e-m+fp/hard\libc_nano.a(libc_a-findfp.o)
                0x0000000008008470                __sfp_lock_acquire
 .text.__sfp_lock_release
                0x000000000800847c        0xc C:/STM32_Files/STM32CUBE_IDE/STM32CubeIDE_1.14.0/STM32CubeIDE/plugins/com.st.stm32cube.ide.mcu.externaltools.gnu-tools-for-stm32.11.3.rel1.win32_1.1.100.202309141235/tools/bin/../lib/gcc/arm-none-eabi/11.3.1/../../../../arm-none-eabi/lib/thumb/v7e-m+fp/hard\libc_nano.a(libc_a-findfp.o)
                0x000000000800847c                __sfp_lock_release
 .text.__sinit  0x0000000008008488       0x30 C:/STM32_Files/STM32CUBE_IDE/STM32CubeIDE_1.14.0/STM32CubeIDE/plugins/com.st.stm32cube.ide.mcu.externaltools.gnu-tools-for-stm32.11.3.rel1.win32_1.1.100.202309141235/tools/bin/../lib/gcc/arm-none-eabi/11.3.1/../../../../arm-none-eabi/lib/thumb/v7e-m+fp/hard\libc_nano.a(libc_a-findfp.o)
                0x0000000008008488                __sinit
 .text._fwalk_sglue
                0x00000000080084b8       0x3c C:/STM32_Files/STM32CUBE_IDE/STM32CubeIDE_1.14.0/STM32CubeIDE/plugins/com.st.stm32cube.ide.mcu.externaltools.gnu-tools-for-stm32.11.3.rel1.win32_1.1.100.202309141235/tools/bin/../lib/gcc/arm-none-eabi/11.3.1/../../../../arm-none-eabi/lib/thumb/v7e-m+fp/hard\libc_nano.a(libc_a-fwalk.o)
                0x00000000080084b8                _fwalk_sglue
 .text.printf   0x00000000080084f4       0x24 C:/STM32_Files/STM32CUBE_IDE/STM32CubeIDE_1.14.0/STM32CubeIDE/plugins/com.st.stm32cube.ide.mcu.externaltools.gnu-tools-for-stm32.11.3.rel1.win32_1.1.100.202309141235/tools/bin/../lib/gcc/arm-none-eabi/11.3.1/../../../../arm-none-eabi/lib/thumb/v7e-m+fp/hard\libc_nano.a(libc_a-printf.o)
                0x00000000080084f4                iprintf
                0x00000000080084f4                printf
 .text._puts_r  0x0000000008008518       0xa8 C:/STM32_Files/STM32CUBE_IDE/STM32CubeIDE_1.14.0/STM32CubeIDE/plugins/com.st.stm32cube.ide.mcu.externaltools.gnu-tools-for-stm32.11.3.rel1.win32_1.1.100.202309141235/tools/bin/../lib/gcc/arm-none-eabi/11.3.1/../../../../arm-none-eabi/lib/thumb/v7e-m+fp/hard\libc_nano.a(libc_a-puts.o)
                0x0000000008008518                _puts_r
 .text.puts     0x00000000080085c0       0x10 C:/STM32_Files/STM32CUBE_IDE/STM32CubeIDE_1.14.0/STM32CubeIDE/plugins/com.st.stm32cube.ide.mcu.externaltools.gnu-tools-for-stm32.11.3.rel1.win32_1.1.100.202309141235/tools/bin/../lib/gcc/arm-none-eabi/11.3.1/../../../../arm-none-eabi/lib/thumb/v7e-m+fp/hard\libc_nano.a(libc_a-puts.o)
                0x00000000080085c0                puts
 .text.snprintf
                0x00000000080085d0       0x68 C:/STM32_Files/STM32CUBE_IDE/STM32CubeIDE_1.14.0/STM32CubeIDE/plugins/com.st.stm32cube.ide.mcu.externaltools.gnu-tools-for-stm32.11.3.rel1.win32_1.1.100.202309141235/tools/bin/../lib/gcc/arm-none-eabi/11.3.1/../../../../arm-none-eabi/lib/thumb/v7e-m+fp/hard\libc_nano.a(libc_a-snprintf.o)
                0x00000000080085d0                sniprintf
                0x00000000080085d0                snprintf
 .text.__sread  0x0000000008008638       0x22 C:/STM32_Files/STM32CUBE_IDE/STM32CubeIDE_1.14.0/STM32CubeIDE/plugins/com.st.stm32cube.ide.mcu.externaltools.gnu-tools-for-stm32.11.3.rel1.win32_1.1.100.202309141235/tools/bin/../lib/gcc/arm-none-eabi/11.3.1/../../../../arm-none-eabi/lib/thumb/v7e-m+fp/hard\libc_nano.a(libc_a-stdio.o)
                0x0000000008008638                __sread
 .text.__swrite
                0x000000000800865a       0x38 C:/STM32_Files/STM32CUBE_IDE/STM32CubeIDE_1.14.0/STM32CubeIDE/plugins/com.st.stm32cube.ide.mcu.externaltools.gnu-tools-for-stm32.11.3.rel1.win32_1.1.100.202309141235/tools/bin/../lib/gcc/arm-none-eabi/11.3.1/../../../../arm-none-eabi/lib/thumb/v7e-m+fp/hard\libc_nano.a(libc_a-stdio.o)
                0x000000000800865a                __swrite
 .text.__sseek  0x0000000008008692       0x24 C:/STM32_Files/STM32CUBE_IDE/STM32CubeIDE_1.14.0/STM32CubeIDE/plugins/com.st.stm32cube.ide.mcu.externaltools.gnu-tools-for-stm32.11.3.rel1.win32_1.1.100.202309141235/tools/bin/../lib/gcc/arm-none-eabi/11.3.1/../../../../arm-none-eabi/lib/thumb/v7e-m+fp/hard\libc_nano.a(libc_a-stdio.o)
                0x0000000008008692                __sseek
 .text.__sclose
                0x00000000080086b6        0x8 C:/STM32_Files/STM32CUBE_IDE/STM32CubeIDE_1.14.0/STM32CubeIDE/plugins/com.st.stm32cube.ide.mcu.externaltools.gnu-tools-for-stm32.11.3.rel1.win32_1.1.100.202309141235/tools/bin/../lib/gcc/arm-none-eabi/11.3.1/../../../../arm-none-eabi/lib/thumb/v7e-m+fp/hard\libc_nano.a(libc_a-stdio.o)
                0x00000000080086b6                __sclose
 .text.__swbuf_r
                0x00000000080086be       0x7a C:/STM32_Files/STM32CUBE_IDE/STM32CubeIDE_1.14.0/STM32CubeIDE/plugins/com.st.stm32cube.ide.mcu.externaltools.gnu-tools-for-stm32.11.3.rel1.win32_1.1.100.202309141235/tools/bin/../lib/gcc/arm-none-eabi/11.3.1/../../../../arm-none-eabi/lib/thumb/v7e-m+fp/hard\libc_nano.a(libc_a-wbuf.o)
                0x00000000080086be                __swbuf_r
 .text.__swsetup_r
                0x0000000008008738       0xb0 C:/STM32_Files/STM32CUBE_IDE/STM32CubeIDE_1.14.0/STM32CubeIDE/plugins/com.st.stm32cube.ide.mcu.externaltools.gnu-tools-for-stm32.11.3.rel1.win32_1.1.100.202309141235/tools/bin/../lib/gcc/arm-none-eabi/11.3.1/../../../../arm-none-eabi/lib/thumb/v7e-m+fp/hard\libc_nano.a(libc_a-wsetup.o)
                0x0000000008008738                __swsetup_r
 .text.memset   0x00000000080087e8       0x10 C:/STM32_Files/STM32CUBE_IDE/STM32CubeIDE_1.14.0/STM32CubeIDE/plugins/com.st.stm32cube.ide.mcu.externaltools.gnu-tools-for-stm32.11.3.rel1.win32_1.1.100.202309141235/tools/bin/../lib/gcc/arm-none-eabi/11.3.1/../../../../arm-none-eabi/lib/thumb/v7e-m+fp/hard\libc_nano.a(libc_a-memset.o)
                0x00000000080087e8                memset
 .text._close_r
                0x00000000080087f8       0x20 C:/STM32_Files/STM32CUBE_IDE/STM32CubeIDE_1.14.0/STM32CubeIDE/plugins/com.st.stm32cube.ide.mcu.externaltools.gnu-tools-for-stm32.11.3.rel1.win32_1.1.100.202309141235/tools/bin/../lib/gcc/arm-none-eabi/11.3.1/../../../../arm-none-eabi/lib/thumb/v7e-m+fp/hard\libc_nano.a(libc_a-closer.o)
                0x00000000080087f8                _close_r
 .text._lseek_r
                0x0000000008008818       0x24 C:/STM32_Files/STM32CUBE_IDE/STM32CubeIDE_1.14.0/STM32CubeIDE/plugins/com.st.stm32cube.ide.mcu.externaltools.gnu-tools-for-stm32.11.3.rel1.win32_1.1.100.202309141235/tools/bin/../lib/gcc/arm-none-eabi/11.3.1/../../../../arm-none-eabi/lib/thumb/v7e-m+fp/hard\libc_nano.a(libc_a-lseekr.o)
                0x0000000008008818                _lseek_r
 .text._read_r  0x000000000800883c       0x24 C:/STM32_Files/STM32CUBE_IDE/STM32CubeIDE_1.14.0/STM32CubeIDE/plugins/com.st.stm32cube.ide.mcu.externaltools.gnu-tools-for-stm32.11.3.rel1.win32_1.1.100.202309141235/tools/bin/../lib/gcc/arm-none-eabi/11.3.1/../../../../arm-none-eabi/lib/thumb/v7e-m+fp/hard\libc_nano.a(libc_a-readr.o)
                0x000000000800883c                _read_r
 .text._write_r
                0x0000000008008860       0x24 C:/STM32_Files/STM32CUBE_IDE/STM32CubeIDE_1.14.0/STM32CubeIDE/plugins/com.st.stm32cube.ide.mcu.externaltools.gnu-tools-for-stm32.11.3.rel1.win32_1.1.100.202309141235/tools/bin/../lib/gcc/arm-none-eabi/11.3.1/../../../../arm-none-eabi/lib/thumb/v7e-m+fp/hard\libc_nano.a(libc_a-writer.o)
                0x0000000008008860                _write_r
 .text.__errno  0x0000000008008884        0xc C:/STM32_Files/STM32CUBE_IDE/STM32CubeIDE_1.14.0/STM32CubeIDE/plugins/com.st.stm32cube.ide.mcu.externaltools.gnu-tools-for-stm32.11.3.rel1.win32_1.1.100.202309141235/tools/bin/../lib/gcc/arm-none-eabi/11.3.1/../../../../arm-none-eabi/lib/thumb/v7e-m+fp/hard\libc_nano.a(libc_a-errno.o)
                0x0000000008008884                __errno
 .text.__libc_init_array
                0x0000000008008890       0x48 C:/STM32_Files/STM32CUBE_IDE/STM32CubeIDE_1.14.0/STM32CubeIDE/plugins/com.st.stm32cube.ide.mcu.externaltools.gnu-tools-for-stm32.11.3.rel1.win32_1.1.100.202309141235/tools/bin/../lib/gcc/arm-none-eabi/11.3.1/../../../../arm-none-eabi/lib/thumb/v7e-m+fp/hard\libc_nano.a(libc_a-init.o)
                0x0000000008008890                __libc_init_array
 .text.__retarget_lock_init_recursive
                0x00000000080088d8        0x2 C:/STM32_Files/STM32CUBE_IDE/STM32CubeIDE_1.14.0/STM32CubeIDE/plugins/com.st.stm32cube.ide.mcu.externaltools.gnu-tools-for-stm32.11.3.rel1.win32_1.1.100.202309141235/tools/bin/../lib/gcc/arm-none-eabi/11.3.1/../../../../arm-none-eabi/lib/thumb/v7e-m+fp/hard\libc_nano.a(libc_a-lock.o)
                0x00000000080088d8                __retarget_lock_init_recursive
 .text.__retarget_lock_acquire_recursive
                0x00000000080088da        0x2 C:/STM32_Files/STM32CUBE_IDE/STM32CubeIDE_1.14.0/STM32CubeIDE/plugins/com.st.stm32cube.ide.mcu.externaltools.gnu-tools-for-stm32.11.3.rel1.win32_1.1.100.202309141235/tools/bin/../lib/gcc/arm-none-eabi/11.3.1/../../../../arm-none-eabi/lib/thumb/v7e-m+fp/hard\libc_nano.a(libc_a-lock.o)
                0x00000000080088da                __retarget_lock_acquire_recursive
 .text.__retarget_lock_release_recursive
                0x00000000080088dc        0x2 C:/STM32_Files/STM32CUBE_IDE/STM32CubeIDE_1.14.0/STM32CubeIDE/plugins/com.st.stm32cube.ide.mcu.externaltools.gnu-tools-for-stm32.11.3.rel1.win32_1.1.100.202309141235/tools/bin/../lib/gcc/arm-none-eabi/11.3.1/../../../../arm-none-eabi/lib/thumb/v7e-m+fp/hard\libc_nano.a(libc_a-lock.o)
                0x00000000080088dc                __retarget_lock_release_recursive
 .text.memcpy   0x00000000080088de       0x1c C:/STM32_Files/STM32CUBE_IDE/STM32CubeIDE_1.14.0/STM32CubeIDE/plugins/com.st.stm32cube.ide.mcu.externaltools.gnu-tools-for-stm32.11.3.rel1.win32_1.1.100.202309141235/tools/bin/../lib/gcc/arm-none-eabi/11.3.1/../../../../arm-none-eabi/lib/thumb/v7e-m+fp/hard\libc_nano.a(libc_a-memcpy-stub.o)
                0x00000000080088de                memcpy
 *fill*         0x00000000080088fa        0x2 
 .text._free_r  0x00000000080088fc       0x98 C:/STM32_Files/STM32CUBE_IDE/STM32CubeIDE_1.14.0/STM32CubeIDE/plugins/com.st.stm32cube.ide.mcu.externaltools.gnu-tools-for-stm32.11.3.rel1.win32_1.1.100.202309141235/tools/bin/../lib/gcc/arm-none-eabi/11.3.1/../../../../arm-none-eabi/lib/thumb/v7e-m+fp/hard\libc_nano.a(libc_a-freer.o)
                0x00000000080088fc                _free_r
 .text.sbrk_aligned
                0x0000000008008994       0x40 C:/STM32_Files/STM32CUBE_IDE/STM32CubeIDE_1.14.0/STM32CubeIDE/plugins/com.st.stm32cube.ide.mcu.externaltools.gnu-tools-for-stm32.11.3.rel1.win32_1.1.100.202309141235/tools/bin/../lib/gcc/arm-none-eabi/11.3.1/../../../../arm-none-eabi/lib/thumb/v7e-m+fp/hard\libc_nano.a(libc_a-mallocr.o)
 .text._malloc_r
                0x00000000080089d4      0x100 C:/STM32_Files/STM32CUBE_IDE/STM32CubeIDE_1.14.0/STM32CubeIDE/plugins/com.st.stm32cube.ide.mcu.externaltools.gnu-tools-for-stm32.11.3.rel1.win32_1.1.100.202309141235/tools/bin/../lib/gcc/arm-none-eabi/11.3.1/../../../../arm-none-eabi/lib/thumb/v7e-m+fp/hard\libc_nano.a(libc_a-mallocr.o)
                0x00000000080089d4                _malloc_r
 .text.__malloc_lock
                0x0000000008008ad4        0xc C:/STM32_Files/STM32CUBE_IDE/STM32CubeIDE_1.14.0/STM32CubeIDE/plugins/com.st.stm32cube.ide.mcu.externaltools.gnu-tools-for-stm32.11.3.rel1.win32_1.1.100.202309141235/tools/bin/../lib/gcc/arm-none-eabi/11.3.1/../../../../arm-none-eabi/lib/thumb/v7e-m+fp/hard\libc_nano.a(libc_a-mlock.o)
                0x0000000008008ad4                __malloc_lock
 .text.__malloc_unlock
                0x0000000008008ae0        0xc C:/STM32_Files/STM32CUBE_IDE/STM32CubeIDE_1.14.0/STM32CubeIDE/plugins/com.st.stm32cube.ide.mcu.externaltools.gnu-tools-for-stm32.11.3.rel1.win32_1.1.100.202309141235/tools/bin/../lib/gcc/arm-none-eabi/11.3.1/../../../../arm-none-eabi/lib/thumb/v7e-m+fp/hard\libc_nano.a(libc_a-mlock.o)
                0x0000000008008ae0                __malloc_unlock
 .text.__ssputs_r
                0x0000000008008aec       0xb4 C:/STM32_Files/STM32CUBE_IDE/STM32CubeIDE_1.14.0/STM32CubeIDE/plugins/com.st.stm32cube.ide.mcu.externaltools.gnu-tools-for-stm32.11.3.rel1.win32_1.1.100.202309141235/tools/bin/../lib/gcc/arm-none-eabi/11.3.1/../../../../arm-none-eabi/lib/thumb/v7e-m+fp/hard\libc_nano.a(libc_a-nano-svfprintf.o)
                0x0000000008008aec                __ssputs_r
 .text._svfprintf_r
                0x0000000008008ba0      0x1fc C:/STM32_Files/STM32CUBE_IDE/STM32CubeIDE_1.14.0/STM32CubeIDE/plugins/com.st.stm32cube.ide.mcu.externaltools.gnu-tools-for-stm32.11.3.rel1.win32_1.1.100.202309141235/tools/bin/../lib/gcc/arm-none-eabi/11.3.1/../../../../arm-none-eabi/lib/thumb/v7e-m+fp/hard\libc_nano.a(libc_a-nano-svfprintf.o)
                0x0000000008008ba0                _svfiprintf_r
                0x0000000008008ba0                _svfprintf_r
 .text.__sfputc_r
                0x0000000008008d9c       0x2e C:/STM32_Files/STM32CUBE_IDE/STM32CubeIDE_1.14.0/STM32CubeIDE/plugins/com.st.stm32cube.ide.mcu.externaltools.gnu-tools-for-stm32.11.3.rel1.win32_1.1.100.202309141235/tools/bin/../lib/gcc/arm-none-eabi/11.3.1/../../../../arm-none-eabi/lib/thumb/v7e-m+fp/hard\libc_nano.a(libc_a-nano-vfprintf.o)
 .text.__sfputs_r
                0x0000000008008dca       0x24 C:/STM32_Files/STM32CUBE_IDE/STM32CubeIDE_1.14.0/STM32CubeIDE/plugins/com.st.stm32cube.ide.mcu.externaltools.gnu-tools-for-stm32.11.3.rel1.win32_1.1.100.202309141235/tools/bin/../lib/gcc/arm-none-eabi/11.3.1/../../../../arm-none-eabi/lib/thumb/v7e-m+fp/hard\libc_nano.a(libc_a-nano-vfprintf.o)
                0x0000000008008dca                __sfputs_r
 *fill*         0x0000000008008dee        0x2 
 .text._vfprintf_r
                0x0000000008008df0      0x234 C:/STM32_Files/STM32CUBE_IDE/STM32CubeIDE_1.14.0/STM32CubeIDE/plugins/com.st.stm32cube.ide.mcu.externaltools.gnu-tools-for-stm32.11.3.rel1.win32_1.1.100.202309141235/tools/bin/../lib/gcc/arm-none-eabi/11.3.1/../../../../arm-none-eabi/lib/thumb/v7e-m+fp/hard\libc_nano.a(libc_a-nano-vfprintf.o)
                0x0000000008008df0                _vfprintf_r
                0x0000000008008df0                _vfiprintf_r
 .text._printf_common
                0x0000000008009024       0xda C:/STM32_Files/STM32CUBE_IDE/STM32CubeIDE_1.14.0/STM32CubeIDE/plugins/com.st.stm32cube.ide.mcu.externaltools.gnu-tools-for-stm32.11.3.rel1.win32_1.1.100.202309141235/tools/bin/../lib/gcc/arm-none-eabi/11.3.1/../../../../arm-none-eabi/lib/thumb/v7e-m+fp/hard\libc_nano.a(libc_a-nano-vfprintf_i.o)
                0x0000000008009024                _printf_common
 *fill*         0x00000000080090fe        0x2 
 .text._printf_i
                0x0000000008009100      0x244 C:/STM32_Files/STM32CUBE_IDE/STM32CubeIDE_1.14.0/STM32CubeIDE/plugins/com.st.stm32cube.ide.mcu.externaltools.gnu-tools-for-stm32.11.3.rel1.win32_1.1.100.202309141235/tools/bin/../lib/gcc/arm-none-eabi/11.3.1/../../../../arm-none-eabi/lib/thumb/v7e-m+fp/hard\libc_nano.a(libc_a-nano-vfprintf_i.o)
                0x0000000008009100                _printf_i
 .text.__sflush_r
                0x0000000008009344      0x10c C:/STM32_Files/STM32CUBE_IDE/STM32CubeIDE_1.14.0/STM32CubeIDE/plugins/com.st.stm32cube.ide.mcu.externaltools.gnu-tools-for-stm32.11.3.rel1.win32_1.1.100.202309141235/tools/bin/../lib/gcc/arm-none-eabi/11.3.1/../../../../arm-none-eabi/lib/thumb/v7e-m+fp/hard\libc_nano.a(libc_a-fflush.o)
                0x0000000008009344                __sflush_r
 .text._fflush_r
                0x0000000008009450       0x50 C:/STM32_Files/STM32CUBE_IDE/STM32CubeIDE_1.14.0/STM32CubeIDE/plugins/com.st.stm32cube.ide.mcu.externaltools.gnu-tools-for-stm32.11.3.rel1.win32_1.1.100.202309141235/tools/bin/../lib/gcc/arm-none-eabi/11.3.1/../../../../arm-none-eabi/lib/thumb/v7e-m+fp/hard\libc_nano.a(libc_a-fflush.o)
                0x0000000008009450                _fflush_r
 .text.__swhatbuf_r
                0x00000000080094a0       0x4c C:/STM32_Files/STM32CUBE_IDE/STM32CubeIDE_1.14.0/STM32CubeIDE/plugins/com.st.stm32cube.ide.mcu.externaltools.gnu-tools-for-stm32.11.3.rel1.win32_1.1.100.202309141235/tools/bin/../lib/gcc/arm-none-eabi/11.3.1/../../../../arm-none-eabi/lib/thumb/v7e-m+fp/hard\libc_nano.a(libc_a-makebuf.o)
                0x00000000080094a0                __swhatbuf_r
 .text.__smakebuf_r
                0x00000000080094ec       0x78 C:/STM32_Files/STM32CUBE_IDE/STM32CubeIDE_1.14.0/STM32CubeIDE/plugins/com.st.stm32cube.ide.mcu.externaltools.gnu-tools-for-stm32.11.3.rel1.win32_1.1.100.202309141235/tools/bin/../lib/gcc/arm-none-eabi/11.3.1/../../../../arm-none-eabi/lib/thumb/v7e-m+fp/hard\libc_nano.a(libc_a-makebuf.o)
                0x00000000080094ec                __smakebuf_r
 .text.memmove  0x0000000008009564       0x34 C:/STM32_Files/STM32CUBE_IDE/STM32CubeIDE_1.14.0/STM32CubeIDE/plugins/com.st.stm32cube.ide.mcu.externaltools.gnu-tools-for-stm32.11.3.rel1.win32_1.1.100.202309141235/tools/bin/../lib/gcc/arm-none-eabi/11.3.1/../../../../arm-none-eabi/lib/thumb/v7e-m+fp/hard\libc_nano.a(libc_a-memmove.o)
                0x0000000008009564                memmove
 .text._fstat_r
                0x0000000008009598       0x24 C:/STM32_Files/STM32CUBE_IDE/STM32CubeIDE_1.14.0/STM32CubeIDE/plugins/com.st.stm32cube.ide.mcu.externaltools.gnu-tools-for-stm32.11.3.rel1.win32_1.1.100.202309141235/tools/bin/../lib/gcc/arm-none-eabi/11.3.1/../../../../arm-none-eabi/lib/thumb/v7e-m+fp/hard\libc_nano.a(libc_a-fstatr.o)
                0x0000000008009598                _fstat_r
 .text._isatty_r
                0x00000000080095bc       0x20 C:/STM32_Files/STM32CUBE_IDE/STM32CubeIDE_1.14.0/STM32CubeIDE/plugins/com.st.stm32cube.ide.mcu.externaltools.gnu-tools-for-stm32.11.3.rel1.win32_1.1.100.202309141235/tools/bin/../lib/gcc/arm-none-eabi/11.3.1/../../../../arm-none-eabi/lib/thumb/v7e-m+fp/hard\libc_nano.a(libc_a-isattyr.o)
                0x00000000080095bc                _isatty_r
 .text._sbrk_r  0x00000000080095dc       0x20 C:/STM32_Files/STM32CUBE_IDE/STM32CubeIDE_1.14.0/STM32CubeIDE/plugins/com.st.stm32cube.ide.mcu.externaltools.gnu-tools-for-stm32.11.3.rel1.win32_1.1.100.202309141235/tools/bin/../lib/gcc/arm-none-eabi/11.3.1/../../../../arm-none-eabi/lib/thumb/v7e-m+fp/hard\libc_nano.a(libc_a-sbrkr.o)
                0x00000000080095dc                _sbrk_r
 .text._realloc_r
                0x00000000080095fc       0x5e C:/STM32_Files/STM32CUBE_IDE/STM32CubeIDE_1.14.0/STM32CubeIDE/plugins/com.st.stm32cube.ide.mcu.externaltools.gnu-tools-for-stm32.11.3.rel1.win32_1.1.100.202309141235/tools/bin/../lib/gcc/arm-none-eabi/11.3.1/../../../../arm-none-eabi/lib/thumb/v7e-m+fp/hard\libc_nano.a(libc_a-reallocr.o)
                0x00000000080095fc                _realloc_r
 .text._malloc_usable_size_r
                0x000000000800965a       0x10 C:/STM32_Files/STM32CUBE_IDE/STM32CubeIDE_1.14.0/STM32CubeIDE/plugins/com.st.stm32cube.ide.mcu.externaltools.gnu-tools-for-stm32.11.3.rel1.win32_1.1.100.202309141235/tools/bin/../lib/gcc/arm-none-eabi/11.3.1/../../../../arm-none-eabi/lib/thumb/v7e-m+fp/hard\libc_nano.a(libc_a-msizer.o)
                0x000000000800965a                _malloc_usable_size_r
 *fill*         0x000000000800966a        0x2 
 .text.cosf     0x000000000800966c       0x88 C:/STM32_Files/STM32CUBE_IDE/STM32CubeIDE_1.14.0/STM32CubeIDE/plugins/com.st.stm32cube.ide.mcu.externaltools.gnu-tools-for-stm32.11.3.rel1.win32_1.1.100.202309141235/tools/bin/../lib/gcc/arm-none-eabi/11.3.1/../../../../arm-none-eabi/lib/thumb/v7e-m+fp/hard\libm.a(libm_a-sf_cos.o)
                0x000000000800966c                cosf
 .text.sinf     0x00000000080096f4       0x8c C:/STM32_Files/STM32CUBE_IDE/STM32CubeIDE_1.14.0/STM32CubeIDE/plugins/com.st.stm32cube.ide.mcu.externaltools.gnu-tools-for-stm32.11.3.rel1.win32_1.1.100.202309141235/tools/bin/../lib/gcc/arm-none-eabi/11.3.1/../../../../arm-none-eabi/lib/thumb/v7e-m+fp/hard\libm.a(libm_a-sf_sin.o)
                0x00000000080096f4                sinf
 .text.__kernel_cosf
                0x0000000008009780       0xbc C:/STM32_Files/STM32CUBE_IDE/STM32CubeIDE_1.14.0/STM32CubeIDE/plugins/com.st.stm32cube.ide.mcu.externaltools.gnu-tools-for-stm32.11.3.rel1.win32_1.1.100.202309141235/tools/bin/../lib/gcc/arm-none-eabi/11.3.1/../../../../arm-none-eabi/lib/thumb/v7e-m+fp/hard\libm.a(libm_a-kf_cos.o)
                0x0000000008009780                __kernel_cosf
 .text.__kernel_sinf
                0x000000000800983c       0x90 C:/STM32_Files/STM32CUBE_IDE/STM32CubeIDE_1.14.0/STM32CubeIDE/plugins/com.st.stm32cube.ide.mcu.externaltools.gnu-tools-for-stm32.11.3.rel1.win32_1.1.100.202309141235/tools/bin/../lib/gcc/arm-none-eabi/11.3.1/../../../../arm-none-eabi/lib/thumb/v7e-m+fp/hard\libm.a(libm_a-kf_sin.o)
                0x000000000800983c                __kernel_sinf
 .text.__ieee754_rem_pio2f
                0x00000000080098cc      0x258 C:/STM32_Files/STM32CUBE_IDE/STM32CubeIDE_1.14.0/STM32CubeIDE/plugins/com.st.stm32cube.ide.mcu.externaltools.gnu-tools-for-stm32.11.3.rel1.win32_1.1.100.202309141235/tools/bin/../lib/gcc/arm-none-eabi/11.3.1/../../../../arm-none-eabi/lib/thumb/v7e-m+fp/hard\libm.a(libm_a-ef_rem_pio2.o)
                0x00000000080098cc                __ieee754_rem_pio2f
 .text.fabsf    0x0000000008009b24        0xe C:/STM32_Files/STM32CUBE_IDE/STM32CubeIDE_1.14.0/STM32CubeIDE/plugins/com.st.stm32cube.ide.mcu.externaltools.gnu-tools-for-stm32.11.3.rel1.win32_1.1.100.202309141235/tools/bin/../lib/gcc/arm-none-eabi/11.3.1/../../../../arm-none-eabi/lib/thumb/v7e-m+fp/hard\libm.a(libm_a-sf_fabs.o)
                0x0000000008009b24                fabsf
 *fill*         0x0000000008009b32        0x2 
 .text.__kernel_rem_pio2f
                0x0000000008009b34      0x4e4 C:/STM32_Files/STM32CUBE_IDE/STM32CubeIDE_1.14.0/STM32CubeIDE/plugins/com.st.stm32cube.ide.mcu.externaltools.gnu-tools-for-stm32.11.3.rel1.win32_1.1.100.202309141235/tools/bin/../lib/gcc/arm-none-eabi/11.3.1/../../../../arm-none-eabi/lib/thumb/v7e-m+fp/hard\libm.a(libm_a-kf_rem_pio2.o)
                0x0000000008009b34                __kernel_rem_pio2f
 .text.scalbnf  0x000000000800a018       0xcc C:/STM32_Files/STM32CUBE_IDE/STM32CubeIDE_1.14.0/STM32CubeIDE/plugins/com.st.stm32cube.ide.mcu.externaltools.gnu-tools-for-stm32.11.3.rel1.win32_1.1.100.202309141235/tools/bin/../lib/gcc/arm-none-eabi/11.3.1/../../../../arm-none-eabi/lib/thumb/v7e-m+fp/hard\libm.a(libm_a-sf_scalbn.o)
                0x000000000800a018                scalbnf
 .text.floorf   0x000000000800a0e4       0x84 C:/STM32_Files/STM32CUBE_IDE/STM32CubeIDE_1.14.0/STM32CubeIDE/plugins/com.st.stm32cube.ide.mcu.externaltools.gnu-tools-for-stm32.11.3.rel1.win32_1.1.100.202309141235/tools/bin/../lib/gcc/arm-none-eabi/11.3.1/../../../../arm-none-eabi/lib/thumb/v7e-m+fp/hard\libm.a(libm_a-sf_floor.o)
                0x000000000800a0e4                floorf
 *(.glue_7)
 .glue_7        0x000000000800a168        0x0 linker stubs
 *(.glue_7t)
 .glue_7t       0x000000000800a168        0x0 linker stubs
 *(.eh_frame)
 .eh_frame      0x000000000800a168        0x0 C:/STM32_Files/STM32CUBE_IDE/STM32CubeIDE_1.14.0/STM32CubeIDE/plugins/com.st.stm32cube.ide.mcu.externaltools.gnu-tools-for-stm32.11.3.rel1.win32_1.1.100.202309141235/tools/bin/../lib/gcc/arm-none-eabi/11.3.1/thumb/v7e-m+fp/hard/crtbegin.o
 *(.init)
 .init          0x000000000800a168        0x4 C:/STM32_Files/STM32CUBE_IDE/STM32CubeIDE_1.14.0/STM32CubeIDE/plugins/com.st.stm32cube.ide.mcu.externaltools.gnu-tools-for-stm32.11.3.rel1.win32_1.1.100.202309141235/tools/bin/../lib/gcc/arm-none-eabi/11.3.1/thumb/v7e-m+fp/hard/crti.o
                0x000000000800a168                _init
 .init          0x000000000800a16c        0x8 C:/STM32_Files/STM32CUBE_IDE/STM32CubeIDE_1.14.0/STM32CubeIDE/plugins/com.st.stm32cube.ide.mcu.externaltools.gnu-tools-for-stm32.11.3.rel1.win32_1.1.100.202309141235/tools/bin/../lib/gcc/arm-none-eabi/11.3.1/thumb/v7e-m+fp/hard/crtn.o
 *(.fini)
 .fini          0x000000000800a174        0x4 C:/STM32_Files/STM32CUBE_IDE/STM32CubeIDE_1.14.0/STM32CubeIDE/plugins/com.st.stm32cube.ide.mcu.externaltools.gnu-tools-for-stm32.11.3.rel1.win32_1.1.100.202309141235/tools/bin/../lib/gcc/arm-none-eabi/11.3.1/thumb/v7e-m+fp/hard/crti.o
                0x000000000800a174                _fini
 .fini          0x000000000800a178        0x8 C:/STM32_Files/STM32CUBE_IDE/STM32CubeIDE_1.14.0/STM32CubeIDE/plugins/com.st.stm32cube.ide.mcu.externaltools.gnu-tools-for-stm32.11.3.rel1.win32_1.1.100.202309141235/tools/bin/../lib/gcc/arm-none-eabi/11.3.1/thumb/v7e-m+fp/hard/crtn.o
                0x000000000800a180                . = ALIGN (0x4)
                0x000000000800a180                _etext = .

.vfp11_veneer   0x000000000800a180        0x0
 .vfp11_veneer  0x000000000800a180        0x0 linker stubs

.v4_bx          0x000000000800a180        0x0
 .v4_bx         0x000000000800a180        0x0 linker stubs

.iplt           0x000000000800a180        0x0
 .iplt          0x000000000800a180        0x0 C:/STM32_Files/STM32CUBE_IDE/STM32CubeIDE_1.14.0/STM32CubeIDE/plugins/com.st.stm32cube.ide.mcu.externaltools.gnu-tools-for-stm32.11.3.rel1.win32_1.1.100.202309141235/tools/bin/../lib/gcc/arm-none-eabi/11.3.1/thumb/v7e-m+fp/hard/crtbegin.o

.rodata         0x000000000800a180      0x950
                0x000000000800a180                . = ALIGN (0x4)
 *(.rodata)
 .rodata        0x000000000800a180        0xf ./Core/Src/display_task.o
 *fill*         0x000000000800a18f        0x1 
 .rodata        0x000000000800a190      0x1b9 ./Core/Src/main.o
 *fill*         0x000000000800a349        0x3 
 .rodata        0x000000000800a34c        0x5 ./Middlewares/FreeRTOS/Source/tasks.o
 *fill*         0x000000000800a351        0x3 
 .rodata        0x000000000800a354        0xd ./Middlewares/FreeRTOS/Source/timers.o
 *(.rodata*)
 *fill*         0x000000000800a361        0x3 
 .rodata.B_pinv
                0x000000000800a364       0xc0 ./Core/Src/control_loop.o
 .rodata.kp     0x000000000800a424       0x18 ./Core/Src/control_loop.o
 .rodata.ki     0x000000000800a43c       0x18 ./Core/Src/control_loop.o
 .rodata.kd     0x000000000800a454       0x18 ./Core/Src/control_loop.o
 .rodata.kff    0x000000000800a46c       0x18 ./Core/Src/control_loop.o
 .rodata.FF_OFFSET
                0x000000000800a484       0x18 ./Core/Src/control_loop.o
 .rodata.I_CLAMP
                0x000000000800a49c       0x18 ./Core/Src/control_loop.o
 .rodata.U_MAX  0x000000000800a4b4       0x18 ./Core/Src/control_loop.o
 .rodata.AHBPrescTable
                0x000000000800a4cc       0x10 ./Core/Src/system_stm32f4xx.o
                0x000000000800a4cc                AHBPrescTable
 .rodata.dvl_sop
                0x000000000800a4dc        0x6 ./Devices/dvl/dvl.o
 *fill*         0x000000000800a4e2        0x2 
 .rodata.dvl_data_id
                0x000000000800a4e4        0x9 ./Devices/dvl/dvl.o
 *fill*         0x000000000800a4ed        0x3 
 .rodata.font5x7
                0x000000000800a4f0      0x1db ./Devices/oled/oled.o
 .rodata._svfprintf_r.str1.1
                0x000000000800a6cb       0x11 C:/STM32_Files/STM32CUBE_IDE/STM32CubeIDE_1.14.0/STM32CubeIDE/plugins/com.st.stm32cube.ide.mcu.externaltools.gnu-tools-for-stm32.11.3.rel1.win32_1.1.100.202309141235/tools/bin/../lib/gcc/arm-none-eabi/11.3.1/../../../../arm-none-eabi/lib/thumb/v7e-m+fp/hard\libc_nano.a(libc_a-nano-svfprintf.o)
 .rodata._vfprintf_r.str1.1
                0x000000000800a6dc       0x11 C:/STM32_Files/STM32CUBE_IDE/STM32CubeIDE_1.14.0/STM32CubeIDE/plugins/com.st.stm32cube.ide.mcu.externaltools.gnu-tools-for-stm32.11.3.rel1.win32_1.1.100.202309141235/tools/bin/../lib/gcc/arm-none-eabi/11.3.1/../../../../arm-none-eabi/lib/thumb/v7e-m+fp/hard\libc_nano.a(libc_a-nano-vfprintf.o)
 .rodata._printf_i.str1.1
                0x000000000800a6dc       0x22 C:/STM32_Files/STM32CUBE_IDE/STM32CubeIDE_1.14.0/STM32CubeIDE/plugins/com.st.stm32cube.ide.mcu.externaltools.gnu-tools-for-stm32.11.3.rel1.win32_1.1.100.202309141235/tools/bin/../lib/gcc/arm-none-eabi/11.3.1/../../../../arm-none-eabi/lib/thumb/v7e-m+fp/hard\libc_nano.a(libc_a-nano-vfprintf_i.o)
 *fill*         0x000000000800a6fe        0x2 
 .rodata.npio2_hw
                0x000000000800a700       0x80 C:/STM32_Files/STM32CUBE_IDE/STM32CubeIDE_1.14.0/STM32CubeIDE/plugins/com.st.stm32cube.ide.mcu.externaltools.gnu-tools-for-stm32.11.3.rel1.win32_1.1.100.202309141235/tools/bin/../lib/gcc/arm-none-eabi/11.3.1/../../../../arm-none-eabi/lib/thumb/v7e-m+fp/hard\libm.a(libm_a-ef_rem_pio2.o)
 .rodata.two_over_pi
                0x000000000800a780      0x318 C:/STM32_Files/STM32CUBE_IDE/STM32CubeIDE_1.14.0/STM32CubeIDE/plugins/com.st.stm32cube.ide.mcu.externaltools.gnu-tools-for-stm32.11.3.rel1.win32_1.1.100.202309141235/tools/bin/../lib/gcc/arm-none-eabi/11.3.1/../../../../arm-none-eabi/lib/thumb/v7e-m+fp/hard\libm.a(libm_a-ef_rem_pio2.o)
 .rodata.PIo2   0x000000000800aa98       0x2c C:/STM32_Files/STM32CUBE_IDE/STM32CubeIDE_1.14.0/STM32CubeIDE/plugins/com.st.stm32cube.ide.mcu.externaltools.gnu-tools-for-stm32.11.3.rel1.win32_1.1.100.202309141235/tools/bin/../lib/gcc/arm-none-eabi/11.3.1/../../../../arm-none-eabi/lib/thumb/v7e-m+fp/hard\libm.a(libm_a-kf_rem_pio2.o)
 .rodata.init_jk
                0x000000000800aac4        0xc C:/STM32_Files/STM32CUBE_IDE/STM32CubeIDE_1.14.0/STM32CubeIDE/plugins/com.st.stm32cube.ide.mcu.externaltools.gnu-tools-for-stm32.11.3.rel1.win32_1.1.100.202309141235/tools/bin/../lib/gcc/arm-none-eabi/11.3.1/../../../../arm-none-eabi/lib/thumb/v7e-m+fp/hard\libm.a(libm_a-kf_rem_pio2.o)
                0x000000000800aad0                . = ALIGN (0x4)

.rel.dyn        0x000000000800aad0        0x0
 .rel.iplt      0x000000000800aad0        0x0 C:/STM32_Files/STM32CUBE_IDE/STM32CubeIDE_1.14.0/STM32CubeIDE/plugins/com.st.stm32cube.ide.mcu.externaltools.gnu-tools-for-stm32.11.3.rel1.win32_1.1.100.202309141235/tools/bin/../lib/gcc/arm-none-eabi/11.3.1/thumb/v7e-m+fp/hard/crtbegin.o

.ARM.extab      0x000000000800aad0        0x0
                0x000000000800aad0                . = ALIGN (0x4)
 *(.ARM.extab* .gnu.linkonce.armextab.*)
                0x000000000800aad0                . = ALIGN (0x4)

.ARM            0x000000000800aad0        0x0
                0x000000000800aad0                . = ALIGN (0x4)
                0x000000000800aad0                __exidx_start = .
 *(.ARM.exidx*)
                0x000000000800aad0                __exidx_end = .
                0x000000000800aad0                . = ALIGN (0x4)

.preinit_array  0x000000000800aad0        0x0
                0x000000000800aad0                . = ALIGN (0x4)
                0x000000000800aad0                PROVIDE (__preinit_array_start = .)
 *(.preinit_array*)
                0x000000000800aad0                PROVIDE (__preinit_array_end = .)
                0x000000000800aad0                . = ALIGN (0x4)

.init_array     0x000000000800aad0        0x4
                0x000000000800aad0                . = ALIGN (0x4)
                0x000000000800aad0                PROVIDE (__init_array_start = .)
 *(SORT_BY_NAME(.init_array.*))
 *(.init_array*)
 .init_array    0x000000000800aad0        0x4 C:/STM32_Files/STM32CUBE_IDE/STM32CubeIDE_1.14.0/STM32CubeIDE/plugins/com.st.stm32cube.ide.mcu.externaltools.gnu-tools-for-stm32.11.3.rel1.win32_1.1.100.202309141235/tools/bin/../lib/gcc/arm-none-eabi/11.3.1/thumb/v7e-m+fp/hard/crtbegin.o
                0x000000000800aad4                PROVIDE (__init_array_end = .)
                0x000000000800aad4                . = ALIGN (0x4)

.fini_array     0x000000000800aad4        0x4
                0x000000000800aad4                . = ALIGN (0x4)
                [!provide]                        PROVIDE (__fini_array_start = .)
 *(SORT_BY_NAME(.fini_array.*))
 *(.fini_array*)
 .fini_array    0x000000000800aad4        0x4 C:/STM32_Files/STM32CUBE_IDE/STM32CubeIDE_1.14.0/STM32CubeIDE/plugins/com.st.stm32cube.ide.mcu.externaltools.gnu-tools-for-stm32.11.3.rel1.win32_1.1.100.202309141235/tools/bin/../lib/gcc/arm-none-eabi/11.3.1/thumb/v7e-m+fp/hard/crtbegin.o
                [!provide]                        PROVIDE (__fini_array_end = .)
                0x000000000800aad8                . = ALIGN (0x4)
                0x000000000800aad8                _sidata = LOADADDR (.data)

.data           0x0000000020000000       0x68 load address 0x000000000800aad8
                0x0000000020000000                . = ALIGN (0x4)
                0x0000000020000000                _sdata = .
 *(.data)
 *(.data*)
 .data.SystemCoreClock
                0x0000000020000000        0x4 ./Core/Src/system_stm32f4xx.o
                0x0000000020000000                SystemCoreClock
 .data.uxTopUsedPriority
                0x0000000020000004        0x4 ./Middlewares/FreeRTOS/Source/tasks.o
 .data.uxCriticalNesting
                0x0000000020000008        0x4 ./Middlewares/FreeRTOS/Source/portable/GCC/ARM_CM4F/port.o
 .data.__sglue  0x000000002000000c        0xc C:/STM32_Files/STM32CUBE_IDE/STM32CubeIDE_1.14.0/STM32CubeIDE/plugins/com.st.stm32cube.ide.mcu.externaltools.gnu-tools-for-stm32.11.3.rel1.win32_1.1.100.202309141235/tools/bin/../lib/gcc/arm-none-eabi/11.3.1/../../../../arm-none-eabi/lib/thumb/v7e-m+fp/hard\libc_nano.a(libc_a-findfp.o)
                0x000000002000000c                __sglue
 .data._impure_data
                0x0000000020000018       0x4c C:/STM32_Files/STM32CUBE_IDE/STM32CubeIDE_1.14.0/STM32CubeIDE/plugins/com.st.stm32cube.ide.mcu.externaltools.gnu-tools-for-stm32.11.3.rel1.win32_1.1.100.202309141235/tools/bin/../lib/gcc/arm-none-eabi/11.3.1/../../../../arm-none-eabi/lib/thumb/v7e-m+fp/hard\libc_nano.a(libc_a-impure.o)
                0x0000000020000018                _impure_data
 .data._impure_ptr
                0x0000000020000064        0x4 C:/STM32_Files/STM32CUBE_IDE/STM32CubeIDE_1.14.0/STM32CubeIDE/plugins/com.st.stm32cube.ide.mcu.externaltools.gnu-tools-for-stm32.11.3.rel1.win32_1.1.100.202309141235/tools/bin/../lib/gcc/arm-none-eabi/11.3.1/../../../../arm-none-eabi/lib/thumb/v7e-m+fp/hard\libc_nano.a(libc_a-impure.o)
                0x0000000020000064                _impure_ptr
 *(.RamFunc)
 *(.RamFunc*)
                0x0000000020000068                . = ALIGN (0x4)
                0x0000000020000068                _edata = .

.igot.plt       0x0000000020000068        0x0 load address 0x000000000800ab40
 .igot.plt      0x0000000020000068        0x0 C:/STM32_Files/STM32CUBE_IDE/STM32CubeIDE_1.14.0/STM32CubeIDE/plugins/com.st.stm32cube.ide.mcu.externaltools.gnu-tools-for-stm32.11.3.rel1.win32_1.1.100.202309141235/tools/bin/../lib/gcc/arm-none-eabi/11.3.1/thumb/v7e-m+fp/hard/crtbegin.o
                0x0000000020000068                . = ALIGN (0x4)

.bss            0x0000000020000068     0x67d8 load address 0x000000000800ab40
                0x0000000020000068                _sbss = .
                0x0000000020000068                __bss_start__ = _sbss
 *(.bss)
 .bss           0x0000000020000068       0x1c C:/STM32_Files/STM32CUBE_IDE/STM32CubeIDE_1.14.0/STM32CubeIDE/plugins/com.st.stm32cube.ide.mcu.externaltools.gnu-tools-for-stm32.11.3.rel1.win32_1.1.100.202309141235/tools/bin/../lib/gcc/arm-none-eabi/11.3.1/thumb/v7e-m+fp/hard/crtbegin.o
 *(.bss*)
 .bss.bar30Queue
                0x0000000020000084        0x4 ./Core/Src/bar30_task.o
                0x0000000020000084                bar30Queue
 .bss.commsTaskHandle
                0x0000000020000088        0x4 ./Core/Src/comms_task.o
                0x0000000020000088                commsTaskHandle
 .bss.commandQueue
                0x000000002000008c        0x4 ./Core/Src/comms_task.o
                0x000000002000008c                commandQueue
 .bss.g_state   0x0000000020000090       0x20 ./Core/Src/comp_filter.o
 .bss.controlTaskHandle
                0x00000000200000b0        0x4 ./Core/Src/control_loop.o
                0x00000000200000b0                controlTaskHandle
 .bss.pose      0x00000000200000b4       0x18 ./Core/Src/control_loop.o
 .bss.target    0x00000000200000cc       0x18 ./Core/Src/control_loop.o
 .bss.errState  0x00000000200000e4       0x18 ./Core/Src/control_loop.o
 .bss.errPrev   0x00000000200000fc       0x18 ./Core/Src/control_loop.o
 .bss.errInt    0x0000000020000114       0x18 ./Core/Src/control_loop.o
 .bss.U         0x000000002000012c       0x18 ./Core/Src/control_loop.o
 .bss.T_out     0x0000000020000144       0x20 ./Core/Src/control_loop.o
 .bss.g_pwm_current
                0x0000000020000164       0x20 ./Core/Src/control_loop.o
 .bss.g_armed   0x0000000020000184        0x1 ./Core/Src/control_loop.o
 *fill*         0x0000000020000185        0x3 
 .bss.last_cmd_tick
                0x0000000020000188        0x4 ./Core/Src/control_loop.o
 .bss.link_ok   0x000000002000018c        0x1 ./Core/Src/control_loop.o
                0x000000002000018c                link_ok
 *fill*         0x000000002000018d        0x3 
 .bss.log_tick_count.0
                0x0000000020000190        0x4 ./Core/Src/control_loop.o
 .bss.spiRequestQueue
                0x0000000020000194        0x4 ./Core/Src/display_task.o
                0x0000000020000194                spiRequestQueue
 .bss.dvlQueue  0x0000000020000198        0x4 ./Core/Src/dvl_task.o
                0x0000000020000198                dvlQueue
 .bss.stateQueue
                0x000000002000019c        0x4 ./Core/Src/filter_task.o
                0x000000002000019c                stateQueue
 .bss.logQueue  0x00000000200001a0        0x4 ./Core/Src/logging_task.o
                0x00000000200001a0                logQueue
 .bss.bar30TaskHandle
                0x00000000200001a4        0x4 ./Core/Src/main.o
 .bss.filterTaskHandle
                0x00000000200001a8        0x4 ./Core/Src/main.o
 .bss.displayTaskHandle
                0x00000000200001ac        0x4 ./Core/Src/main.o
 .bss.loggingTaskHandle
                0x00000000200001b0        0x4 ./Core/Src/main.o
 .bss.dummyTaskHandle
                0x00000000200001b4        0x4 ./Core/Src/main.o
 .bss.__sbrk_heap_end
                0x00000000200001b8        0x4 ./Core/Src/sysmem.o
 .bss.vn200Queue
                0x00000000200001bc        0x4 ./Core/Src/vn200_task.o
                0x00000000200001bc                vn200Queue
 .bss.prom      0x00000000200001c0       0x10 ./Devices/bar30/bar30.o
 .bss.dvl_packet
                0x00000000200001d0       0x74 ./Devices/dvl/dvl.o
 .bss.dvl_index
                0x0000000020000244        0x2 ./Devices/dvl/dvl.o
 .bss.dvl_sop_index
                0x0000000020000246        0x1 ./Devices/dvl/dvl.o
 .bss.dvl_state
                0x0000000020000247        0x1 ./Devices/dvl/dvl.o
 .bss.dvl_latest
                0x0000000020000248       0x4c ./Devices/dvl/dvl.o
 .bss.framebuf  0x0000000020000294      0x400 ./Devices/oled/oled.o
 .bss.vn200_packet
                0x0000000020000694       0x2c ./Devices/vn200/vn200.o
 .bss.vn200_index
                0x00000000200006c0        0x2 ./Devices/vn200/vn200.o
 *fill*         0x00000000200006c2        0x2 
 .bss.vn200_latest
                0x00000000200006c4       0x28 ./Devices/vn200/vn200.o
 .bss.dma3_rx_buf
                0x00000000200006ec      0x100 ./Drivers/uart/uart3.o
 .bss.last_dma_pos
                0x00000000200007ec        0x2 ./Drivers/uart/uart3.o
 *fill*         0x00000000200007ee        0x2 
 .bss.uart3_rx_buf
                0x00000000200007f0      0x100 ./Drivers/uart/uart3.o
 .bss.uart3_rx_head
                0x00000000200008f0        0x2 ./Drivers/uart/uart3.o
 .bss.uart3_rx_tail
                0x00000000200008f2        0x2 ./Drivers/uart/uart3.o
 .bss.vn200TaskHandle
                0x00000000200008f4        0x4 ./Drivers/uart/uart3.o
                0x00000000200008f4                vn200TaskHandle
 .bss.dma4_rx_buf
                0x00000000200008f8      0x100 ./Drivers/uart/uart4.o
 .bss.last_dma_pos
                0x00000000200009f8        0x2 ./Drivers/uart/uart4.o
 *fill*         0x00000000200009fa        0x2 
 .bss.uart4_rx_buf
                0x00000000200009fc      0x100 ./Drivers/uart/uart4.o
 .bss.uart4_rx_head
                0x0000000020000afc        0x2 ./Drivers/uart/uart4.o
 .bss.uart4_rx_tail
                0x0000000020000afe        0x2 ./Drivers/uart/uart4.o
 .bss.dvlTaskHandle
                0x0000000020000b00        0x4 ./Drivers/uart/uart4.o
                0x0000000020000b00                dvlTaskHandle
 .bss.dma_rx_buf
                0x0000000020000b04      0x100 ./Drivers/uart/uart_packet.o
 .bss.last_dma_pos
                0x0000000020000c04        0x2 ./Drivers/uart/uart_packet.o
 *fill*         0x0000000020000c06        0x2 
 .bss.xQueueRegistry
                0x0000000020000c08       0x40 ./Middlewares/FreeRTOS/Source/queue.o
                0x0000000020000c08                xQueueRegistry
 .bss.pxCurrentTCB
                0x0000000020000c48        0x4 ./Middlewares/FreeRTOS/Source/tasks.o
                0x0000000020000c48                pxCurrentTCB
 .bss.pxReadyTasksLists
                0x0000000020000c4c       0xa0 ./Middlewares/FreeRTOS/Source/tasks.o
 .bss.xDelayedTaskList1
                0x0000000020000cec       0x14 ./Middlewares/FreeRTOS/Source/tasks.o
 .bss.xDelayedTaskList2
                0x0000000020000d00       0x14 ./Middlewares/FreeRTOS/Source/tasks.o
 .bss.pxDelayedTaskList
                0x0000000020000d14        0x4 ./Middlewares/FreeRTOS/Source/tasks.o
 .bss.pxOverflowDelayedTaskList
                0x0000000020000d18        0x4 ./Middlewares/FreeRTOS/Source/tasks.o
 .bss.xPendingReadyList
                0x0000000020000d1c       0x14 ./Middlewares/FreeRTOS/Source/tasks.o
 .bss.xTasksWaitingTermination
                0x0000000020000d30       0x14 ./Middlewares/FreeRTOS/Source/tasks.o
 .bss.uxDeletedTasksWaitingCleanUp
                0x0000000020000d44        0x4 ./Middlewares/FreeRTOS/Source/tasks.o
 .bss.xSuspendedTaskList
                0x0000000020000d48       0x14 ./Middlewares/FreeRTOS/Source/tasks.o
 .bss.uxCurrentNumberOfTasks
                0x0000000020000d5c        0x4 ./Middlewares/FreeRTOS/Source/tasks.o
 .bss.xTickCount
                0x0000000020000d60        0x4 ./Middlewares/FreeRTOS/Source/tasks.o
 .bss.uxTopReadyPriority
                0x0000000020000d64        0x4 ./Middlewares/FreeRTOS/Source/tasks.o
 .bss.xSchedulerRunning
                0x0000000020000d68        0x4 ./Middlewares/FreeRTOS/Source/tasks.o
 .bss.xPendedTicks
                0x0000000020000d6c        0x4 ./Middlewares/FreeRTOS/Source/tasks.o
 .bss.xYieldPendings
                0x0000000020000d70        0x4 ./Middlewares/FreeRTOS/Source/tasks.o
 .bss.xNumOfOverflows
                0x0000000020000d74        0x4 ./Middlewares/FreeRTOS/Source/tasks.o
 .bss.uxTaskNumber
                0x0000000020000d78        0x4 ./Middlewares/FreeRTOS/Source/tasks.o
 .bss.xNextTaskUnblockTime
                0x0000000020000d7c        0x4 ./Middlewares/FreeRTOS/Source/tasks.o
 .bss.xIdleTaskHandles
                0x0000000020000d80        0x4 ./Middlewares/FreeRTOS/Source/tasks.o
 .bss.uxSchedulerSuspended
                0x0000000020000d84        0x4 ./Middlewares/FreeRTOS/Source/tasks.o
 .bss.xActiveTimerList1
                0x0000000020000d88       0x14 ./Middlewares/FreeRTOS/Source/timers.o
 .bss.xActiveTimerList2
                0x0000000020000d9c       0x14 ./Middlewares/FreeRTOS/Source/timers.o
 .bss.pxCurrentTimerList
                0x0000000020000db0        0x4 ./Middlewares/FreeRTOS/Source/timers.o
 .bss.pxOverflowTimerList
                0x0000000020000db4        0x4 ./Middlewares/FreeRTOS/Source/timers.o
 .bss.xTimerQueue
                0x0000000020000db8        0x4 ./Middlewares/FreeRTOS/Source/timers.o
 .bss.xTimerTaskHandle
                0x0000000020000dbc        0x4 ./Middlewares/FreeRTOS/Source/timers.o
 .bss.xLastTime.0
                0x0000000020000dc0        0x4 ./Middlewares/FreeRTOS/Source/timers.o
 .bss.ucMaxSysCallPriority
                0x0000000020000dc4        0x1 ./Middlewares/FreeRTOS/Source/portable/GCC/ARM_CM4F/port.o
 *fill*         0x0000000020000dc5        0x3 
 .bss.ulMaxPRIGROUPValue
                0x0000000020000dc8        0x4 ./Middlewares/FreeRTOS/Source/portable/GCC/ARM_CM4F/port.o
 .bss.ucHeap    0x0000000020000dcc     0x5800 ./Middlewares/FreeRTOS/Source/portable/MemMang/heap_4.o
 .bss.xStart    0x00000000200065cc        0x8 ./Middlewares/FreeRTOS/Source/portable/MemMang/heap_4.o
 .bss.pxEnd     0x00000000200065d4        0x4 ./Middlewares/FreeRTOS/Source/portable/MemMang/heap_4.o
 .bss.xFreeBytesRemaining
                0x00000000200065d8        0x4 ./Middlewares/FreeRTOS/Source/portable/MemMang/heap_4.o
 .bss.xMinimumEverFreeBytesRemaining
                0x00000000200065dc        0x4 ./Middlewares/FreeRTOS/Source/portable/MemMang/heap_4.o
 .bss.xNumberOfSuccessfulAllocations
                0x00000000200065e0        0x4 ./Middlewares/FreeRTOS/Source/portable/MemMang/heap_4.o
 .bss.xNumberOfSuccessfulFrees
                0x00000000200065e4        0x4 ./Middlewares/FreeRTOS/Source/portable/MemMang/heap_4.o
 .bss.rx_buf    0x00000000200065e8      0x100 ./Protocol/ring_buffer.o
 .bss.rx_head   0x00000000200066e8        0x2 ./Protocol/ring_buffer.o
 .bss.rx_tail   0x00000000200066ea        0x2 ./Protocol/ring_buffer.o
 .bss.rx_count  0x00000000200066ec        0x2 ./Protocol/ring_buffer.o
 *fill*         0x00000000200066ee        0x2 
 .bss.current_block
                0x00000000200066f0        0x4 ./Protocol/sd_card/sd_logger.o
 .bss.__sf      0x00000000200066f4      0x138 C:/STM32_Files/STM32CUBE_IDE/STM32CubeIDE_1.14.0/STM32CubeIDE/plugins/com.st.stm32cube.ide.mcu.externaltools.gnu-tools-for-stm32.11.3.rel1.win32_1.1.100.202309141235/tools/bin/../lib/gcc/arm-none-eabi/11.3.1/../../../../arm-none-eabi/lib/thumb/v7e-m+fp/hard\libc_nano.a(libc_a-findfp.o)
                0x00000000200066f4                __sf
 .bss.__stdio_exit_handler
                0x000000002000682c        0x4 C:/STM32_Files/STM32CUBE_IDE/STM32CubeIDE_1.14.0/STM32CubeIDE/plugins/com.st.stm32cube.ide.mcu.externaltools.gnu-tools-for-stm32.11.3.rel1.win32_1.1.100.202309141235/tools/bin/../lib/gcc/arm-none-eabi/11.3.1/../../../../arm-none-eabi/lib/thumb/v7e-m+fp/hard\libc_nano.a(libc_a-findfp.o)
                0x000000002000682c                __stdio_exit_handler
 .bss.errno     0x0000000020006830        0x4 C:/STM32_Files/STM32CUBE_IDE/STM32CubeIDE_1.14.0/STM32CubeIDE/plugins/com.st.stm32cube.ide.mcu.externaltools.gnu-tools-for-stm32.11.3.rel1.win32_1.1.100.202309141235/tools/bin/../lib/gcc/arm-none-eabi/11.3.1/../../../../arm-none-eabi/lib/thumb/v7e-m+fp/hard\libc_nano.a(libc_a-reent.o)
                0x0000000020006830                errno
 .bss.__lock___malloc_recursive_mutex
                0x0000000020006834        0x1 C:/STM32_Files/STM32CUBE_IDE/STM32CubeIDE_1.14.0/STM32CubeIDE/plugins/com.st.stm32cube.ide.mcu.externaltools.gnu-tools-for-stm32.11.3.rel1.win32_1.1.100.202309141235/tools/bin/../lib/gcc/arm-none-eabi/11.3.1/../../../../arm-none-eabi/lib/thumb/v7e-m+fp/hard\libc_nano.a(libc_a-lock.o)
                0x0000000020006834                __lock___malloc_recursive_mutex
 .bss.__lock___sfp_recursive_mutex
                0x0000000020006835        0x1 C:/STM32_Files/STM32CUBE_IDE/STM32CubeIDE_1.14.0/STM32CubeIDE/plugins/com.st.stm32cube.ide.mcu.externaltools.gnu-tools-for-stm32.11.3.rel1.win32_1.1.100.202309141235/tools/bin/../lib/gcc/arm-none-eabi/11.3.1/../../../../arm-none-eabi/lib/thumb/v7e-m+fp/hard\libc_nano.a(libc_a-lock.o)
                0x0000000020006835                __lock___sfp_recursive_mutex
 *fill*         0x0000000020006836        0x2 
 .bss.__malloc_free_list
                0x0000000020006838        0x4 C:/STM32_Files/STM32CUBE_IDE/STM32CubeIDE_1.14.0/STM32CubeIDE/plugins/com.st.stm32cube.ide.mcu.externaltools.gnu-tools-for-stm32.11.3.rel1.win32_1.1.100.202309141235/tools/bin/../lib/gcc/arm-none-eabi/11.3.1/../../../../arm-none-eabi/lib/thumb/v7e-m+fp/hard\libc_nano.a(libc_a-mallocr.o)
                0x0000000020006838                __malloc_free_list
 .bss.__malloc_sbrk_start