Archive member included to satisfy reference by file (symbol)

C:/STM32_Files/STM32CUBE_IDE/STM32CubeIDE_1.14.0/STM32CubeIDE/plugins/com.st.stm32cube.ide.mcu.externaltools.gnu-tools-for-stm32.11.3.rel1.win32_1.1.100.202309141235/tools/bin/../lib/gcc/arm-none-eabi/11.3.1/../../../../arm-none-eabi/lib/thumb/v7e-m+fp/hard\libc_nano.a(libc_a-exit.o)
                              C:/STM32_Files/STM32CUBE_IDE/STM32CubeIDE_1.14.0/STM32CubeIDE/plugins/com.st.stm32cube.ide.mcu.externaltools.gnu-tools-for-stm32.11.3.rel1.win32_1.1.100.202309141235/tools/bin/../lib/gcc/arm-none-eabi/11.3.1/../../../../arm-none-eabi/lib/thumb/v7e-m+fp/hard/crt0.o (exit)
C:/STM32_Files/STM32CUBE_IDE/STM32CubeIDE_1.14.0/STM32CubeIDE/plugins/com.st.stm32cube.ide.mcu.externaltools.gnu-tools-for-stm32.11.3.rel1.win32_1.1.100.202309141235/tools/bin/../lib/gcc/arm-none-eabi/11.3.1/../../../../arm-none-eabi/lib/thumb/v7e-m+fp/hard\libc_nano.a(libc_a-findfp.o)
                              C:/STM32_Files/STM32CUBE_IDE/STM32CubeIDE_1.14.0/STM32CubeIDE/plugins/com.st.stm32cube.ide.mcu.externaltools.gnu-tools-for-stm32.11.3.rel1.win32_1.1.100.202309141235/tools/bin/../lib/gcc/arm-none-eabi/11.3.1/../../../../arm-none-eabi/lib/thumb/v7e-m+fp/hard\libc_nano.a(libc_a-exit.o) (__stdio_exit_handler)
C:/STM32_Files/STM32CUBE_IDE/STM32CubeIDE_1.14.0/STM32CubeIDE/plugins/com.st.stm32cube.ide.mcu.externaltools.gnu-tools-for-stm32.11.3.rel1.win32_1.1.100.202309141235/tools/bin/../lib/gcc/arm-none-eabi/11.3.1/../../../../arm-none-eabi/lib/thumb/v7e-m+fp/hard\libc_nano.a(libc_a-fwalk.o)
                              C:/STM32_Files/STM32CUBE_IDE/STM32CubeIDE_1.14.0/STM32CubeIDE/plugins/com.st.stm32cube.ide.mcu.externaltools.gnu-tools-for-stm32.11.3.rel1.win32_1.1.100.202309141235/tools/bin/../lib/gcc/arm-none-eabi/11.3.1/../../../../arm-none-eabi/lib/thumb/v7e-m+fp/hard\libc_nano.a(libc_a-findfp.o) (_fwalk_sglue)
C:/STM32_Files/STM32CUBE_IDE/STM32CubeIDE_1.14.0/STM32CubeIDE/plugins/com.st.stm32cube.ide.mcu.externaltools.gnu-tools-for-stm32.11.3.rel1.win32_1.1.100.202309141235/tools/bin/../lib/gcc/arm-none-eabi/11.3.1/../../../../arm-none-eabi/lib/thumb/v7e-m+fp/hard\libc_nano.a(libc_a-puts.o)
                              ./Core/Src/main.o (puts)
C:/STM32_Files/STM32CUBE_IDE/STM32CubeIDE_1.14.0/STM32CubeIDE/plugins/com.st.stm32cube.ide.mcu.externaltools.gnu-tools-for-stm32.11.3.rel1.win32_1.1.100.202309141235/tools/bin/../lib/gcc/arm-none-eabi/11.3.1/../../../../arm-none-eabi/lib/thumb/v7e-m+fp/hard\libc_nano.a(libc_a-stdio.o)
                              C:/STM32_Files/STM32CUBE_IDE/STM32CubeIDE_1.14.0/STM32CubeIDE/plugins/com.st.stm32cube.ide.mcu.externaltools.gnu-tools-for-stm32.11.3.rel1.win32_1.1.100.202309141235/tools/bin/../lib/gcc/arm-none-eabi/11.3.1/../../../../arm-none-eabi/lib/thumb/v7e-m+fp/hard\libc_nano.a(libc_a-findfp.o) (__sread)
C:/STM32_Files/STM32CUBE_IDE/STM32CubeIDE_1.14.0/STM32CubeIDE/plugins/com.st.stm32cube.ide.mcu.externaltools.gnu-tools-for-stm32.11.3.rel1.win32_1.1.100.202309141235/tools/bin/../lib/gcc/arm-none-eabi/11.3.1/../../../../arm-none-eabi/lib/thumb/v7e-m+fp/hard\libc_nano.a(libc_a-wbuf.o)
                              C:/STM32_Files/STM32CUBE_IDE/STM32CubeIDE_1.14.0/STM32CubeIDE/plugins/com.st.stm32cube.ide.mcu.externaltools.gnu-tools-for-stm32.11.3.rel1.win32_1.1.100.202309141235/tools/bin/../lib/gcc/arm-none-eabi/11.3.1/../../../../arm-none-eabi/lib/thumb/v7e-m+fp/hard\libc_nano.a(libc_a-puts.o) (__swbuf_r)
C:/STM32_Files/STM32CUBE_IDE/STM32CubeIDE_1.14.0/STM32CubeIDE/plugins/com.st.stm32cube.ide.mcu.externaltools.gnu-tools-for-stm32.11.3.rel1.win32_1.1.100.202309141235/tools/bin/../lib/gcc/arm-none-eabi/11.3.1/../../../../arm-none-eabi/lib/thumb/v7e-m+fp/hard\libc_nano.a(libc_a-wsetup.o)
                              C:/STM32_Files/STM32CUBE_IDE/STM32CubeIDE_1.14.0/STM32CubeIDE/plugins/com.st.stm32cube.ide.mcu.externaltools.gnu-tools-for-stm32.11.3.rel1.win32_1.1.100.202309141235/tools/bin/../lib/gcc/arm-none-eabi/11.3.1/../../../../arm-none-eabi/lib/thumb/v7e-m+fp/hard\libc_nano.a(libc_a-puts.o) (__swsetup_r)
C:/STM32_Files/STM32CUBE_IDE/STM32CubeIDE_1.14.0/STM32CubeIDE/plugins/com.st.stm32cube.ide.mcu.externaltools.gnu-tools-for-stm32.11.3.rel1.win32_1.1.100.202309141235/tools/bin/../lib/gcc/arm-none-eabi/11.3.1/../../../../arm-none-eabi/lib/thumb/v7e-m+fp/hard\libc_nano.a(libc_a-memset.o)
                              C:/STM32_Files/STM32CUBE_IDE/STM32CubeIDE_1.14.0/STM32CubeIDE/plugins/com.st.stm32cube.ide.mcu.externaltools.gnu-tools-for-stm32.11.3.rel1.win32_1.1.100.202309141235/tools/bin/../lib/gcc/arm-none-eabi/11.3.1/../../../../arm-none-eabi/lib/thumb/v7e-m+fp/hard/crt0.o (memset)
C:/STM32_Files/STM32CUBE_IDE/STM32CubeIDE_1.14.0/STM32CubeIDE/plugins/com.st.stm32cube.ide.mcu.externaltools.gnu-tools-for-stm32.11.3.rel1.win32_1.1.100.202309141235/tools/bin/../lib/gcc/arm-none-eabi/11.3.1/../../../../arm-none-eabi/lib/thumb/v7e-m+fp/hard\libc_nano.a(libc_a-closer.o)
[...]
Memory Configuration

Name             Origin             Length             Attributes
RAM              0x0000000020000000 0x0000000000020000 xrw
FLASH            0x0000000008000000 0x0000000000080000 xr
*default*        0x0000000000000000 0xffffffffffffffff

Linker script and memory map

LOAD C:/STM32_Files/STM32CUBE_IDE/STM32CubeIDE_1.14.0/STM32CubeIDE/plugins/com.st.stm32cube.ide.mcu.externaltools.gnu-tools-for-stm32.11.3.rel1.win32_1.1.100.202309141235/tools/bin/../lib/gcc/arm-none-eabi/11.3.1/thumb/v7e-m+fp/hard/crti.o
LOAD C:/STM32_Files/STM32CUBE_IDE/STM32CubeIDE_1.14.0/STM32CubeIDE/plugins/com.st.stm32cube.ide.mcu.externaltools.gnu-tools-for-stm32.11.3.rel1.win32_1.1.100.202309141235/tools/bin/../lib/gcc/arm-none-eabi/11.3.1/thumb/v7e-m+fp/hard/crtbegin.o
LOAD C:/STM32_Files/STM32CUBE_IDE/STM32CubeIDE_1.14.0/STM32CubeIDE/plugins/com.st.stm32cube.ide.mcu.externaltools.gnu-tools-for-stm32.11.3.rel1.win32_1.1.100.202309141235/tools/bin/../lib/gcc/arm-none-eabi/11.3.1/../../../../arm-none-eabi/lib/thumb/v7e-m+fp/hard/crt0.o
LOAD ./Core/Src/bar30_task.o
LOAD ./Core/Src/comms_task.o
LOAD ./Core/Src/comp_filter.o
LOAD ./Core/Src/control_loop.o
LOAD ./Core/Src/dvl_task.o
LOAD ./Core/Src/filter_task.o
LOAD ./Core/Src/main.o
LOAD ./Core/Src/stm32f4xx_it.o
LOAD ./Core/Src/syscalls.o
LOAD ./Core/Src/sysmem.o
LOAD ./Core/Src/system_init.o
LOAD ./Core/Src/system_stm32f4xx.o
LOAD ./Core/Src/vn200_task.o
LOAD ./Core/Startup/startup_stm32f446retx.o
LOAD ./Devices/bar30/bar30.o
LOAD ./Devices/dvl/dvl.o
LOAD ./Devices/oled/oled.o
LOAD ./Devices/vn200/vn200.o
LOAD ./Drivers/adc/adc.o
LOAD ./Drivers/crc_hw/crc_hw.o
LOAD ./Drivers/dac/dac.o
LOAD ./Drivers/gpio/gpio.o
LOAD ./Drivers/i2c/i2c.o
LOAD ./Drivers/iwdg/iwdg.o
LOAD ./Drivers/spi/spi.o
LOAD ./Drivers/timer/timer_basic.o
LOAD ./Drivers/timer/timer_pwm.o
LOAD ./Drivers/timer/timer_timebase.o
LOAD ./Drivers/uart/uart.o
LOAD ./Drivers/uart/uart3.o
LOAD ./Drivers/uart/uart4.o
LOAD ./Drivers/uart/uart_packet.o
LOAD ./Middlewares/FreeRTOS/Source/event_groups.o
LOAD ./Middlewares/FreeRTOS/Source/list.o
LOAD ./Middlewares/FreeRTOS/Source/queue.o
LOAD ./Middlewares/FreeRTOS/Source/tasks.o
LOAD ./Middlewares/FreeRTOS/Source/timers.o
LOAD ./Middlewares/FreeRTOS/Source/portable/GCC/ARM_CM4F/port.o
LOAD ./Middlewares/FreeRTOS/Source/portable/MemMang/heap_4.o
LOAD ./Protocol/packet.o
LOAD ./Protocol/ring_buffer.o
LOAD ./Protocol/struct.o
LOAD ./Protocol/sd_card/sd_card.o
LOAD ./Protocol/sd_card/sd_logger.o
START GROUP
LOAD C:/STM32_Files/STM32CUBE_IDE/STM32CubeIDE_1.14.0/STM32CubeIDE/plugins/com.st.stm32cube.ide.mcu.externaltools.gnu-tools-for-stm32.11.3.rel1.win32_1.1.100.202309141235/tools/bin/../lib/gcc/arm-none-eabi/11.3.1/../../../../arm-none-eabi/lib/thumb/v7e-m+fp/hard\libc_nano.a
LOAD C:/STM32_Files/STM32CUBE_IDE/STM32CubeIDE_1.14.0/STM32CubeIDE/plugins/com.st.stm32cube.ide.mcu.externaltools.gnu-tools-for-stm32.11.3.rel1.win32_1.1.100.202309141235/tools/bin/../lib/gcc/arm-none-eabi/11.3.1/../../../../arm-none-eabi/lib/thumb/v7e-m+fp/hard\libm.a
END GROUP
START GROUP
LOAD C:/STM32_Files/STM32CUBE_IDE/STM32CubeIDE_1.14.0/STM32CubeIDE/plugins/com.st.stm32cube.ide.mcu.externaltools.gnu-tools-for-stm32.11.3.rel1.win32_1.1.100.202309141235/tools/bin/../lib/gcc/arm-none-eabi/11.3.1/thumb/v7e-m+fp/hard\libgcc.a
LOAD C:/STM32_Files/STM32CUBE_IDE/STM32CubeIDE_1.14.0/STM32CubeIDE/plugins/com.st.stm32cube.ide.mcu.externaltools.gnu-tools-for-stm32.11.3.rel1.win32_1.1.100.202309141235/tools/bin/../lib/gcc/arm-none-eabi/11.3.1/../../../../arm-none-eabi/lib/thumb/v7e-m+fp/hard\libc_nano.a
END GROUP
START GROUP
LOAD C:/STM32_Files/STM32CUBE_IDE/STM32CubeIDE_1.14.0/STM32CubeIDE/plugins/com.st.stm32cube.ide.mcu.externaltools.gnu-tools-for-stm32.11.3.rel1.win32_1.1.100.202309141235/tools/bin/../lib/gcc/arm-none-eabi/11.3.1/thumb/v7e-m+fp/hard\libgcc.a
LOAD C:/STM32_Files/STM32CUBE_IDE/STM32CubeIDE_1.14.0/STM32CubeIDE/plugins/com.st.stm32cube.ide.mcu.externaltools.gnu-tools-for-stm32.11.3.rel1.win32_1.1.100.202309141235/tools/bin/../lib/gcc/arm-none-eabi/11.3.1/../../../../arm-none-eabi/lib/thumb/v7e-m+fp/hard\libc_nano.a
LOAD C:/STM32_Files/STM32CUBE_IDE/STM32CubeIDE_1.14.0/STM32CubeIDE/plugins/com.st.stm32cube.ide.mcu.externaltools.gnu-tools-for-stm32.11.3.rel1.win32_1.1.100.202309141235/tools/bin/../lib/gcc/arm-none-eabi/11.3.1/../../../../arm-none-eabi/lib/thumb/v7e-m+fp/hard\libnosys.a
END GROUP
START GROUP
LOAD C:/STM32_Files/STM32CUBE_IDE/STM32CubeIDE_1.14.0/STM32CubeIDE/plugins/com.st.stm32cube.ide.mcu.externaltools.gnu-tools-for-stm32.11.3.rel1.win32_1.1.100.202309141235/tools/bin/../lib/gcc/arm-none-eabi/11.3.1/thumb/v7e-m+fp/hard\libgcc.a
LOAD C:/STM32_Files/STM32CUBE_IDE/STM32CubeIDE_1.14.0/STM32CubeIDE/plugins/com.st.stm32cube.ide.mcu.externaltools.gnu-tools-for-stm32.11.3.rel1.win32_1.1.100.202309141235/tools/bin/../lib/gcc/arm-none-eabi/11.3.1/../../../../arm-none-eabi/lib/thumb/v7e-m+fp/hard\libc_nano.a
LOAD C:/STM32_Files/STM32CUBE_IDE/STM32CubeIDE_1.14.0/STM32CubeIDE/plugins/com.st.stm32cube.ide.mcu.externaltools.gnu-tools-for-stm32.11.3.rel1.win32_1.1.100.202309141235/tools/bin/../lib/gcc/arm-none-eabi/11.3.1/../../../../arm-none-eabi/lib/thumb/v7e-m+fp/hard\libnosys.a
END GROUP
LOAD C:/STM32_Files/STM32CUBE_IDE/STM32CubeIDE_1.14.0/STM32CubeIDE/plugins/com.st.stm32cube.ide.mcu.externaltools.gnu-tools-for-stm32.11.3.rel1.win32_1.1.100.202309141235/tools/bin/../lib/gcc/arm-none-eabi/11.3.1/thumb/v7e-m+fp/hard/crtend.o
LOAD C:/STM32_Files/STM32CUBE_IDE/STM32CubeIDE_1.14.0/STM32CubeIDE/plugins/com.st.stm32cube.ide.mcu.externaltools.gnu-tools-for-stm32.11.3.rel1.win32_1.1.100.202309141235/tools/bin/../lib/gcc/arm-none-eabi/11.3.1/thumb/v7e-m+fp/hard/crtn.o
                0x0000000020020000                _estack = (ORIGIN (RAM) + LENGTH (RAM))
                0x0000000000000200                _Min_Heap_Size = 0x200
                0x0000000000000400                _Min_Stack_Size = 0x400

.isr_vector     0x0000000008000000      0x1c4
                0x0000000008000000                . = ALIGN (0x4)
 *(.isr_vector)
 .isr_vector    0x0000000008000000      0x1c4 ./Core/Startup/startup_stm32f446retx.o
                0x0000000008000000                g_pfnVectors
                0x00000000080001c4                . = ALIGN (0x4)

.text           0x00000000080001c4     0x8f14
                0x00000000080001c4                . = ALIGN (0x4)
 *(.text)
 .text          0x00000000080001c4       0x40 C:/STM32_Files/STM32CUBE_IDE/STM32CubeIDE_1.14.0/STM32CubeIDE/plugins/com.st.stm32cube.ide.mcu.externaltools.gnu-tools-for-stm32.11.3.rel1.win32_1.1.100.202309141235/tools/bin/../lib/gcc/arm-none-eabi/11.3.1/thumb/v7e-m+fp/hard/crtbegin.o
 .text          0x0000000008000204      0x21c C:/STM32_Files/STM32CUBE_IDE/STM32CubeIDE_1.14.0/STM32CubeIDE/plugins/com.st.stm32cube.ide.mcu.externaltools.gnu-tools-for-stm32.11.3.rel1.win32_1.1.100.202309141235/tools/bin/../lib/gcc/arm-none-eabi/11.3.1/thumb/v7e-m+fp/hard\libgcc.a(_arm_addsubsf3.o)
                0x0000000008000204                __aeabi_frsub
                0x000000000800020c                __subsf3
                0x000000000800020c                __aeabi_fsub
                0x0000000008000210                __aeabi_fadd
                0x0000000008000210                __addsf3
                0x0000000008000370                __aeabi_ui2f
                0x0000000008000370                __floatunsisf
                0x0000000008000378                __aeabi_i2f
                0x0000000008000378                __floatsisf
                0x0000000008000394                __aeabi_ul2f
                0x0000000008000394                __floatundisf
                0x00000000080003a4                __aeabi_l2f
                0x00000000080003a4                __floatdisf
 *(.text*)
 .text.bar30_task
                0x0000000008000420       0x48 ./Core/Src/bar30_task.o
                0x0000000008000420                bar30_task
 .text.comms_task
                0x0000000008000468       0xa8 ./Core/Src/comms_task.o
                0x0000000008000468                comms_task
 .text.deg_to_rad
                0x0000000008000510       0x28 ./Core/Src/comp_filter.o
 .text.rotate_body_to_world
                0x0000000008000538      0x11a ./Core/Src/comp_filter.o
 *fill*         0x0000000008000652        0x2 
 .text.gravity_compensate
                0x0000000008000654       0x6c ./Core/Src/comp_filter.o
 .text.comp_filter_init
                0x00000000080006c0       0x18 ./Core/Src/comp_filter.o
                0x00000000080006c0                comp_filter_init
 .text.comp_filter_z_update
                0x00000000080006d8       0xa0 ./Core/Src/comp_filter.o
                0x00000000080006d8                comp_filter_z_update
 .text.comp_filter_xy_update
                0x0000000008000778      0x17c ./Core/Src/comp_filter.o
                0x0000000008000778                comp_filter_xy_update
 .text.comp_filter_update
                0x00000000080008f4      0x10c ./Core/Src/comp_filter.o
                0x00000000080008f4                comp_filter_update
 .text.wrapAngle180
                0x0000000008000a00       0x74 ./Core/Src/control_loop.o
 .text.thrust_to_pwm
                0x0000000008000a74       0x84 ./Core/Src/control_loop.o
 .text.control_loop_init
                0x0000000008000af8       0xa4 ./Core/Src/control_loop.o
                0x0000000008000af8                control_loop_init
 .text.control_loop_tick
                0x0000000008000b9c       0x38 ./Core/Src/control_loop.o
                0x0000000008000b9c                control_loop_tick
 .text.cmd_update
                0x0000000008000bd4       0x54 ./Core/Src/control_loop.o
                0x0000000008000bd4                cmd_update
 .text.computePID
                0x0000000008000c28      0x288 ./Core/Src/control_loop.o
                0x0000000008000c28                computePID
 .text.computeAllocation
                0x0000000008000eb0      0x3e0 ./Core/Src/control_loop.o
                0x0000000008000eb0                computeAllocation
 .text.applyPWM
                0x0000000008001290      0x108 ./Core/Src/control_loop.o
                0x0000000008001290                applyPWM
 .text.enterFailsafe
                0x0000000008001398       0x94 ./Core/Src/control_loop.o
                0x0000000008001398                enterFailsafe
 .text.checkCommandTimeout
                0x000000000800142c       0x2c ./Core/Src/control_loop.o
                0x000000000800142c                checkCommandTimeout
 .text.control_loop_get_pwm
                0x0000000008001458       0x58 ./Core/Src/control_loop.o
                0x0000000008001458                control_loop_get_pwm
 .text.control_loop_get_armed
                0x00000000080014b0       0x18 ./Core/Src/control_loop.o
                0x00000000080014b0                control_loop_get_armed
 .text.control_loop_get_link
                0x00000000080014c8       0x18 ./Core/Src/control_loop.o
                0x00000000080014c8                control_loop_get_link
 .text.control_task
                0x00000000080014e0       0xa8 ./Core/Src/control_loop.o
                0x00000000080014e0                control_task
 .text.dvl_task
                0x0000000008001588       0x8c ./Core/Src/dvl_task.o
                0x0000000008001588                dvl_task
 .text.filter_task
                0x0000000008001614      0x1d8 ./Core/Src/filter_task.o
                0x0000000008001614                filter_task
 .text.dummy_task
                0x00000000080017ec       0x24 ./Core/Src/main.o
 .text.vApplicationStackOverflowHook
                0x0000000008001810       0x38 ./Core/Src/main.o
                0x0000000008001810                vApplicationStackOverflowHook
 .text.vApplicationMallocFailedHook
                0x0000000008001848       0x34 ./Core/Src/main.o
                0x0000000008001848                vApplicationMallocFailedHook
 .text.main     0x000000000800187c      0x210 ./Core/Src/main.o
                0x000000000800187c                main
 .text.NMI_Handler
                0x0000000008001a8c        0x6 ./Core/Src/stm32f4xx_it.o
                0x0000000008001a8c                NMI_Handler
 .text.HardFault_Handler
                0x0000000008001a92        0x6 ./Core/Src/stm32f4xx_it.o
                0x0000000008001a92                HardFault_Handler
 .text.MemManage_Handler
                0x0000000008001a98        0x6 ./Core/Src/stm32f4xx_it.o
                0x0000000008001a98                MemManage_Handler
 .text.BusFault_Handler
                0x0000000008001a9e        0x6 ./Core/Src/stm32f4xx_it.o
                0x0000000008001a9e                BusFault_Handler
 .text.UsageFault_Handler
                0x0000000008001aa4        0x6 ./Core/Src/stm32f4xx_it.o
                0x0000000008001aa4                UsageFault_Handler
 .text.DebugMon_Handler
                0x0000000008001aaa        0xe ./Core/Src/stm32f4xx_it.o
                0x0000000008001aaa                DebugMon_Handler
 .text.TIM7_IRQHandler
                0x0000000008001ab8       0x58 ./Core/Src/stm32f4xx_it.o
                0x0000000008001ab8                TIM7_IRQHandler
 .text._read    0x0000000008001b10       0x3a ./Core/Src/syscalls.o
                0x0000000008001b10                _read
 .text._close   0x0000000008001b4a       0x18 ./Core/Src/syscalls.o
                0x0000000008001b4a                _close
 .text._fstat   0x0000000008001b62       0x20 ./Core/Src/syscalls.o
                0x0000000008001b62                _fstat
 .text._isatty  0x0000000008001b82       0x16 ./Core/Src/syscalls.o
                0x0000000008001b82                _isatty
 .text._lseek   0x0000000008001b98       0x1a ./Core/Src/syscalls.o
                0x0000000008001b98                _lseek
 *fill*         0x0000000008001bb2        0x2 
 .text._sbrk    0x0000000008001bb4       0x6c ./Core/Src/sysmem.o
                0x0000000008001bb4                _sbrk
 .text.system_clock_init
                0x0000000008001c20       0xc0 ./Core/Src/system_init.o
                0x0000000008001c20                system_clock_init
 .text.SystemInit
                0x0000000008001ce0       0x24 ./Core/Src/system_stm32f4xx.o
                0x0000000008001ce0                SystemInit
 .text.SystemCoreClockUpdate
                0x0000000008001d04       0xec ./Core/Src/system_stm32f4xx.o
                0x0000000008001d04                SystemCoreClockUpdate
 .text.vn200_task
                0x0000000008001df0       0x84 ./Core/Src/vn200_task.o
                0x0000000008001df0                vn200_task
 .text.Reset_Handler
                0x0000000008001e74       0x50 ./Core/Startup/startup_stm32f446retx.o
                0x0000000008001e74                Reset_Handler
 .text.Default_Handler
                0x0000000008001ec4        0x2 ./Core/Startup/startup_stm32f446retx.o
                0x0000000008001ec4                RTC_Alarm_IRQHandler
                0x0000000008001ec4                EXTI2_IRQHandler
                0x0000000008001ec4                TIM8_CC_IRQHandler
                0x0000000008001ec4                FMPI2C1_EV_IRQHandler
                0x0000000008001ec4                SPI4_IRQHandler
                0x0000000008001ec4                TIM1_CC_IRQHandler
                0x0000000008001ec4                DMA2_Stream5_IRQHandler
                0x0000000008001ec4                DMA1_Stream5_IRQHandler
                0x0000000008001ec4                PVD_IRQHandler
                0x0000000008001ec4                SDIO_IRQHandler
                0x0000000008001ec4                TAMP_STAMP_IRQHandler
                0x0000000008001ec4                CAN2_RX1_IRQHandler
                0x0000000008001ec4                EXTI3_IRQHandler
                0x0000000008001ec4                TIM8_TRG_COM_TIM14_IRQHandler
                0x0000000008001ec4                TIM1_UP_TIM10_IRQHandler
                0x0000000008001ec4                TIM8_UP_TIM13_IRQHandler
                0x0000000008001ec4                I2C3_ER_IRQHandler
                0x0000000008001ec4                EXTI0_IRQHandler
                0x0000000008001ec4                I2C2_EV_IRQHandler
                0x0000000008001ec4                DMA1_Stream2_IRQHandler
                0x0000000008001ec4                CAN1_RX0_IRQHandler
                0x0000000008001ec4                FPU_IRQHandler
                0x0000000008001ec4                OTG_HS_WKUP_IRQHandler
                0x0000000008001ec4                CAN2_SCE_IRQHandler
                0x0000000008001ec4                DMA2_Stream2_IRQHandler
                0x0000000008001ec4                SPI1_IRQHandler
                0x0000000008001ec4                TIM6_DAC_IRQHandler
                0x0000000008001ec4                TIM1_BRK_TIM9_IRQHandler
                0x0000000008001ec4                DCMI_IRQHandler
                0x0000000008001ec4                CAN2_RX0_IRQHandler
                0x0000000008001ec4                DMA2_Stream3_IRQHandler
                0x0000000008001ec4                SAI2_IRQHandler
                0x0000000008001ec4                USART6_IRQHandler
                0x0000000008001ec4                CAN1_RX1_IRQHandler
                0x0000000008001ec4                UART5_IRQHandler
                0x0000000008001ec4                DMA2_Stream0_IRQHandler
                0x0000000008001ec4                TIM4_IRQHandler
                0x0000000008001ec4                QUADSPI_IRQHandler
                0x0000000008001ec4                I2C1_EV_IRQHandler
                0x0000000008001ec4                DMA1_Stream6_IRQHandler
                0x0000000008001ec4                DMA1_Stream1_IRQHandler
                0x0000000008001ec4                TIM3_IRQHandler
                0x0000000008001ec4                RCC_IRQHandler
                0x0000000008001ec4                TIM8_BRK_TIM12_IRQHandler
                0x0000000008001ec4                Default_Handler
                0x0000000008001ec4                CEC_IRQHandler
                0x0000000008001ec4                EXTI15_10_IRQHandler
                0x0000000008001ec4                ADC_IRQHandler
                0x0000000008001ec4                DMA1_Stream7_IRQHandler
                0x0000000008001ec4                CAN2_TX_IRQHandler
                0x0000000008001ec4                TIM5_IRQHandler
                0x0000000008001ec4                DMA2_Stream7_IRQHandler
                0x0000000008001ec4                I2C3_EV_IRQHandler
                0x0000000008001ec4                EXTI9_5_IRQHandler
                0x0000000008001ec4                RTC_WKUP_IRQHandler
                0x0000000008001ec4                SPDIF_RX_IRQHandler
                0x0000000008001ec4                SPI2_IRQHandler
                0x0000000008001ec4                OTG_HS_EP1_IN_IRQHandler
                0x0000000008001ec4                DMA1_Stream0_IRQHandler
                0x0000000008001ec4                CAN1_TX_IRQHandler
                0x0000000008001ec4                FMPI2C1_ER_IRQHandler
                0x0000000008001ec4                EXTI4_IRQHandler
                0x0000000008001ec4                OTG_HS_EP1_OUT_IRQHandler
                0x0000000008001ec4                WWDG_IRQHandler
                0x0000000008001ec4                TIM2_IRQHandler
                0x0000000008001ec4                OTG_FS_WKUP_IRQHandler
                0x0000000008001ec4                TIM1_TRG_COM_TIM11_IRQHandler
                0x0000000008001ec4                OTG_HS_IRQHandler
                0x0000000008001ec4                EXTI1_IRQHandler
                0x0000000008001ec4                USART2_IRQHandler
                0x0000000008001ec4                I2C2_ER_IRQHandler
                0x0000000008001ec4                DMA2_Stream1_IRQHandler
                0x0000000008001ec4                CAN1_SCE_IRQHandler
                0x0000000008001ec4                FLASH_IRQHandler
                0x0000000008001ec4                DMA2_Stream4_IRQHandler
                0x0000000008001ec4                OTG_FS_IRQHandler
                0x0000000008001ec4                SPI3_IRQHandler
                0x0000000008001ec4                DMA1_Stream4_IRQHandler
                0x0000000008001ec4                I2C1_ER_IRQHandler
                0x0000000008001ec4                FMC_IRQHandler
                0x0000000008001ec4                DMA2_Stream6_IRQHandler
                0x0000000008001ec4                SAI1_IRQHandler
                0x0000000008001ec4                DMA1_Stream3_IRQHandler
 .text.delay_ms_simple
                0x0000000008001ec6       0x34 ./Devices/bar30/bar30.o
 *fill*         0x0000000008001efa        0x2 
 .text.bar30_init
                0x0000000008001efc       0x78 ./Devices/bar30/bar30.o
                0x0000000008001efc                bar30_init
 .text.bar30_read
                0x0000000008001f74      0x364 ./Devices/bar30/bar30.o
                0x0000000008001f74                bar30_read
 .text.dvl_read_u16
                0x00000000080022d8       0x2a ./Devices/dvl/dvl.o
 .text.dvl_read_float
                0x0000000008002302       0x46 ./Devices/dvl/dvl.o
 .text.dvl_checksum
                0x0000000008002348       0x44 ./Devices/dvl/dvl.o
 .text.dvl_parser_reset
                0x000000000800238c       0x2c ./Devices/dvl/dvl.o
 .text.dvl_validate_packet
                0x00000000080023b8       0x9c ./Devices/dvl/dvl.o
 .text.dvl_parse_packet
                0x0000000008002454      0x1f4 ./Devices/dvl/dvl.o
 .text.dvl_feed_byte
                0x0000000008002648       0xe0 ./Devices/dvl/dvl.o
                0x0000000008002648                dvl_feed_byte
 .text.dvl_get_data
                0x0000000008002728       0x48 ./Devices/dvl/dvl.o
                0x0000000008002728                dvl_get_data
 .text.dc_res_init
                0x0000000008002770       0x50 ./Devices/oled/oled.o
 .text.write_cmd
                0x00000000080027c0       0x30 ./Devices/oled/oled.o
 .text.delay_ms_simple
                0x00000000080027f0       0x34 ./Devices/oled/oled.o
 .text.oled_init
                0x0000000008002824       0xdc ./Devices/oled/oled.o
                0x0000000008002824                oled_init
 .text.oled_clear
                0x0000000008002900       0x18 ./Devices/oled/oled.o
                0x0000000008002900                oled_clear
 .text.oled_update
                0x0000000008002918       0x68 ./Devices/oled/oled.o
                0x0000000008002918                oled_update
 .text.oled_draw_string
                0x0000000008002980       0xb8 ./Devices/oled/oled.o
                0x0000000008002980                oled_draw_string
 .text.vn200_validate_header
                0x0000000008002a38       0x74 ./Devices/vn200/vn200.o
 .text.vn200_read_u16
                0x0000000008002aac       0x2a ./Devices/vn200/vn200.o
 .text.vn200_read_float
                0x0000000008002ad6       0x46 ./Devices/vn200/vn200.o
 .text.vn200_crc16
                0x0000000008002b1c       0x8e ./Devices/vn200/vn200.o
 .text.vn200_parse
                0x0000000008002baa      0x138 ./Devices/vn200/vn200.o
                0x0000000008002baa                vn200_parse
 *fill*         0x0000000008002ce2        0x2 
 .text.vn200_feed_byte
                0x0000000008002ce4       0x5c ./Devices/vn200/vn200.o
                0x0000000008002ce4                vn200_feed_byte
 .text.vn200_get_data
                0x0000000008002d40       0x50 ./Devices/vn200/vn200.o
                0x0000000008002d40                vn200_get_data
 .text.adc_init
                0x0000000008002d90       0x4c ./Drivers/adc/adc.o
                0x0000000008002d90                adc_init
 .text.crc_init
                0x0000000008002ddc       0x20 ./Drivers/crc_hw/crc_hw.o
                0x0000000008002ddc                crc_init
 .text.crc_compute
                0x0000000008002dfc       0xcc ./Drivers/crc_hw/crc_hw.o
                0x0000000008002dfc                crc_compute
 .text.dac_init
                0x0000000008002ec8       0x58 ./Drivers/dac/dac.o
                0x0000000008002ec8                dac_init
 .text.gpio_init
                0x0000000008002f20       0x90 ./Drivers/gpio/gpio.o
                0x0000000008002f20                gpio_init
 .text.i2c1_init
                0x0000000008002fb0       0xd0 ./Drivers/i2c/i2c.o
                0x0000000008002fb0                i2c1_init
 .text.i2c_write
                0x0000000008003080       0x94 ./Drivers/i2c/i2c.o
                0x0000000008003080                i2c_write
 .text.i2c_read
                0x0000000008003114       0xbc ./Drivers/i2c/i2c.o
                0x0000000008003114                i2c_read
 .text.spi1_init
                0x00000000080031d0      0x14c ./Drivers/spi/spi.o
                0x00000000080031d0                spi1_init
 .text.spi_transmit
                0x000000000800331c       0x54 ./Drivers/spi/spi.o
                0x000000000800331c                spi_transmit
 .text.spi_transfer
                0x0000000008003370       0x48 ./Drivers/spi/spi.o
                0x0000000008003370                spi_transfer
 .text.spi_receive
                0x00000000080033b8       0x10 ./Drivers/spi/spi.o
                0x00000000080033b8                spi_receive
 .text.spi_select_oled
                0x00000000080033c8       0x1c ./Drivers/spi/spi.o
                0x00000000080033c8                spi_select_oled
 .text.spi_deselect_oled
                0x00000000080033e4       0x18 ./Drivers/spi/spi.o
                0x00000000080033e4                spi_deselect_oled
 .text.spi_select_sd
                0x00000000080033fc       0x1c ./Drivers/spi/spi.o
                0x00000000080033fc                spi_select_sd
 .text.spi_deselect_sd
                0x0000000008003418       0x18 ./Drivers/spi/spi.o
                0x0000000008003418                spi_deselect_sd
 .text.__NVIC_EnableIRQ
                0x0000000008003430       0x3c ./Drivers/timer/timer_basic.o
 .text.__NVIC_SetPriority
                0x000000000800346c       0x54 ./Drivers/timer/timer_basic.o
 .text.tim7_init
                0x00000000080034c0       0x54 ./Drivers/timer/timer_basic.o
                0x00000000080034c0                tim7_init
 .text.timer3_pwm_init
                0x0000000008003514       0xa8 ./Drivers/timer/timer_pwm.o
                0x0000000008003514                timer3_pwm_init
 .text.pwm_set_us
                0x00000000080035bc       0x28 ./Drivers/timer/timer_pwm.o
                0x00000000080035bc                pwm_set_us
 .text.timer2_timebase_init
                0x00000000080035e4       0x6c ./Drivers/timer/timer_timebase.o
                0x00000000080035e4                timer2_timebase_init
 .text.uart2_init
                0x0000000008003650       0xb4 ./Drivers/uart/uart.o
                0x0000000008003650                uart2_init
 .text.uart2_write_byte
                0x0000000008003704       0x30 ./Drivers/uart/uart.o
                0x0000000008003704                uart2_write_byte
 .text.uart2_write_buf
                0x0000000008003734       0x38 ./Drivers/uart/uart.o
                0x0000000008003734                uart2_write_buf
 .text.uart2_write_str
                0x000000000800376c       0x2c ./Drivers/uart/uart.o
                0x000000000800376c                uart2_write_str
 .text._write   0x0000000008003798       0x22 ./Drivers/uart/uart.o
                0x0000000008003798                _write
 *fill*         0x00000000080037ba        0x2 
 .text.__NVIC_EnableIRQ
                0x00000000080037bc       0x3c ./Drivers/uart/uart3.o
 .text.__NVIC_SetPriority
                0x00000000080037f8       0x54 ./Drivers/uart/uart3.o
 .text.uart3_rx_store
                0x000000000800384c       0x6c ./Drivers/uart/uart3.o
 .text.uart3_init
                0x00000000080038b8      0x180 ./Drivers/uart/uart3.o
                0x00000000080038b8                uart3_init
 .text.USART3_IRQHandler
                0x0000000008003a38       0xe0 ./Drivers/uart/uart3.o
                0x0000000008003a38                USART3_IRQHandler
 .text.uart3_read
                0x0000000008003b18       0x80 ./Drivers/uart/uart3.o
                0x0000000008003b18                uart3_read
 .text.__NVIC_EnableIRQ
                0x0000000008003b98       0x3c ./Drivers/uart/uart4.o
 .text.__NVIC_SetPriority
                0x0000000008003bd4       0x54 ./Drivers/uart/uart4.o
 .text.uart4_rx_store
                0x0000000008003c28       0x6c ./Drivers/uart/uart4.o
 .text.uart4_init
                0x0000000008003c94      0x174 ./Drivers/uart/uart4.o
                0x0000000008003c94                uart4_init
 .text.UART4_IRQHandler
                0x0000000008003e08       0xe0 ./Drivers/uart/uart4.o
                0x0000000008003e08                UART4_IRQHandler
 .text.uart4_read
                0x0000000008003ee8       0x80 ./Drivers/uart/uart4.o
                0x0000000008003ee8                uart4_read
 .text.__NVIC_EnableIRQ
                0x0000000008003f68       0x3c ./Drivers/uart/uart_packet.o
 .text.__NVIC_SetPriority
                0x0000000008003fa4       0x54 ./Drivers/uart/uart_packet.o
 .text.uart1_init
                0x0000000008003ff8      0x148 ./Drivers/uart/uart_packet.o
                0x0000000008003ff8                uart1_init
 .text.USART1_IRQHandler
                0x0000000008004140       0xd8 ./Drivers/uart/uart_packet.o
                0x0000000008004140                USART1_IRQHandler
 .text.uart1_write_buf
                0x0000000008004218       0x4c ./Drivers/uart/uart_packet.o
                0x0000000008004218                uart1_write_buf
 .text.vListInitialise
                0x0000000008004264       0x40 ./Middlewares/FreeRTOS/Source/list.o
                0x0000000008004264                vListInitialise
 .text.vListInitialiseItem
                0x00000000080042a4       0x1a ./Middlewares/FreeRTOS/Source/list.o
                0x00000000080042a4                vListInitialiseItem
 .text.vListInsert
                0x00000000080042be       0x72 ./Middlewares/FreeRTOS/Source/list.o
                0x00000000080042be                vListInsert
 .text.uxListRemove
                0x0000000008004330       0x54 ./Middlewares/FreeRTOS/Source/list.o
                0x0000000008004330                uxListRemove
 .text.xQueueGenericReset
                0x0000000008004384      0x120 ./Middlewares/FreeRTOS/Source/queue.o
                0x0000000008004384                xQueueGenericReset
 .text.xQueueGenericCreate
                0x00000000080044a4       0x9c ./Middlewares/FreeRTOS/Source/queue.o
                0x00000000080044a4                xQueueGenericCreate
 .text.prvInitialiseNewQueue
                0x0000000008004540       0x3e ./Middlewares/FreeRTOS/Source/queue.o
 *fill*         0x000000000800457e        0x2 
 .text.xQueueGenericSend
                0x0000000008004580      0x1fc ./Middlewares/FreeRTOS/Source/queue.o
                0x0000000008004580                xQueueGenericSend
 .text.xQueueReceive
                0x000000000800477c      0x1c0 ./Middlewares/FreeRTOS/Source/queue.o
                0x000000000800477c                xQueueReceive
 .text.prvCopyDataToQueue
                0x000000000800493c       0xd4 ./Middlewares/FreeRTOS/Source/queue.o
 .text.prvCopyDataFromQueue
                0x0000000008004a10       0x4c ./Middlewares/FreeRTOS/Source/queue.o
 .text.prvUnlockQueue
                0x0000000008004a5c       0xa4 ./Middlewares/FreeRTOS/Source/queue.o
 .text.prvIsQueueEmpty
                0x0000000008004b00       0x2c ./Middlewares/FreeRTOS/Source/queue.o
 .text.prvIsQueueFull
                0x0000000008004b2c       0x30 ./Middlewares/FreeRTOS/Source/queue.o
 .text.vQueueAddToRegistry
                0x0000000008004b5c       0x9c ./Middlewares/FreeRTOS/Source/queue.o
                0x0000000008004b5c                vQueueAddToRegistry
 .text.vQueueWaitForMessageRestricted
                0x0000000008004bf8       0x68 ./Middlewares/FreeRTOS/Source/queue.o
                0x0000000008004bf8                vQueueWaitForMessageRestricted
 .text.prvCreateTask
                0x0000000008004c60       0x7a ./Middlewares/FreeRTOS/Source/tasks.o
 .text.xTaskCreate
                0x0000000008004cda       0x48 ./Middlewares/FreeRTOS/Source/tasks.o
                0x0000000008004cda                xTaskCreate
 .text.prvInitialiseNewTask
                0x0000000008004d22      0x146 ./Middlewares/FreeRTOS/Source/tasks.o
 .text.prvAddNewTaskToReadyList
                0x0000000008004e68      0x12c ./Middlewares/FreeRTOS/Source/tasks.o
 .text.xTaskDelayUntil
                0x0000000008004f94       0xfc ./Middlewares/FreeRTOS/Source/tasks.o
                0x0000000008004f94                xTaskDelayUntil
 .text.vTaskDelay
                0x0000000008005090       0x68 ./Middlewares/FreeRTOS/Source/tasks.o
                0x0000000008005090                vTaskDelay
 .text.prvCreateIdleTasks
                0x00000000080050f8       0xac ./Middlewares/FreeRTOS/Source/tasks.o
 .text.vTaskStartScheduler
                0x00000000080051a4       0x88 ./Middlewares/FreeRTOS/Source/tasks.o
                0x00000000080051a4                vTaskStartScheduler
 .text.vTaskSuspendAll
                0x000000000800522c       0x1c ./Middlewares/FreeRTOS/Source/tasks.o
                0x000000000800522c                vTaskSuspendAll
 .text.xTaskResumeAll
                0x0000000008005248      0x210 ./Middlewares/FreeRTOS/Source/tasks.o
                0x0000000008005248                xTaskResumeAll
 .text.xTaskGetTickCount
                0x0000000008005458       0x20 ./Middlewares/FreeRTOS/Source/tasks.o
                0x0000000008005458                xTaskGetTickCount
 .text.xTaskIncrementTick
                0x0000000008005478      0x234 ./Middlewares/FreeRTOS/Source/tasks.o
                0x0000000008005478                xTaskIncrementTick
 .text.vTaskSwitchContext
                0x00000000080056ac      0x118 ./Middlewares/FreeRTOS/Source/tasks.o
                0x00000000080056ac                vTaskSwitchContext
 .text.vTaskPlaceOnEventList
                0x00000000080057c4       0x48 ./Middlewares/FreeRTOS/Source/tasks.o
                0x00000000080057c4                vTaskPlaceOnEventList
 .text.vTaskPlaceOnEventListRestricted
                0x000000000800580c       0x8c ./Middlewares/FreeRTOS/Source/tasks.o
                0x000000000800580c                vTaskPlaceOnEventListRestricted
 .text.xTaskRemoveFromEventList
                0x0000000008005898      0x1b4 ./Middlewares/FreeRTOS/Source/tasks.o
                0x0000000008005898                xTaskRemoveFromEventList
 .text.vTaskInternalSetTimeOutState
                0x0000000008005a4c       0x2c ./Middlewares/FreeRTOS/Source/tasks.o
                0x0000000008005a4c                vTaskInternalSetTimeOutState
 .text.xTaskCheckForTimeOut
                0x0000000008005a78       0xcc ./Middlewares/FreeRTOS/Source/tasks.o
                0x0000000008005a78                xTaskCheckForTimeOut
 .text.vTaskMissedYield
                0x0000000008005b44       0x18 ./Middlewares/FreeRTOS/Source/tasks.o
                0x0000000008005b44                vTaskMissedYield
 .text.prvIdleTask
                0x0000000008005b5c       0x30 ./Middlewares/FreeRTOS/Source/tasks.o
 .text.prvInitialiseTaskLists
                0x0000000008005b8c       0x80 ./Middlewares/FreeRTOS/Source/tasks.o
 .text.prvCheckTasksWaitingTermination
                0x0000000008005c0c       0x5c ./Middlewares/FreeRTOS/Source/tasks.o
 .text.prvDeleteTCB
                0x0000000008005c68       0x20 ./Middlewares/FreeRTOS/Source/tasks.o
 .text.prvResetNextTaskUnblockTime
                0x0000000008005c88       0x38 ./Middlewares/FreeRTOS/Source/tasks.o
 .text.xTaskGetSchedulerState
                0x0000000008005cc0       0x3c ./Middlewares/FreeRTOS/Source/tasks.o
                0x0000000008005cc0                xTaskGetSchedulerState
 .text.xTaskPriorityDisinherit
                0x0000000008005cfc      0x130 ./Middlewares/FreeRTOS/Source/tasks.o
                0x0000000008005cfc                xTaskPriorityDisinherit
 .text.ulTaskGenericNotifyTake
                0x0000000008005e2c      0x10c ./Middlewares/FreeRTOS/Source/tasks.o
                0x0000000008005e2c                ulTaskGenericNotifyTake
 .text.xTaskGenericNotifyWait
                0x0000000008005f38      0x140 ./Middlewares/FreeRTOS/Source/tasks.o
                0x0000000008005f38                xTaskGenericNotifyWait
 .text.xTaskGenericNotify
                0x0000000008006078      0x258 ./Middlewares/FreeRTOS/Source/tasks.o
                0x0000000008006078                xTaskGenericNotify
 .text.xTaskGenericNotifyFromISR
                0x00000000080062d0      0x2cc ./Middlewares/FreeRTOS/Source/tasks.o
                0x00000000080062d0                xTaskGenericNotifyFromISR
 .text.vTaskGenericNotifyGiveFromISR
                0x000000000800659c      0x214 ./Middlewares/FreeRTOS/Source/tasks.o
                0x000000000800659c                vTaskGenericNotifyGiveFromISR
 .text.prvAddCurrentTaskToDelayedList
                0x00000000080067b0       0xe0 ./Middlewares/FreeRTOS/Source/tasks.o
 .text.xTimerCreateTimerTask
                0x0000000008006890       0x64 ./Middlewares/FreeRTOS/Source/timers.o
                0x0000000008006890                xTimerCreateTimerTask
 .text.prvReloadTimer
                0x00000000080068f4       0x42 ./Middlewares/FreeRTOS/Source/timers.o
 *fill*         0x0000000008006936        0x2 
 .text.prvProcessExpiredTimer
                0x0000000008006938       0x60 ./Middlewares/FreeRTOS/Source/timers.o
 .text.prvTimerTask
                0x0000000008006998       0x24 ./Middlewares/FreeRTOS/Source/timers.o
 .text.prvProcessTimerOrBlockTask
                0x00000000080069bc       0x9c ./Middlewares/FreeRTOS/Source/timers.o
 .text.prvGetNextExpireTime
                0x0000000008006a58       0x48 ./Middlewares/FreeRTOS/Source/timers.o
 .text.prvSampleTimeNow
                0x0000000008006aa0       0x40 ./Middlewares/FreeRTOS/Source/timers.o
 .text.prvInsertTimerInActiveList
                0x0000000008006ae0       0x84 ./Middlewares/FreeRTOS/Source/timers.o
 .text.prvProcessReceivedCommands
                0x0000000008006b64      0x194 ./Middlewares/FreeRTOS/Source/timers.o
 .text.prvSwitchTimerLists
                0x0000000008006cf8       0x4c ./Middlewares/FreeRTOS/Source/timers.o
 .text.prvCheckForValidListAndQueue
                0x0000000008006d44       0x6c ./Middlewares/FreeRTOS/Source/timers.o
 .text.pxPortInitialiseStack
                0x0000000008006db0       0x68 ./Middlewares/FreeRTOS/Source/portable/GCC/ARM_CM4F/port.o
                0x0000000008006db0                pxPortInitialiseStack
 .text.prvTaskExitError
                0x0000000008006e18       0x58 ./Middlewares/FreeRTOS/Source/portable/GCC/ARM_CM4F/port.o
 .text.SVC_Handler
                0x0000000008006e70       0x24 ./Middlewares/FreeRTOS/Source/portable/GCC/ARM_CM4F/port.o
                0x0000000008006e70                SVC_Handler
 .text.prvPortStartFirstTask
                0x0000000008006e94       0x2c ./Middlewares/FreeRTOS/Source/portable/GCC/ARM_CM4F/port.o
 .text.xPortStartScheduler
                0x0000000008006ec0      0x1d4 ./Middlewares/FreeRTOS/Source/portable/GCC/ARM_CM4F/port.o
                0x0000000008006ec0                xPortStartScheduler
 .text.vPortEnterCritical
                0x0000000008007094       0x60 ./Middlewares/FreeRTOS/Source/portable/GCC/ARM_CM4F/port.o
                0x0000000008007094                vPortEnterCritical
 .text.vPortExitCritical
                0x00000000080070f4       0x54 ./Middlewares/FreeRTOS/Source/portable/GCC/ARM_CM4F/port.o
                0x00000000080070f4                vPortExitCritical
 .text.PendSV_Handler
                0x0000000008007148       0x64 ./Middlewares/FreeRTOS/Source/portable/GCC/ARM_CM4F/port.o
                0x0000000008007148                PendSV_Handler
 .text.SysTick_Handler
                0x00000000080071ac       0x44 ./Middlewares/FreeRTOS/Source/portable/GCC/ARM_CM4F/port.o
                0x00000000080071ac                SysTick_Handler
 .text.vPortSetupTimerInterrupt
                0x00000000080071f0       0x48 ./Middlewares/FreeRTOS/Source/portable/GCC/ARM_CM4F/port.o
                0x00000000080071f0                vPortSetupTimerInterrupt
 .text.vPortEnableVFP
                0x0000000008007238       0x18 ./Middlewares/FreeRTOS/Source/portable/GCC/ARM_CM4F/port.o
 .text.vPortValidateInterruptPriority
                0x0000000008007250       0x80 ./Middlewares/FreeRTOS/Source/portable/GCC/ARM_CM4F/port.o
                0x0000000008007250                vPortValidateInterruptPriority
 .text.pvPortMalloc
                0x00000000080072d0      0x26c ./Middlewares/FreeRTOS/Source/portable/MemMang/heap_4.o
                0x00000000080072d0                pvPortMalloc
 .text.vPortFree
                0x000000000800753c       0xf0 ./Middlewares/FreeRTOS/Source/portable/MemMang/heap_4.o
                0x000000000800753c                vPortFree
 .text.prvHeapInit
                0x000000000800762c       0xb4 ./Middlewares/FreeRTOS/Source/portable/MemMang/heap_4.o
 .text.prvInsertBlockIntoFreeList
                0x00000000080076e0       0xf4 ./Middlewares/FreeRTOS/Source/portable/MemMang/heap_4.o
 .text.packet_build_telemetry
                0x00000000080077d4       0x7a ./Protocol/packet.o
                0x00000000080077d4                packet_build_telemetry
 .text.packet_parse_cmd
                0x000000000800784e       0xea ./Protocol/packet.o
                0x000000000800784e                packet_parse_cmd
 .text.rx_write
                0x0000000008007938       0x74 ./Protocol/ring_buffer.o
                0x0000000008007938                rx_write
 .text.rx_avail
                0x00000000080079ac       0x18 ./Protocol/ring_buffer.o
                0x00000000080079ac                rx_avail
 .text.rx_peek  0x00000000080079c4       0x30 ./Protocol/ring_buffer.o
                0x00000000080079c4                rx_peek
 .text.rx_eat   0x00000000080079f4       0x50 ./Protocol/ring_buffer.o
                0x00000000080079f4                rx_eat
 .text.sd_delay
                0x0000000008007a44       0x28 ./Protocol/sd_card/sd_card.o
 .text.sd_send_cmd
                0x0000000008007a6c       0x8e ./Protocol/sd_card/sd_card.o
 .text.sd_init  0x0000000008007afa      0x154 ./Protocol/sd_card/sd_card.o
                0x0000000008007afa                sd_init
 *fill*         0x0000000008007c4e        0x2 
 .text.std      0x0000000008007c50       0x6c C:/STM32_Files/STM32CUBE_IDE/STM32CubeIDE_1.14.0/STM32CubeIDE/plugins/com.st.stm32cube.ide.mcu.externaltools.gnu-tools-for-stm32.11.3.rel1.win32_1.1.100.202309141235/tools/bin/../lib/gcc/arm-none-eabi/11.3.1/../../../../arm-none-eabi/lib/thumb/v7e-m+fp/hard\libc_nano.a(libc_a-findfp.o)
 .text.stdio_exit_handler
                0x0000000008007cbc       0x18 C:/STM32_Files/STM32CUBE_IDE/STM32CubeIDE_1.14.0/STM32CubeIDE/plugins/com.st.stm32cube.ide.mcu.externaltools.gnu-tools-for-stm32.11.3.rel1.win32_1.1.100.202309141235/tools/bin/../lib/gcc/arm-none-eabi/11.3.1/../../../../arm-none-eabi/lib/thumb/v7e-m+fp/hard\libc_nano.a(libc_a-findfp.o)
 .text.cleanup_stdio
                0x0000000008007cd4       0x40 C:/STM32_Files/STM32CUBE_IDE/STM32CubeIDE_1.14.0/STM32CubeIDE/plugins/com.st.stm32cube.ide.mcu.externaltools.gnu-tools-for-stm32.11.3.rel1.win32_1.1.100.202309141235/tools/bin/../lib/gcc/arm-none-eabi/11.3.1/../../../../arm-none-eabi/lib/thumb/v7e-m+fp/hard\libc_nano.a(libc_a-findfp.o)
 .text.global_stdio_init.part.0
                0x0000000008007d14       0x3c C:/STM32_Files/STM32CUBE_IDE/STM32CubeIDE_1.14.0/STM32CubeIDE/plugins/com.st.stm32cube.ide.mcu.externaltools.gnu-tools-for-stm32.11.3.rel1.win32_1.1.100.202309141235/tools/bin/../lib/gcc/arm-none-eabi/11.3.1/../../../../arm-none-eabi/lib/thumb/v7e-m+fp/hard\libc_nano.a(libc_a-findfp.o)
 .text.__sfp_lock_acquire
                0x0000000008007d50        0xc C:/STM32_Files/STM32CUBE_IDE/STM32CubeIDE_1.14.0/STM32CubeIDE/plugins/com.st.stm32cube.ide.mcu.externaltools.gnu-tools-for-stm32.11.3.rel1.win32_1.1.100.202309141235/tools/bin/../lib/gcc/arm-none-eabi/11.3.1/../../../../arm-none-eabi/lib/thumb/v7e-m+fp/hard\libc_nano.a(libc_a-findfp.o)
                0x0000000008007d50                __sfp_lock_acquire
 .text.__sfp_lock_release
                0x0000000008007d5c        0xc C:/STM32_Files/STM32CUBE_IDE/STM32CubeIDE_1.14.0/STM32CubeIDE/plugins/com.st.stm32cube.ide.mcu.externaltools.gnu-tools-for-stm32.11.3.rel1.win32_1.1.100.202309141235/tools/bin/../lib/gcc/arm-none-eabi/11.3.1/../../../../arm-none-eabi/lib/thumb/v7e-m+fp/hard\libc_nano.a(libc_a-findfp.o)
                0x0000000008007d5c                __sfp_lock_release
 .text.__sinit  0x0000000008007d68       0x30 C:/STM32_Files/STM32CUBE_IDE/STM32CubeIDE_1.14.0/STM32CubeIDE/plugins/com.st.stm32cube.ide.mcu.externaltools.gnu-tools-for-stm32.11.3.rel1.win32_1.1.100.202309141235/tools/bin/../lib/gcc/arm-none-eabi/11.3.1/../../../../arm-none-eabi/lib/thumb/v7e-m+fp/hard\libc_nano.a(libc_a-findfp.o)
                0x0000000008007d68                __sinit
 .text._fwalk_sglue
                0x0000000008007d98       0x3c C:/STM32_Files/STM32CUBE_IDE/STM32CubeIDE_1.14.0/STM32CubeIDE/plugins/com.st.stm32cube.ide.mcu.externaltools.gnu-tools-for-stm32.11.3.rel1.win32_1.1.100.202309141235/tools/bin/../lib/gcc/arm-none-eabi/11.3.1/../../../../arm-none-eabi/lib/thumb/v7e-m+fp/hard\libc_nano.a(libc_a-fwalk.o)
                0x0000000008007d98                _fwalk_sglue
 .text._puts_r  0x0000000008007dd4       0xa8 C:/STM32_Files/STM32CUBE_IDE/STM32CubeIDE_1.14.0/STM32CubeIDE/plugins/com.st.stm32cube.ide.mcu.externaltools.gnu-tools-for-stm32.11.3.rel1.win32_1.1.100.202309141235/tools/bin/../lib/gcc/arm-none-eabi/11.3.1/../../../../arm-none-eabi/lib/thumb/v7e-m+fp/hard\libc_nano.a(libc_a-puts.o)
                0x0000000008007dd4                _puts_r
 .text.puts     0x0000000008007e7c       0x10 C:/STM32_Files/STM32CUBE_IDE/STM32CubeIDE_1.14.0/STM32CubeIDE/plugins/com.st.stm32cube.ide.mcu.externaltools.gnu-tools-for-stm32.11.3.rel1.win32_1.1.100.202309141235/tools/bin/../lib/gcc/arm-none-eabi/11.3.1/../../../../arm-none-eabi/lib/thumb/v7e-m+fp/hard\libc_nano.a(libc_a-puts.o)
                0x0000000008007e7c                puts
 .text.__sread  0x0000000008007e8c       0x22 C:/STM32_Files/STM32CUBE_IDE/STM32CubeIDE_1.14.0/STM32CubeIDE/plugins/com.st.stm32cube.ide.mcu.externaltools.gnu-tools-for-stm32.11.3.rel1.win32_1.1.100.202309141235/tools/bin/../lib/gcc/arm-none-eabi/11.3.1/../../../../arm-none-eabi/lib/thumb/v7e-m+fp/hard\libc_nano.a(libc_a-stdio.o)
                0x0000000008007e8c                __sread
 .text.__swrite
                0x0000000008007eae       0x38 C:/STM32_Files/STM32CUBE_IDE/STM32CubeIDE_1.14.0/STM32CubeIDE/plugins/com.st.stm32cube.ide.mcu.externaltools.gnu-tools-for-stm32.11.3.rel1.win32_1.1.100.202309141235/tools/bin/../lib/gcc/arm-none-eabi/11.3.1/../../../../arm-none-eabi/lib/thumb/v7e-m+fp/hard\libc_nano.a(libc_a-stdio.o)
                0x0000000008007eae                __swrite
 .text.__sseek  0x0000000008007ee6       0x24 C:/STM32_Files/STM32CUBE_IDE/STM32CubeIDE_1.14.0/STM32CubeIDE/plugins/com.st.stm32cube.ide.mcu.externaltools.gnu-tools-for-stm32.11.3.rel1.win32_1.1.100.202309141235/tools/bin/../lib/gcc/arm-none-eabi/11.3.1/../../../../arm-none-eabi/lib/thumb/v7e-m+fp/hard\libc_nano.a(libc_a-stdio.o)
                0x0000000008007ee6                __sseek
 .text.__sclose
                0x0000000008007f0a        0x8 C:/STM32_Files/STM32CUBE_IDE/STM32CubeIDE_1.14.0/STM32CubeIDE/plugins/com.st.stm32cube.ide.mcu.externaltools.gnu-tools-for-stm32.11.3.rel1.win32_1.1.100.202309141235/tools/bin/../lib/gcc/arm-none-eabi/11.3.1/../../../../arm-none-eabi/lib/thumb/v7e-m+fp/hard\libc_nano.a(libc_a-stdio.o)
                0x0000000008007f0a                __sclose
 .text.__swbuf_r
                0x0000000008007f12       0x7a C:/STM32_Files/STM32CUBE_IDE/STM32CubeIDE_1.14.0/STM32CubeIDE/plugins/com.st.stm32cube.ide.mcu.externaltools.gnu-tools-for-stm32.11.3.rel1.win32_1.1.100.202309141235/tools/bin/../lib/gcc/arm-none-eabi/11.3.1/../../../../arm-none-eabi/lib/thumb/v7e-m+fp/hard\libc_nano.a(libc_a-wbuf.o)
                0x0000000008007f12                __swbuf_r
 .text.__swsetup_r
                0x0000000008007f8c       0xb0 C:/STM32_Files/STM32CUBE_IDE/STM32CubeIDE_1.14.0/STM32CubeIDE/plugins/com.st.stm32cube.ide.mcu.externaltools.gnu-tools-for-stm32.11.3.rel1.win32_1.1.100.202309141235/tools/bin/../lib/gcc/arm-none-eabi/11.3.1/../../../../arm-none-eabi/lib/thumb/v7e-m+fp/hard\libc_nano.a(libc_a-wsetup.o)
                0x0000000008007f8c                __swsetup_r
 .text.memset   0x000000000800803c       0x10 C:/STM32_Files/STM32CUBE_IDE/STM32CubeIDE_1.14.0/STM32CubeIDE/plugins/com.st.stm32cube.ide.mcu.externaltools.gnu-tools-for-stm32.11.3.rel1.win32_1.1.100.202309141235/tools/bin/../lib/gcc/arm-none-eabi/11.3.1/../../../../arm-none-eabi/lib/thumb/v7e-m+fp/hard\libc_nano.a(libc_a-memset.o)
                0x000000000800803c                memset
 .text._close_r
                0x000000000800804c       0x20 C:/STM32_Files/STM32CUBE_IDE/STM32CubeIDE_1.14.0/STM32CubeIDE/plugins/com.st.stm32cube.ide.mcu.externaltools.gnu-tools-for-stm32.11.3.rel1.win32_1.1.100.202309141235/tools/bin/../lib/gcc/arm-none-eabi/11.3.1/../../../../arm-none-eabi/lib/thumb/v7e-m+fp/hard\libc_nano.a(libc_a-closer.o)
                0x000000000800804c                _close_r
 .text._lseek_r
                0x000000000800806c       0x24 C:/STM32_Files/STM32CUBE_IDE/STM32CubeIDE_1.14.0/STM32CubeIDE/plugins/com.st.stm32cube.ide.mcu.externaltools.gnu-tools-for-stm32.11.3.rel1.win32_1.1.100.202309141235/tools/bin/../lib/gcc/arm-none-eabi/11.3.1/../../../../arm-none-eabi/lib/thumb/v7e-m+fp/hard\libc_nano.a(libc_a-lseekr.o)
                0x000000000800806c                _lseek_r
 .text._read_r  0x0000000008008090       0x24 C:/STM32_Files/STM32CUBE_IDE/STM32CubeIDE_1.14.0/STM32CubeIDE/plugins/com.st.stm32cube.ide.mcu.externaltools.gnu-tools-for-stm32.11.3.rel1.win32_1.1.100.202309141235/tools/bin/../lib/gcc/arm-none-eabi/11.3.1/../../../../arm-none-eabi/lib/thumb/v7e-m+fp/hard\libc_nano.a(libc_a-readr.o)
                0x0000000008008090                _read_r
 .text._write_r
                0x00000000080080b4       0x24 C:/STM32_Files/STM32CUBE_IDE/STM32CubeIDE_1.14.0/STM32CubeIDE/plugins/com.st.stm32cube.ide.mcu.externaltools.gnu-tools-for-stm32.11.3.rel1.win32_1.1.100.202309141235/tools/bin/../lib/gcc/arm-none-eabi/11.3.1/../../../../arm-none-eabi/lib/thumb/v7e-m+fp/hard\libc_nano.a(libc_a-writer.o)
                0x00000000080080b4                _write_r
 .text.__errno  0x00000000080080d8        0xc C:/STM32_Files/STM32CUBE_IDE/STM32CubeIDE_1.14.0/STM32CubeIDE/plugins/com.st.stm32cube.ide.mcu.externaltools.gnu-tools-for-stm32.11.3.rel1.win32_1.1.100.202309141235/tools/bin/../lib/gcc/arm-none-eabi/11.3.1/../../../../arm-none-eabi/lib/thumb/v7e-m+fp/hard\libc_nano.a(libc_a-errno.o)
                0x00000000080080d8                __errno
 .text.__libc_init_array
                0x00000000080080e4       0x48 C:/STM32_Files/STM32CUBE_IDE/STM32CubeIDE_1.14.0/STM32CubeIDE/plugins/com.st.stm32cube.ide.mcu.externaltools.gnu-tools-for-stm32.11.3.rel1.win32_1.1.100.202309141235/tools/bin/../lib/gcc/arm-none-eabi/11.3.1/../../../../arm-none-eabi/lib/thumb/v7e-m+fp/hard\libc_nano.a(libc_a-init.o)
                0x00000000080080e4                __libc_init_array
 .text.__retarget_lock_init_recursive
                0x000000000800812c        0x2 C:/STM32_Files/STM32CUBE_IDE/STM32CubeIDE_1.14.0/STM32CubeIDE/plugins/com.st.stm32cube.ide.mcu.externaltools.gnu-tools-for-stm32.11.3.rel1.win32_1.1.100.202309141235/tools/bin/../lib/gcc/arm-none-eabi/11.3.1/../../../../arm-none-eabi/lib/thumb/v7e-m+fp/hard\libc_nano.a(libc_a-lock.o)
                0x000000000800812c                __retarget_lock_init_recursive
 .text.__retarget_lock_acquire_recursive
                0x000000000800812e        0x2 C:/STM32_Files/STM32CUBE_IDE/STM32CubeIDE_1.14.0/STM32CubeIDE/plugins/com.st.stm32cube.ide.mcu.externaltools.gnu-tools-for-stm32.11.3.rel1.win32_1.1.100.202309141235/tools/bin/../lib/gcc/arm-none-eabi/11.3.1/../../../../arm-none-eabi/lib/thumb/v7e-m+fp/hard\libc_nano.a(libc_a-lock.o)
                0x000000000800812e                __retarget_lock_acquire_recursive
 .text.__retarget_lock_release_recursive
                0x0000000008008130        0x2 C:/STM32_Files/STM32CUBE_IDE/STM32CubeIDE_1.14.0/STM32CubeIDE/plugins/com.st.stm32cube.ide.mcu.externaltools.gnu-tools-for-stm32.11.3.rel1.win32_1.1.100.202309141235/tools/bin/../lib/gcc/arm-none-eabi/11.3.1/../../../../arm-none-eabi/lib/thumb/v7e-m+fp/hard\libc_nano.a(libc_a-lock.o)
                0x0000000008008130                __retarget_lock_release_recursive
 .text.memcpy   0x0000000008008132       0x1c C:/STM32_Files/STM32CUBE_IDE/STM32CubeIDE_1.14.0/STM32CubeIDE/plugins/com.st.stm32cube.ide.mcu.externaltools.gnu-tools-for-stm32.11.3.rel1.win32_1.1.100.202309141235/tools/bin/../lib/gcc/arm-none-eabi/11.3.1/../../../../arm-none-eabi/lib/thumb/v7e-m+fp/hard\libc_nano.a(libc_a-memcpy-stub.o)
                0x0000000008008132                memcpy
 *fill*         0x000000000800814e        0x2 
 .text._free_r  0x0000000008008150       0x98 C:/STM32_Files/STM32CUBE_IDE/STM32CubeIDE_1.14.0/STM32CubeIDE/plugins/com.st.stm32cube.ide.mcu.externaltools.gnu-tools-for-stm32.11.3.rel1.win32_1.1.100.202309141235/tools/bin/../lib/gcc/arm-none-eabi/11.3.1/../../../../arm-none-eabi/lib/thumb/v7e-m+fp/hard\libc_nano.a(libc_a-freer.o)
                0x0000000008008150                _free_r
 .text.sbrk_aligned
                0x00000000080081e8       0x40 C:/STM32_Files/STM32CUBE_IDE/STM32CubeIDE_1.14.0/STM32CubeIDE/plugins/com.st.stm32cube.ide.mcu.externaltools.gnu-tools-for-stm32.11.3.rel1.win32_1.1.100.202309141235/tools/bin/../lib/gcc/arm-none-eabi/11.3.1/../../../../arm-none-eabi/lib/thumb/v7e-m+fp/hard\libc_nano.a(libc_a-mallocr.o)
 .text._malloc_r
                0x0000000008008228      0x100 C:/STM32_Files/STM32CUBE_IDE/STM32CubeIDE_1.14.0/STM32CubeIDE/plugins/com.st.stm32cube.ide.mcu.externaltools.gnu-tools-for-stm32.11.3.rel1.win32_1.1.100.202309141235/tools/bin/../lib/gcc/arm-none-eabi/11.3.1/../../../../arm-none-eabi/lib/thumb/v7e-m+fp/hard\libc_nano.a(libc_a-mallocr.o)
                0x0000000008008228                _malloc_r
 .text.__malloc_lock
                0x0000000008008328        0xc C:/STM32_Files/STM32CUBE_IDE/STM32CubeIDE_1.14.0/STM32CubeIDE/plugins/com.st.stm32cube.ide.mcu.externaltools.gnu-tools-for-stm32.11.3.rel1.win32_1.1.100.202309141235/tools/bin/../lib/gcc/arm-none-eabi/11.3.1/../../../../arm-none-eabi/lib/thumb/v7e-m+fp/hard\libc_nano.a(libc_a-mlock.o)
                0x0000000008008328                __malloc_lock
 .text.__malloc_unlock
                0x0000000008008334        0xc C:/STM32_Files/STM32CUBE_IDE/STM32CubeIDE_1.14.0/STM32CubeIDE/plugins/com.st.stm32cube.ide.mcu.externaltools.gnu-tools-for-stm32.11.3.rel1.win32_1.1.100.202309141235/tools/bin/../lib/gcc/arm-none-eabi/11.3.1/../../../../arm-none-eabi/lib/thumb/v7e-m+fp/hard\libc_nano.a(libc_a-mlock.o)
                0x0000000008008334                __malloc_unlock
 .text.__sflush_r
                0x0000000008008340      0x10c C:/STM32_Files/STM32CUBE_IDE/STM32CubeIDE_1.14.0/STM32CubeIDE/plugins/com.st.stm32cube.ide.mcu.externaltools.gnu-tools-for-stm32.11.3.rel1.win32_1.1.100.202309141235/tools/bin/../lib/gcc/arm-none-eabi/11.3.1/../../../../arm-none-eabi/lib/thumb/v7e-m+fp/hard\libc_nano.a(libc_a-fflush.o)
                0x0000000008008340                __sflush_r
 .text._fflush_r
                0x000000000800844c       0x50 C:/STM32_Files/STM32CUBE_IDE/STM32CubeIDE_1.14.0/STM32CubeIDE/plugins/com.st.stm32cube.ide.mcu.externaltools.gnu-tools-for-stm32.11.3.rel1.win32_1.1.100.202309141235/tools/bin/../lib/gcc/arm-none-eabi/11.3.1/../../../../arm-none-eabi/lib/thumb/v7e-m+fp/hard\libc_nano.a(libc_a-fflush.o)
                0x000000000800844c                _fflush_r
 .text.__swhatbuf_r
                0x000000000800849c       0x4c C:/STM32_Files/STM32CUBE_IDE/STM32CubeIDE_1.14.0/STM32CubeIDE/plugins/com.st.stm32cube.ide.mcu.externaltools.gnu-tools-for-stm32.11.3.rel1.win32_1.1.100.202309141235/tools/bin/../lib/gcc/arm-none-eabi/11.3.1/../../../../arm-none-eabi/lib/thumb/v7e-m+fp/hard\libc_nano.a(libc_a-makebuf.o)
                0x000000000800849c                __swhatbuf_r
 .text.__smakebuf_r
                0x00000000080084e8       0x78 C:/STM32_Files/STM32CUBE_IDE/STM32CubeIDE_1.14.0/STM32CubeIDE/plugins/com.st.stm32cube.ide.mcu.externaltools.gnu-tools-for-stm32.11.3.rel1.win32_1.1.100.202309141235/tools/bin/../lib/gcc/arm-none-eabi/11.3.1/../../../../arm-none-eabi/lib/thumb/v7e-m+fp/hard\libc_nano.a(libc_a-makebuf.o)
                0x00000000080084e8                __smakebuf_r
 .text._fstat_r
                0x0000000008008560       0x24 C:/STM32_Files/STM32CUBE_IDE/STM32CubeIDE_1.14.0/STM32CubeIDE/plugins/com.st.stm32cube.ide.mcu.externaltools.gnu-tools-for-stm32.11.3.rel1.win32_1.1.100.202309141235/tools/bin/../lib/gcc/arm-none-eabi/11.3.1/../../../../arm-none-eabi/lib/thumb/v7e-m+fp/hard\libc_nano.a(libc_a-fstatr.o)
                0x0000000008008560                _fstat_r
 .text._isatty_r
                0x0000000008008584       0x20 C:/STM32_Files/STM32CUBE_IDE/STM32CubeIDE_1.14.0/STM32CubeIDE/plugins/com.st.stm32cube.ide.mcu.externaltools.gnu-tools-for-stm32.11.3.rel1.win32_1.1.100.202309141235/tools/bin/../lib/gcc/arm-none-eabi/11.3.1/../../../../arm-none-eabi/lib/thumb/v7e-m+fp/hard\libc_nano.a(libc_a-isattyr.o)
                0x0000000008008584                _isatty_r
 .text._sbrk_r  0x00000000080085a4       0x20 C:/STM32_Files/STM32CUBE_IDE/STM32CubeIDE_1.14.0/STM32CubeIDE/plugins/com.st.stm32cube.ide.mcu.externaltools.gnu-tools-for-stm32.11.3.rel1.win32_1.1.100.202309141235/tools/bin/../lib/gcc/arm-none-eabi/11.3.1/../../../../arm-none-eabi/lib/thumb/v7e-m+fp/hard\libc_nano.a(libc_a-sbrkr.o)
                0x00000000080085a4                _sbrk_r
 .text.cosf     0x00000000080085c4       0x88 C:/STM32_Files/STM32CUBE_IDE/STM32CubeIDE_1.14.0/STM32CubeIDE/plugins/com.st.stm32cube.ide.mcu.externaltools.gnu-tools-for-stm32.11.3.rel1.win32_1.1.100.202309141235/tools/bin/../lib/gcc/arm-none-eabi/11.3.1/../../../../arm-none-eabi/lib/thumb/v7e-m+fp/hard\libm.a(libm_a-sf_cos.o)
                0x00000000080085c4                cosf
 .text.sinf     0x000000000800864c       0x8c C:/STM32_Files/STM32CUBE_IDE/STM32CubeIDE_1.14.0/STM32CubeIDE/plugins/com.st.stm32cube.ide.mcu.externaltools.gnu-tools-for-stm32.11.3.rel1.win32_1.1.100.202309141235/tools/bin/../lib/gcc/arm-none-eabi/11.3.1/../../../../arm-none-eabi/lib/thumb/v7e-m+fp/hard\libm.a(libm_a-sf_sin.o)
                0x000000000800864c                sinf
 .text.__kernel_cosf
                0x00000000080086d8       0xbc C:/STM32_Files/STM32CUBE_IDE/STM32CubeIDE_1.14.0/STM32CubeIDE/plugins/com.st.stm32cube.ide.mcu.externaltools.gnu-tools-for-stm32.11.3.rel1.win32_1.1.100.202309141235/tools/bin/../lib/gcc/arm-none-eabi/11.3.1/../../../../arm-none-eabi/lib/thumb/v7e-m+fp/hard\libm.a(libm_a-kf_cos.o)
                0x00000000080086d8                __kernel_cosf
 .text.__kernel_sinf
                0x0000000008008794       0x90 C:/STM32_Files/STM32CUBE_IDE/STM32CubeIDE_1.14.0/STM32CubeIDE/plugins/com.st.stm32cube.ide.mcu.externaltools.gnu-tools-for-stm32.11.3.rel1.win32_1.1.100.202309141235/tools/bin/../lib/gcc/arm-none-eabi/11.3.1/../../../../arm-none-eabi/lib/thumb/v7e-m+fp/hard\libm.a(libm_a-kf_sin.o)
                0x0000000008008794                __kernel_sinf
 .text.__ieee754_rem_pio2f
                0x0000000008008824      0x258 C:/STM32_Files/STM32CUBE_IDE/STM32CubeIDE_1.14.0/STM32CubeIDE/plugins/com.st.stm32cube.ide.mcu.externaltools.gnu-tools-for-stm32.11.3.rel1.win32_1.1.100.202309141235/tools/bin/../lib/gcc/arm-none-eabi/11.3.1/../../../../arm-none-eabi/lib/thumb/v7e-m+fp/hard\libm.a(libm_a-ef_rem_pio2.o)
                0x0000000008008824                __ieee754_rem_pio2f
 .text.fabsf    0x0000000008008a7c        0xe C:/STM32_Files/STM32CUBE_IDE/STM32CubeIDE_1.14.0/STM32CubeIDE/plugins/com.st.stm32cube.ide.mcu.externaltools.gnu-tools-for-stm32.11.3.rel1.win32_1.1.100.202309141235/tools/bin/../lib/gcc/arm-none-eabi/11.3.1/../../../../arm-none-eabi/lib/thumb/v7e-m+fp/hard\libm.a(libm_a-sf_fabs.o)
                0x0000000008008a7c                fabsf
 *fill*         0x0000000008008a8a        0x2 
 .text.__kernel_rem_pio2f
                0x0000000008008a8c      0x4e4 C:/STM32_Files/STM32CUBE_IDE/STM32CubeIDE_1.14.0/STM32CubeIDE/plugins/com.st.stm32cube.ide.mcu.externaltools.gnu-tools-for-stm32.11.3.rel1.win32_1.1.100.202309141235/tools/bin/../lib/gcc/arm-none-eabi/11.3.1/../../../../arm-none-eabi/lib/thumb/v7e-m+fp/hard\libm.a(libm_a-kf_rem_pio2.o)
                0x0000000008008a8c                __kernel_rem_pio2f
 .text.scalbnf  0x0000000008008f70       0xcc C:/STM32_Files/STM32CUBE_IDE/STM32CubeIDE_1.14.0/STM32CubeIDE/plugins/com.st.stm32cube.ide.mcu.externaltools.gnu-tools-for-stm32.11.3.rel1.win32_1.1.100.202309141235/tools/bin/../lib/gcc/arm-none-eabi/11.3.1/../../../../arm-none-eabi/lib/thumb/v7e-m+fp/hard\libm.a(libm_a-sf_scalbn.o)
                0x0000000008008f70                scalbnf
 .text.floorf   0x000000000800903c       0x84 C:/STM32_Files/STM32CUBE_IDE/STM32CubeIDE_1.14.0/STM32CubeIDE/plugins/com.st.stm32cube.ide.mcu.externaltools.gnu-tools-for-stm32.11.3.rel1.win32_1.1.100.202309141235/tools/bin/../lib/gcc/arm-none-eabi/11.3.1/../../../../arm-none-eabi/lib/thumb/v7e-m+fp/hard\libm.a(libm_a-sf_floor.o)
                0x000000000800903c                floorf
 *(.glue_7)
 .glue_7        0x00000000080090c0        0x0 linker stubs
 *(.glue_7t)
 .glue_7t       0x00000000080090c0        0x0 linker stubs
 *(.eh_frame)
 .eh_frame      0x00000000080090c0        0x0 C:/STM32_Files/STM32CUBE_IDE/STM32CubeIDE_1.14.0/STM32CubeIDE/plugins/com.st.stm32cube.ide.mcu.externaltools.gnu-tools-for-stm32.11.3.rel1.win32_1.1.100.202309141235/tools/bin/../lib/gcc/arm-none-eabi/11.3.1/thumb/v7e-m+fp/hard/crtbegin.o
 *(.init)
 .init          0x00000000080090c0        0x4 C:/STM32_Files/STM32CUBE_IDE/STM32CubeIDE_1.14.0/STM32CubeIDE/plugins/com.st.stm32cube.ide.mcu.externaltools.gnu-tools-for-stm32.11.3.rel1.win32_1.1.100.202309141235/tools/bin/../lib/gcc/arm-none-eabi/11.3.1/thumb/v7e-m+fp/hard/crti.o
                0x00000000080090c0                _init
 .init          0x00000000080090c4        0x8 C:/STM32_Files/STM32CUBE_IDE/STM32CubeIDE_1.14.0/STM32CubeIDE/plugins/com.st.stm32cube.ide.mcu.externaltools.gnu-tools-for-stm32.11.3.rel1.win32_1.1.100.202309141235/tools/bin/../lib/gcc/arm-none-eabi/11.3.1/thumb/v7e-m+fp/hard/crtn.o
 *(.fini)
 .fini          0x00000000080090cc        0x4 C:/STM32_Files/STM32CUBE_IDE/STM32CubeIDE_1.14.0/STM32CubeIDE/plugins/com.st.stm32cube.ide.mcu.externaltools.gnu-tools-for-stm32.11.3.rel1.win32_1.1.100.202309141235/tools/bin/../lib/gcc/arm-none-eabi/11.3.1/thumb/v7e-m+fp/hard/crti.o
                0x00000000080090cc                _fini
 .fini          0x00000000080090d0        0x8 C:/STM32_Files/STM32CUBE_IDE/STM32CubeIDE_1.14.0/STM32CubeIDE/plugins/com.st.stm32cube.ide.mcu.externaltools.gnu-tools-for-stm32.11.3.rel1.win32_1.1.100.202309141235/tools/bin/../lib/gcc/arm-none-eabi/11.3.1/thumb/v7e-m+fp/hard/crtn.o
                0x00000000080090d8                . = ALIGN (0x4)
                0x00000000080090d8                _etext = .

.vfp11_veneer   0x00000000080090d8        0x0
 .vfp11_veneer  0x00000000080090d8        0x0 linker stubs

.v4_bx          0x00000000080090d8        0x0
 .v4_bx         0x00000000080090d8        0x0 linker stubs

.iplt           0x00000000080090d8        0x0
 .iplt          0x00000000080090d8        0x0 C:/STM32_Files/STM32CUBE_IDE/STM32CubeIDE_1.14.0/STM32CubeIDE/plugins/com.st.stm32cube.ide.mcu.externaltools.gnu-tools-for-stm32.11.3.rel1.win32_1.1.100.202309141235/tools/bin/../lib/gcc/arm-none-eabi/11.3.1/thumb/v7e-m+fp/hard/crtbegin.o

.rodata         0x00000000080090d8      0x7f4
                0x00000000080090d8                . = ALIGN (0x4)
 *(.rodata)
 .rodata        0x00000000080090d8       0xa2 ./Core/Src/main.o
 *fill*         0x000000000800917a        0x2 
 .rodata        0x000000000800917c        0x5 ./Middlewares/FreeRTOS/Source/tasks.o
 *fill*         0x0000000008009181        0x3 
 .rodata        0x0000000008009184        0xd ./Middlewares/FreeRTOS/Source/timers.o
 *(.rodata*)
 *fill*         0x0000000008009191        0x3 
 .rodata.B_pinv
                0x0000000008009194       0xc0 ./Core/Src/control_loop.o
 .rodata.kp     0x0000000008009254       0x18 ./Core/Src/control_loop.o
 .rodata.ki     0x000000000800926c       0x18 ./Core/Src/control_loop.o
 .rodata.kd     0x0000000008009284       0x18 ./Core/Src/control_loop.o
 .rodata.kff    0x000000000800929c       0x18 ./Core/Src/control_loop.o
 .rodata.FF_OFFSET
                0x00000000080092b4       0x18 ./Core/Src/control_loop.o
 .rodata.I_CLAMP
                0x00000000080092cc       0x18 ./Core/Src/control_loop.o
 .rodata.U_MAX  0x00000000080092e4       0x18 ./Core/Src/control_loop.o
 .rodata.AHBPrescTable
                0x00000000080092fc       0x10 ./Core/Src/system_stm32f4xx.o
                0x00000000080092fc                AHBPrescTable
 .rodata.dvl_sop
                0x000000000800930c        0x6 ./Devices/dvl/dvl.o
 *fill*         0x0000000008009312        0x2 
 .rodata.dvl_data_id
                0x0000000008009314        0x9 ./Devices/dvl/dvl.o
 *fill*         0x000000000800931d        0x3 
 .rodata.font5x7
                0x0000000008009320      0x1db ./Devices/oled/oled.o
 *fill*         0x00000000080094fb        0x1 
 .rodata.npio2_hw
                0x00000000080094fc       0x80 C:/STM32_Files/STM32CUBE_IDE/STM32CubeIDE_1.14.0/STM32CubeIDE/plugins/com.st.stm32cube.ide.mcu.externaltools.gnu-tools-for-stm32.11.3.rel1.win32_1.1.100.202309141235/tools/bin/../lib/gcc/arm-none-eabi/11.3.1/../../../../arm-none-eabi/lib/thumb/v7e-m+fp/hard\libm.a(libm_a-ef_rem_pio2.o)
 .rodata.two_over_pi
                0x000000000800957c      0x318 C:/STM32_Files/STM32CUBE_IDE/STM32CubeIDE_1.14.0/STM32CubeIDE/plugins/com.st.stm32cube.ide.mcu.externaltools.gnu-tools-for-stm32.11.3.rel1.win32_1.1.100.202309141235/tools/bin/../lib/gcc/arm-none-eabi/11.3.1/../../../../arm-none-eabi/lib/thumb/v7e-m+fp/hard\libm.a(libm_a-ef_rem_pio2.o)
 .rodata.PIo2   0x0000000008009894       0x2c C:/STM32_Files/STM32CUBE_IDE/STM32CubeIDE_1.14.0/STM32CubeIDE/plugins/com.st.stm32cube.ide.mcu.externaltools.gnu-tools-for-stm32.11.3.rel1.win32_1.1.100.202309141235/tools/bin/../lib/gcc/arm-none-eabi/11.3.1/../../../../arm-none-eabi/lib/thumb/v7e-m+fp/hard\libm.a(libm_a-kf_rem_pio2.o)
 .rodata.init_jk
                0x00000000080098c0        0xc C:/STM32_Files/STM32CUBE_IDE/STM32CubeIDE_1.14.0/STM32CubeIDE/plugins/com.st.stm32cube.ide.mcu.externaltools.gnu-tools-for-stm32.11.3.rel1.win32_1.1.100.202309141235/tools/bin/../lib/gcc/arm-none-eabi/11.3.1/../../../../arm-none-eabi/lib/thumb/v7e-m+fp/hard\libm.a(libm_a-kf_rem_pio2.o)
                0x00000000080098cc                . = ALIGN (0x4)

.rel.dyn        0x00000000080098cc        0x0
 .rel.iplt      0x00000000080098cc        0x0 C:/STM32_Files/STM32CUBE_IDE/STM32CubeIDE_1.14.0/STM32CubeIDE/plugins/com.st.stm32cube.ide.mcu.externaltools.gnu-tools-for-stm32.11.3.rel1.win32_1.1.100.202309141235/tools/bin/../lib/gcc/arm-none-eabi/11.3.1/thumb/v7e-m+fp/hard/crtbegin.o

.ARM.extab      0x00000000080098cc        0x0
                0x00000000080098cc                . = ALIGN (0x4)
 *(.ARM.extab* .gnu.linkonce.armextab.*)
                0x00000000080098cc                . = ALIGN (0x4)

.ARM            0x00000000080098cc        0x0
                0x00000000080098cc                . = ALIGN (0x4)
                0x00000000080098cc                __exidx_start = .
 *(.ARM.exidx*)
                0x00000000080098cc                __exidx_end = .
                0x00000000080098cc                . = ALIGN (0x4)

.preinit_array  0x00000000080098cc        0x0
                0x00000000080098cc                . = ALIGN (0x4)
                0x00000000080098cc                PROVIDE (__preinit_array_start = .)
 *(.preinit_array*)
                0x00000000080098cc                PROVIDE (__preinit_array_end = .)
                0x00000000080098cc                . = ALIGN (0x4)

.init_array     0x00000000080098cc        0x4
                0x00000000080098cc                . = ALIGN (0x4)
                0x00000000080098cc                PROVIDE (__init_array_start = .)
 *(SORT_BY_NAME(.init_array.*))
 *(.init_array*)
 .init_array    0x00000000080098cc        0x4 C:/STM32_Files/STM32CUBE_IDE/STM32CubeIDE_1.14.0/STM32CubeIDE/plugins/com.st.stm32cube.ide.mcu.externaltools.gnu-tools-for-stm32.11.3.rel1.win32_1.1.100.202309141235/tools/bin/../lib/gcc/arm-none-eabi/11.3.1/thumb/v7e-m+fp/hard/crtbegin.o
                0x00000000080098d0                PROVIDE (__init_array_end = .)
                0x00000000080098d0                . = ALIGN (0x4)

.fini_array     0x00000000080098d0        0x4
                0x00000000080098d0                . = ALIGN (0x4)
                [!provide]                        PROVIDE (__fini_array_start = .)
 *(SORT_BY_NAME(.fini_array.*))
 *(.fini_array*)
 .fini_array    0x00000000080098d0        0x4 C:/STM32_Files/STM32CUBE_IDE/STM32CubeIDE_1.14.0/STM32CubeIDE/plugins/com.st.stm32cube.ide.mcu.externaltools.gnu-tools-for-stm32.11.3.rel1.win32_1.1.100.202309141235/tools/bin/../lib/gcc/arm-none-eabi/11.3.1/thumb/v7e-m+fp/hard/crtbegin.o
                [!provide]                        PROVIDE (__fini_array_end = .)
                0x00000000080098d4                . = ALIGN (0x4)
                0x00000000080098d4                _sidata = LOADADDR (.data)

.data           0x0000000020000000       0x68 load address 0x00000000080098d4
                0x0000000020000000                . = ALIGN (0x4)
                0x0000000020000000                _sdata = .
 *(.data)
 *(.data*)
 .data.SystemCoreClock
                0x0000000020000000        0x4 ./Core/Src/system_stm32f4xx.o
                0x0000000020000000                SystemCoreClock
 .data.uxTopUsedPriority
                0x0000000020000004        0x4 ./Middlewares/FreeRTOS/Source/tasks.o
 .data.uxCriticalNesting
                0x0000000020000008        0x4 ./Middlewares/FreeRTOS/Source/portable/GCC/ARM_CM4F/port.o
 .data.__sglue  0x000000002000000c        0xc C:/STM32_Files/STM32CUBE_IDE/STM32CubeIDE_1.14.0/STM32CubeIDE/plugins/com.st.stm32cube.ide.mcu.externaltools.gnu-tools-for-stm32.11.3.rel1.win32_1.1.100.202309141235/tools/bin/../lib/gcc/arm-none-eabi/11.3.1/../../../../arm-none-eabi/lib/thumb/v7e-m+fp/hard\libc_nano.a(libc_a-findfp.o)
                0x000000002000000c                __sglue
 .data._impure_data
                0x0000000020000018       0x4c C:/STM32_Files/STM32CUBE_IDE/STM32CubeIDE_1.14.0/STM32CubeIDE/plugins/com.st.stm32cube.ide.mcu.externaltools.gnu-tools-for-stm32.11.3.rel1.win32_1.1.100.202309141235/tools/bin/../lib/gcc/arm-none-eabi/11.3.1/../../../../arm-none-eabi/lib/thumb/v7e-m+fp/hard\libc_nano.a(libc_a-impure.o)
                0x0000000020000018                _impure_data
 .data._impure_ptr
                0x0000000020000064        0x4 C:/STM32_Files/STM32CUBE_IDE/STM32CubeIDE_1.14.0/STM32CubeIDE/plugins/com.st.stm32cube.ide.mcu.externaltools.gnu-tools-for-stm32.11.3.rel1.win32_1.1.100.202309141235/tools/bin/../lib/gcc/arm-none-eabi/11.3.1/../../../../arm-none-eabi/lib/thumb/v7e-m+fp/hard\libc_nano.a(libc_a-impure.o)
                0x0000000020000064                _impure_ptr
 *(.RamFunc)
 *(.RamFunc*)
                0x0000000020000068                . = ALIGN (0x4)
                0x0000000020000068                _edata = .

.igot.plt       0x0000000020000068        0x0 load address 0x000000000800993c
 .igot.plt      0x0000000020000068        0x0 C:/STM32_Files/STM32CUBE_IDE/STM32CubeIDE_1.14.0/STM32CubeIDE/plugins/com.st.stm32cube.ide.mcu.externaltools.gnu-tools-for-stm32.11.3.rel1.win32_1.1.100.202309141235/tools/bin/../lib/gcc/arm-none-eabi/11.3.1/thumb/v7e-m+fp/hard/crtbegin.o
                0x0000000020000068                . = ALIGN (0x4)

.bss            0x0000000020000068     0x67b4 load address 0x000000000800993c
                0x0000000020000068                _sbss = .
                0x0000000020000068                __bss_start__ = _sbss
 *(.bss)
 .bss           0x0000000020000068       0x1c C:/STM32_Files/STM32CUBE_IDE/STM32CubeIDE_1.14.0/STM32CubeIDE/plugins/com.st.stm32cube.ide.mcu.externaltools.gnu-tools-for-stm32.11.3.rel1.win32_1.1.100.202309141235/tools/bin/../lib/gcc/arm-none-eabi/11.3.1/thumb/v7e-m+fp/hard/crtbegin.o
 *(.bss*)
 .bss.bar30Queue
                0x0000000020000084        0x4 ./Core/Src/bar30_task.o
                0x0000000020000084                bar30Queue
 .bss.commsTaskHandle
                0x0000000020000088        0x4 ./Core/Src/comms_task.o
                0x0000000020000088                commsTaskHandle
 .bss.commandQueue
                0x000000002000008c        0x4 ./Core/Src/comms_task.o
                0x000000002000008c                commandQueue
 .bss.g_state   0x0000000020000090       0x20 ./Core/Src/comp_filter.o
 .bss.log_pending
                0x00000000200000b0        0x1 ./Core/Src/control_loop.o
                0x00000000200000b0                log_pending
 *fill*         0x00000000200000b1        0x3 
 .bss.controlTaskHandle
                0x00000000200000b4        0x4 ./Core/Src/control_loop.o
                0x00000000200000b4                controlTaskHandle
 .bss.pose      0x00000000200000b8       0x18 ./Core/Src/control_loop.o
 .bss.target    0x00000000200000d0       0x18 ./Core/Src/control_loop.o
 .bss.errState  0x00000000200000e8       0x18 ./Core/Src/control_loop.o
 .bss.errPrev   0x0000000020000100       0x18 ./Core/Src/control_loop.o
 .bss.errInt    0x0000000020000118       0x18 ./Core/Src/control_loop.o
 .bss.U         0x0000000020000130       0x18 ./Core/Src/control_loop.o
 .bss.T_out     0x0000000020000148       0x20 ./Core/Src/control_loop.o
 .bss.g_pwm_current
                0x0000000020000168       0x20 ./Core/Src/control_loop.o
 .bss.g_armed   0x0000000020000188        0x1 ./Core/Src/control_loop.o
 *fill*         0x0000000020000189        0x3 
 .bss.last_cmd_tick
                0x000000002000018c        0x4 ./Core/Src/control_loop.o
 .bss.link_ok   0x0000000020000190        0x1 ./Core/Src/control_loop.o
                0x0000000020000190                link_ok
 *fill*         0x0000000020000191        0x3 
 .bss.dvlQueue  0x0000000020000194        0x4 ./Core/Src/dvl_task.o
                0x0000000020000194                dvlQueue
 .bss.__sbrk_heap_end
                0x0000000020000198        0x4 ./Core/Src/sysmem.o
 .bss.vn200Queue
                0x000000002000019c        0x4 ./Core/Src/vn200_task.o
                0x000000002000019c                vn200Queue
 .bss.prom      0x00000000200001a0       0x10 ./Devices/bar30/bar30.o
 .bss.dvl_packet
                0x00000000200001b0       0x74 ./Devices/dvl/dvl.o
 .bss.dvl_index
                0x0000000020000224        0x2 ./Devices/dvl/dvl.o
 .bss.dvl_sop_index
                0x0000000020000226        0x1 ./Devices/dvl/dvl.o
 .bss.dvl_state
                0x0000000020000227        0x1 ./Devices/dvl/dvl.o
 .bss.dvl_latest
                0x0000000020000228       0x4c ./Devices/dvl/dvl.o
 .bss.framebuf  0x0000000020000274      0x400 ./Devices/oled/oled.o
 .bss.vn200_packet
                0x0000000020000674       0x2c ./Devices/vn200/vn200.o
 .bss.vn200_index
                0x00000000200006a0        0x2 ./Devices/vn200/vn200.o
 *fill*         0x00000000200006a2        0x2 
 .bss.vn200_latest
                0x00000000200006a4       0x28 ./Devices/vn200/vn200.o
 .bss.dma3_rx_buf
                0x00000000200006cc      0x100 ./Drivers/uart/uart3.o
 .bss.last_dma_pos
                0x00000000200007cc        0x2 ./Drivers/uart/uart3.o
 *fill*         0x00000000200007ce        0x2 
 .bss.uart3_rx_buf
                0x00000000200007d0      0x100 ./Drivers/uart/uart3.o
 .bss.uart3_rx_head
                0x00000000200008d0        0x2 ./Drivers/uart/uart3.o
 .bss.uart3_rx_tail
                0x00000000200008d2        0x2 ./Drivers/uart/uart3.o
 .bss.vn200TaskHandle
                0x00000000200008d4        0x4 ./Drivers/uart/uart3.o
                0x00000000200008d4                vn200TaskHandle
 .bss.dma4_rx_buf
                0x00000000200008d8      0x100 ./Drivers/uart/uart4.o
 .bss.last_dma_pos
                0x00000000200009d8        0x2 ./Drivers/uart/uart4.o
 *fill*         0x00000000200009da        0x2 
 .bss.uart4_rx_buf
                0x00000000200009dc      0x100 ./Drivers/uart/uart4.o
 .bss.uart4_rx_head
                0x0000000020000adc        0x2 ./Drivers/uart/uart4.o
 .bss.uart4_rx_tail
                0x0000000020000ade        0x2 ./Drivers/uart/uart4.o
 .bss.dvlTaskHandle
                0x0000000020000ae0        0x4 ./Drivers/uart/uart4.o
                0x0000000020000ae0                dvlTaskHandle
 .bss.dma_rx_buf
                0x0000000020000ae4      0x100 ./Drivers/uart/uart_packet.o
 .bss.last_dma_pos
                0x0000000020000be4        0x2 ./Drivers/uart/uart_packet.o
 *fill*         0x0000000020000be6        0x2 
 .bss.xQueueRegistry
                0x0000000020000be8       0x40 ./Middlewares/FreeRTOS/Source/queue.o
                0x0000000020000be8                xQueueRegistry
 .bss.pxCurrentTCB
                0x0000000020000c28        0x4 ./Middlewares/FreeRTOS/Source/tasks.o
                0x0000000020000c28                pxCurrentTCB
 .bss.pxReadyTasksLists
                0x0000000020000c2c       0xa0 ./Middlewares/FreeRTOS/Source/tasks.o
 .bss.xDelayedTaskList1
                0x0000000020000ccc       0x14 ./Middlewares/FreeRTOS/Source/tasks.o
 .bss.xDelayedTaskList2
                0x0000000020000ce0       0x14 ./Middlewares/FreeRTOS/Source/tasks.o
 .bss.pxDelayedTaskList
                0x0000000020000cf4        0x4 ./Middlewares/FreeRTOS/Source/tasks.o
 .bss.pxOverflowDelayedTaskList
                0x0000000020000cf8        0x4 ./Middlewares/FreeRTOS/Source/tasks.o
 .bss.xPendingReadyList
                0x0000000020000cfc       0x14 ./Middlewares/FreeRTOS/Source/tasks.o
 .bss.xTasksWaitingTermination
                0x0000000020000d10       0x14 ./Middlewares/FreeRTOS/Source/tasks.o
 .bss.uxDeletedTasksWaitingCleanUp
                0x0000000020000d24        0x4 ./Middlewares/FreeRTOS/Source/tasks.o
 .bss.xSuspendedTaskList
                0x0000000020000d28       0x14 ./Middlewares/FreeRTOS/Source/tasks.o
 .bss.uxCurrentNumberOfTasks
                0x0000000020000d3c        0x4 ./Middlewares/FreeRTOS/Source/tasks.o
 .bss.xTickCount
                0x0000000020000d40        0x4 ./Middlewares/FreeRTOS/Source/tasks.o
 .bss.uxTopReadyPriority
                0x0000000020000d44        0x4 ./Middlewares/FreeRTOS/Source/tasks.o
 .bss.xSchedulerRunning
                0x0000000020000d48        0x4 ./Middlewares/FreeRTOS/Source/tasks.o
 .bss.xPendedTicks
                0x0000000020000d4c        0x4 ./Middlewares/FreeRTOS/Source/tasks.o
 .bss.xYieldPendings
                0x0000000020000d50        0x4 ./Middlewares/FreeRTOS/Source/tasks.o
 .bss.xNumOfOverflows
                0x0000000020000d54        0x4 ./Middlewares/FreeRTOS/Source/tasks.o
 .bss.uxTaskNumber
                0x0000000020000d58        0x4 ./Middlewares/FreeRTOS/Source/tasks.o
 .bss.xNextTaskUnblockTime
                0x0000000020000d5c        0x4 ./Middlewares/FreeRTOS/Source/tasks.o
 .bss.xIdleTaskHandles
                0x0000000020000d60        0x4 ./Middlewares/FreeRTOS/Source/tasks.o
 .bss.uxSchedulerSuspended
                0x0000000020000d64        0x4 ./Middlewares/FreeRTOS/Source/tasks.o
 .bss.xActiveTimerList1
                0x0000000020000d68       0x14 ./Middlewares/FreeRTOS/Source/timers.o
 .bss.xActiveTimerList2
                0x0000000020000d7c       0x14 ./Middlewares/FreeRTOS/Source/timers.o
 .bss.pxCurrentTimerList
                0x0000000020000d90        0x4 ./Middlewares/FreeRTOS/Source/timers.o
 .bss.pxOverflowTimerList
                0x0000000020000d94        0x4 ./Middlewares/FreeRTOS/Source/timers.o
 .bss.xTimerQueue
                0x0000000020000d98        0x4 ./Middlewares/FreeRTOS/Source/timers.o
 .bss.xTimerTaskHandle
                0x0000000020000d9c        0x4 ./Middlewares/FreeRTOS/Source/timers.o
 .bss.xLastTime.0
                0x0000000020000da0        0x4 ./Middlewares/FreeRTOS/Source/timers.o
 .bss.ucMaxSysCallPriority
                0x0000000020000da4        0x1 ./Middlewares/FreeRTOS/Source/portable/GCC/ARM_CM4F/port.o
 *fill*         0x0000000020000da5        0x3 
 .bss.ulMaxPRIGROUPValue
                0x0000000020000da8        0x4 ./Middlewares/FreeRTOS/Source/portable/GCC/ARM_CM4F/port.o
 .bss.ucHeap    0x0000000020000dac     0x5800 ./Middlewares/FreeRTOS/Source/portable/MemMang/heap_4.o
 .bss.xStart    0x00000000200065ac        0x8 ./Middlewares/FreeRTOS/Source/portable/MemMang/heap_4.o
 .bss.pxEnd     0x00000000200065b4        0x4 ./Middlewares/FreeRTOS/Source/portable/MemMang/heap_4.o
 .bss.xFreeBytesRemaining
                0x00000000200065b8        0x4 ./Middlewares/FreeRTOS/Source/portable/MemMang/heap_4.o
 .bss.xMinimumEverFreeBytesRemaining
                0x00000000200065bc        0x4 ./Middlewares/FreeRTOS/Source/portable/MemMang/heap_4.o
 .bss.xNumberOfSuccessfulAllocations
                0x00000000200065c0        0x4 ./Middlewares/FreeRTOS/Source/portable/MemMang/heap_4.o
 .bss.xNumberOfSuccessfulFrees
                0x00000000200065c4        0x4 ./Middlewares/FreeRTOS/Source/portable/MemMang/heap_4.o
 .bss.rx_buf    0x00000000200065c8      0x100 ./Protocol/ring_buffer.o
 .bss.rx_head   0x00000000200066c8        0x2 ./Protocol/ring_buffer.o
 .bss.rx_tail   0x00000000200066ca        0x2 ./Protocol/ring_buffer.o
 .bss.rx_count  0x00000000200066cc        0x2 ./Protocol/ring_buffer.o
 *fill*         0x00000000200066ce        0x2 
 .bss.__sf      0x00000000200066d0      0x138 C:/STM32_Files/STM32CUBE_IDE/STM32CubeIDE_1.14.0/STM32CubeIDE/plugins/com.st.stm32cube.ide.mcu.externaltools.gnu-tools-for-stm32.11.3.rel1.win32_1.1.100.202309141235/tools/bin/../lib/gcc/arm-none-eabi/11.3.1/../../../../arm-none-eabi/lib/thumb/v7e-m+fp/hard\libc_nano.a(libc_a-findfp.o)
                0x00000000200066d0                __sf
 .bss.__stdio_exit_handler
                0x0000000020006808        0x4 C:/STM32_Files/STM32CUBE_IDE/STM32CubeIDE_1.14.0/STM32CubeIDE/plugins/com.st.stm32cube.ide.mcu.externaltools.gnu-tools-for-stm32.11.3.rel1.win32_1.1.100.202309141235/tools/bin/../lib/gcc/arm-none-eabi/11.3.1/../../../../arm-none-eabi/lib/thumb/v7e-m+fp/hard\libc_nano.a(libc_a-findfp.o)
                0x0000000020006808                __stdio_exit_handler
 .bss.errno     0x000000002000680c        0x4 C:/STM32_Files/STM32CUBE_IDE/STM32CubeIDE_1.14.0/STM32CubeIDE/plugins/com.st.stm32cube.ide.mcu.externaltools.gnu-tools-for-stm32.11.3.rel1.win32_1.1.100.202309141235/tools/bin/../lib/gcc/arm-none-eabi/11.3.1/../../../../arm-none-eabi/lib/thumb/v7e-m+fp/hard\libc_nano.a(libc_a-reent.o)
                0x000000002000680c                errno
 .bss.__lock___malloc_recursive_mutex
                0x0000000020006810        0x1 C:/STM32_Files/STM32CUBE_IDE/STM32CubeIDE_1.14.0/STM32CubeIDE/plugins/com.st.stm32cube.ide.mcu.externaltools.gnu-tools-for-stm32.11.3.rel1.win32_1.1.100.202309141235/tools/bin/../lib/gcc/arm-none-eabi/11.3.1/../../../../arm-none-eabi/lib/thumb/v7e-m+fp/hard\libc_nano.a(libc_a-lock.o)
                0x0000000020006810                __lock___malloc_recursive_mutex
 .bss.__lock___sfp_recursive_mutex
                0x0000000020006811        0x1 C:/STM32_Files/STM32CUBE_IDE/STM32CubeIDE_1.14.0/STM32CubeIDE/plugins/com.st.stm32cube.ide.mcu.externaltools.gnu-tools-for-stm32.11.3.rel1.win32_1.1.100.202309141235/tools/bin/../lib/gcc/arm-none-eabi/11.3.1/../../../../arm-none-eabi/lib/thumb/v7e-m+fp/hard\libc_nano.a(libc_a-lock.o)
                0x0000000020006811                __lock___sfp_recursive_mutex
 *fill*         0x0000000020006812        0x2 
 .bss.__malloc_free_list
                0x0000000020006814        0x4 C:/STM32_Files/STM32CUBE_IDE/STM32CubeIDE_1.14.0/STM32CubeIDE/plugins/com.st.stm32cube.ide.mcu.externaltools.gnu-tools-for-stm32.11.3.rel1.win32_1.1.100.202309141235/tools/bin/../lib/gcc/arm-none-eabi/11.3.1/../../../../arm-none-eabi/lib/thumb/v7e-m+fp/hard\libc_nano.a(libc_a-mallocr.o)
                0x0000000020006814                __malloc_free_list
 .bss.__malloc_sbrk_start
                0x0000000020006818        0x4 C:/STM32_Files/STM32CUBE_IDE/STM32CubeIDE_1.14.0/STM32CubeIDE/plugins/com.st.stm32cube.ide.mcu.externaltools.gnu-tools-for-stm32.11.3.rel1.win32_1.1.100.202309141235/tools/bin/../lib/gcc/arm-none-eabi/11.3.1/../../../../arm-none-eabi/lib/thumb/v7e-m+fp/hard\libc_nano.a(libc_a-mallocr.o)
                0x0000000020006818                __malloc_sbrk_start
 *(COMMON)
                0x000000002000681c                . = ALIGN (0x4)
                0x000000002000681c                _ebss = .
                0x000000002000681c                __bss_end__ = _ebss

._user_heap_stack
                0x000000002000681c      0x604 load address 0x000000000800993c
                0x0000000020006820                . = ALIGN (0x8)
 *fill*         0x000000002000681c        0x4 
                [!provide]                        PROVIDE (end = .)
                0x0000000020006820                PROVIDE (_end = .)
                0x0000000020006a20                . = (. + _Min_Heap_Size)
 *fill*         0x0000000020006820      0x200 
                0x0000000020006e20                . = (. + _Min_Stack_Size)
 *fill*         0x0000000020006a20      0x400 
                0x0000000020006e20                . = ALIGN (0x8)

/DISCARD/
 libc.a(*)
 libm.a(*)
 libgcc.a(*)

.ARM.attributes
                0x0000000000000000       0x30
 *(.ARM.attributes)
 .ARM.attributes
                0x0000000000000000       0x1e C:/STM32_Files/STM32CUBE_IDE/STM32CubeIDE_1.14.0/STM32CubeIDE/plugins/com.st.stm32cube.ide.mcu.externaltools.gnu-tools-for-stm32.11.3.rel1.win32_1.1.100.202309141235/tools/bin/../lib/gcc/arm-none-eabi/11.3.1/thumb/v7e-m+fp/hard/crti.o
 .ARM.attributes
                0x000000000000001e       0x34 C:/STM32_Files/STM32CUBE_IDE/STM32CubeIDE_1.14.0/STM32CubeIDE/plugins/com.st.stm32cube.ide.mcu.externaltools.gnu-tools-for-stm32.11.3.rel1.win32_1.1.100.202309141235/tools/bin/../lib/gcc/arm-none-eabi/11.3.1/thumb/v7e-m+fp/hard/crtbegin.o
 .ARM.attributes
                0x0000000000000052       0x34 ./Core/Src/bar30_task.o
 .ARM.attributes
                0x0000000000000086       0x34 ./Core/Src/comms_task.o
 .ARM.attributes
                0x00000000000000ba       0x34 ./Core/Src/comp_filter.o
 .ARM.attributes
                0x00000000000000ee       0x34 ./Core/Src/control_loop.o
 .ARM.attributes
                0x0000000000000122       0x34 ./Core/Src/dvl_task.o
 .ARM.attributes
                0x0000000000000156       0x34 ./Core/Src/filter_task.o
 .ARM.attributes
                0x000000000000018a       0x34 ./Core/Src/main.o
 .ARM.attributes
                0x00000000000001be       0x34 ./Core/Src/stm32f4xx_it.o
 .ARM.attributes
                0x00000000000001f2       0x34 ./Core/Src/syscalls.o
 .ARM.attributes
                0x0000000000000226       0x34 ./Core/Src/sysmem.o
 .ARM.attributes
                0x000000000000025a       0x34 ./Core/Src/system_init.o
 .ARM.attributes
                0x000000000000028e       0x34 ./Core/Src/system_stm32f4xx.o
 .ARM.attributes
                0x00000000000002c2       0x34 ./Core/Src/vn200_task.o
 .ARM.attributes
                0x00000000000002f6       0x21 ./Core/Startup/startup_stm32f446retx.o
 .ARM.attributes
                0x0000000000000317       0x34 ./Devices/bar30/bar30.o
 .ARM.attributes
                0x000000000000034b       0x34 ./Devices/dvl/dvl.o
 .ARM.attributes
                0x000000000000037f       0x34 ./Devices/oled/oled.o
 .ARM.attributes
                0x00000000000003b3       0x34 ./Devices/vn200/vn200.o
 .ARM.attributes
                0x00000000000003e7       0x34 ./Drivers/adc/adc.o
 .ARM.attributes
                0x000000000000041b       0x34 ./Drivers/crc_hw/crc_hw.o
 .ARM.attributes
                0x000000000000044f       0x34 ./Drivers/dac/dac.o
 .ARM.attributes
                0x0000000000000483       0x34 ./Drivers/gpio/gpio.o
 .ARM.attributes
                0x00000000000004b7       0x34 ./Drivers/i2c/i2c.o
 .ARM.attributes
                0x00000000000004eb       0x34 ./Drivers/spi/spi.o
 .ARM.attributes
                0x000000000000051f       0x34 ./Drivers/timer/timer_basic.o
 .ARM.attributes
                0x0000000000000553       0x34 ./Drivers/timer/timer_pwm.o
 .ARM.attributes
                0x0000000000000587       0x34 ./Drivers/timer/timer_timebase.o
 .ARM.attributes
                0x00000000000005bb       0x34 ./Drivers/uart/uart.o
 .ARM.attributes
                0x00000000000005ef       0x34 ./Drivers/uart/uart3.o
 .ARM.attributes
                0x0000000000000623       0x34 ./Drivers/uart/uart4.o
 .ARM.attributes
                0x0000000000000657       0x34 ./Drivers/uart/uart_packet.o
 .ARM.attributes
                0x000000000000068b       0x34 ./Middlewares/FreeRTOS/Source/list.o
 .ARM.attributes
                0x00000000000006bf       0x34 ./Middlewares/FreeRTOS/Source/queue.o
 .ARM.attributes
                0x00000000000006f3       0x34 ./Middlewares/FreeRTOS/Source/tasks.o
 .ARM.attributes
                0x0000000000000727       0x34 ./Middlewares/FreeRTOS/Source/timers.o
 .ARM.attributes
                0x000000000000075b       0x34 ./Middlewares/FreeRTOS/Source/portable/GCC/ARM_CM4F/port.o
 .ARM.attributes
                0x000000000000078f       0x34 ./Middlewares/FreeRTOS/Source/portable/MemMang/heap_4.o
 .ARM.attributes
                0x00000000000007c3       0x34 ./Protocol/packet.o
 .ARM.attributes
                0x00000000000007f7       0x34 ./Protocol/ring_buffer.o
 .ARM.attributes
                0x000000000000082b       0x34 ./Protocol/sd_card/sd_card.o
 .ARM.attributes
                0x000000000000085f       0x34 C:/STM32_Files/STM32CUBE_IDE/STM32CubeIDE_1.14.0/STM32CubeIDE/plugins/com.st.stm32cube.ide.mcu.externaltools.gnu-tools-for-stm32.11.3.rel1.win32_1.1.100.202309141235/tools/bin/../lib/gcc/arm-none-eabi/11.3.1/../../../../arm-none-eabi/lib/thumb/v7e-m+fp/hard\libc_nano.a(libc_a-findfp.o)
 .ARM.attributes
                0x0000000000000893       0x34 C:/STM32_Files/STM32CUBE_IDE/STM32CubeIDE_1.14.0/STM32CubeIDE/plugins/com.st.stm32cube.ide.mcu.externaltools.gnu-tools-for-stm32.11.3.rel1.win32_1.1.100.202309141235/tools/bin/../lib/gcc/arm-none-eabi/11.3.1/../../../../arm-none-eabi/lib/thumb/v7e-m+fp/hard\libc_nano.a(libc_a-fwalk.o)
 .ARM.attributes
                0x00000000000008c7       0x34 C:/STM32_Files/STM32CUBE_IDE/STM32CubeIDE_1.14.0/STM32CubeIDE/plugins/com.st.stm32cube.ide.mcu.externaltools.gnu-tools-for-stm32.11.3.rel1.win32_1.1.100.202309141235/tools/bin/../lib/gcc/arm-none-eabi/11.3.1/../../../../arm-none-eabi/lib/thumb/v7e-m+fp/hard\libc_nano.a(libc_a-puts.o)
 .ARM.attributes
                0x00000000000008fb       0x34 C:/STM32_Files/STM32CUBE_IDE/STM32CubeIDE_1.14.0/STM32CubeIDE/plugins/com.st.stm32cube.ide.mcu.externaltools.gnu-tools-for-stm32.11.3.rel1.win32_1.1.100.202309141235/tools/bin/../lib/gcc/arm-none-eabi/11.3.1/../../../../arm-none-eabi/lib/thumb/v7e-m+fp/hard\libc_nano.a(libc_a-stdio.o)
 .ARM.attributes
                0x000000000000092f       0x34 C:/STM32_Files/STM32CUBE_IDE/STM32CubeIDE_1.14.0/STM32CubeIDE/plugins/com.st.stm32cube.ide.mcu.externaltools.gnu-tools-for-stm32.11.3.rel1.win32_1.1.100.202309141235/tools/bin/../lib/gcc/arm-none-eabi/11.3.1/../../../../arm-none-eabi/lib/thumb/v7e-m+fp/hard\libc_nano.a(libc_a-wbuf.o)
 .ARM.attributes
                0x0000000000000963       0x34 C:/STM32_Files/STM32CUBE_IDE/STM32CubeIDE_1.14.0/STM32CubeIDE/plugins/com.st.stm32cube.ide.mcu.externaltools.gnu-tools-for-stm32.11.3.rel1.win32_1.1.100.202309141235/tools/bin/../lib/gcc/arm-none-eabi/11.3.1/../../../../arm-none-eabi/lib/thumb/v7e-m+fp/hard\libc_nano.a(libc_a-wsetup.o)
 .ARM.attributes
                0x0000000000000997       0x34 C:/STM32_Files/STM32CUBE_IDE/STM32CubeIDE_1.14.0/STM32CubeIDE/plugins/com.st.stm32cube.ide.mcu.externaltools.gnu-tools-for-stm32.11.3.rel1.win32_1.1.100.202309141235/tools/bin/../lib/gcc/arm-none-eabi/11.3.1/../../../../arm-none-eabi/lib/thumb/v7e-m+fp/hard\libc_nano.a(libc_a-memset.o)
 .ARM.attributes
                0x00000000000009cb       0x34 C:/STM32_Files/STM32CUBE_IDE/STM32CubeIDE_1.14.0/STM32CubeIDE/plugins/com.st.stm32cube.ide.mcu.externaltools.gnu-tools-for-stm32.11.3.rel1.win32_1.1.100.202309141235/tools/bin/../lib/gcc/arm-none-eabi/11.3.1/../../../../arm-none-eabi/lib/thumb/v7e-m+fp/hard\libc_nano.a(libc_a-closer.o)
 .ARM.attributes
                0x00000000000009ff       0x34 C:/STM32_Files/STM32CUBE_IDE/STM32CubeIDE_1.14.0/STM32CubeIDE/plugins/com.st.stm32cube.ide.mcu.externaltools.gnu-tools-for-stm32.11.3.rel1.win32_1.1.100.202309141235/tools/bin/../lib/gcc/arm-none-eabi/11.3.1/../../../../arm-none-eabi/lib/thumb/v7e-m+fp/hard\libc_nano.a(libc_a-reent.o)
 .ARM.attributes
                0x0000000000000a33       0x34 C:/STM32_Files/STM32CUBE_IDE/STM32CubeIDE_1.14.0/STM32CubeIDE/plugins/com.st.stm32cube.ide.mcu.externaltools.gnu-tools-for-stm32.11.3.rel1.win32_1.1.100.202309141235/tools/bin/../lib/gcc/arm-none-eabi/11.3.1/../../../../arm-none-eabi/lib/thumb/v7e-m+fp/hard\libc_nano.a(libc_a-impure.o)
 .ARM.attributes
                0x0000000000000a67       0x34 C:/STM32_Files/STM32CUBE_IDE/STM32CubeIDE_1.14.0/STM32CubeIDE/plugins/com.st.stm32cube.ide.mcu.externaltools.gnu-tools-for-stm32.11.3.rel1.win32_1.1.100.202309141235/tools/bin/../lib/gcc/arm-none-eabi/11.3.1/../../../../arm-none-eabi/lib/thumb/v7e-m+fp/hard\libc_nano.a(libc_a-lseekr.o)