Archive member included to satisfy reference by file (symbol)

C:/STM32_Files/STM32CUBE_IDE/STM32CubeIDE_1.14.0/STM32CubeIDE/plugins/com.st.stm32cube.ide.mcu.externaltools.gnu-tools-for-stm32.11.3.rel1.win32_1.1.100.202309141235/tools/bin/../lib/gcc/arm-none-eabi/11.3.1/../../../../arm-none-eabi/lib/thumb/v7e-m+fp/hard\libc_nano.a(libc_a-exit.o)
                              C:/STM32_Files/STM32CUBE_IDE/STM32CubeIDE_1.14.0/STM32CubeIDE/plugins/com.st.stm32cube.ide.mcu.externaltools.gnu-tools-for-stm32.11.3.rel1.win32_1.1.100.202309141235/tools/bin/../lib/gcc/arm-none-eabi/11.3.1/../../../../arm-none-eabi/lib/thumb/v7e-m+fp/hard/crt0.o (exit)
C:/STM32_Files/STM32CUBE_IDE/STM32CubeIDE_1.14.0/STM32CubeIDE/plugins/com.st.stm32cube.ide.mcu.externaltools.gnu-tools-for-stm32.11.3.rel1.win32_1.1.100.202309141235/tools/bin/../lib/gcc/arm-none-eabi/11.3.1/../../../../arm-none-eabi/lib/thumb/v7e-m+fp/hard\libc_nano.a(libc_a-findfp.o)
                              C:/STM32_Files/STM32CUBE_IDE/STM32CubeIDE_1.14.0/STM32CubeIDE/plugins/com.st.stm32cube.ide.mcu.externaltools.gnu-tools-for-stm32.11.3.rel1.win32_1.1.100.202309141235/tools/bin/../lib/gcc/arm-none-eabi/11.3.1/../../../../arm-none-eabi/lib/thumb/v7e-m+fp/hard\libc_nano.a(libc_a-exit.o) (__stdio_exit_handler)
C:/STM32_Files/STM32CUBE_IDE/STM32CubeIDE_1.14.0/STM32CubeIDE/plugins/com.st.stm32cube.ide.mcu.externaltools.gnu-tools-for-stm32.11.3.rel1.win32_1.1.100.202309141235/tools/bin/../lib/gcc/arm-none-eabi/11.3.1/../../../../arm-none-eabi/lib/thumb/v7e-m+fp/hard\libc_nano.a(libc_a-fwalk.o)
                              C:/STM32_Files/STM32CUBE_IDE/STM32CubeIDE_1.14.0/STM32CubeIDE/plugins/com.st.stm32cube.ide.mcu.externaltools.gnu-tools-for-stm32.11.3.rel1.win32_1.1.100.202309141235/tools/bin/../lib/gcc/arm-none-eabi/11.3.1/../../../../arm-none-eabi/lib/thumb/v7e-m+fp/hard\libc_nano.a(libc_a-findfp.o) (_fwalk_sglue)
C:/STM32_Files/STM32CUBE_IDE/STM32CubeIDE_1.14.0/STM32CubeIDE/plugins/com.st.stm32cube.ide.mcu.externaltools.gnu-tools-for-stm32.11.3.rel1.win32_1.1.100.202309141235/tools/bin/../lib/gcc/arm-none-eabi/11.3.1/../../../../arm-none-eabi/lib/thumb/v7e-m+fp/hard\libc_nano.a(libc_a-printf.o)
                              ./Core/Src/main.o (printf)
C:/STM32_Files/STM32CUBE_IDE/STM32CubeIDE_1.14.0/STM32CubeIDE/plugins/com.st.stm32cube.ide.mcu.externaltools.gnu-tools-for-stm32.11.3.rel1.win32_1.1.100.202309141235/tools/bin/../lib/gcc/arm-none-eabi/11.3.1/../../../../arm-none-eabi/lib/thumb/v7e-m+fp/hard\libc_nano.a(libc_a-puts.o)
                              ./Core/Src/main.o (puts)
C:/STM32_Files/STM32CUBE_IDE/STM32CubeIDE_1.14.0/STM32CubeIDE/plugins/com.st.stm32cube.ide.mcu.externaltools.gnu-tools-for-stm32.11.3.rel1.win32_1.1.100.202309141235/tools/bin/../lib/gcc/arm-none-eabi/11.3.1/../../../../arm-none-eabi/lib/thumb/v7e-m+fp/hard\libc_nano.a(libc_a-stdio.o)
                              C:/STM32_Files/STM32CUBE_IDE/STM32CubeIDE_1.14.0/STM32CubeIDE/plugins/com.st.stm32cube.ide.mcu.externaltools.gnu-tools-for-stm32.11.3.rel1.win32_1.1.100.202309141235/tools/bin/../lib/gcc/arm-none-eabi/11.3.1/../../../../arm-none-eabi/lib/thumb/v7e-m+fp/hard\libc_nano.a(libc_a-findfp.o) (__sread)
C:/STM32_Files/STM32CUBE_IDE/STM32CubeIDE_1.14.0/STM32CubeIDE/plugins/com.st.stm32cube.ide.mcu.externaltools.gnu-tools-for-stm32.11.3.rel1.win32_1.1.100.202309141235/tools/bin/../lib/gcc/arm-none-eabi/11.3.1/../../../../arm-none-eabi/lib/thumb/v7e-m+fp/hard\libc_nano.a(libc_a-wbuf.o)
                              C:/STM32_Files/STM32CUBE_IDE/STM32CubeIDE_1.14.0/STM32CubeIDE/plugins/com.st.stm32cube.ide.mcu.externaltools.gnu-tools-for-stm32.11.3.rel1.win32_1.1.100.202309141235/tools/bin/../lib/gcc/arm-none-eabi/11.3.1/../../../../arm-none-eabi/lib/thumb/v7e-m+fp/hard\libc_nano.a(libc_a-puts.o) (__swbuf_r)
C:/STM32_Files/STM32CUBE_IDE/STM32CubeIDE_1.14.0/STM32CubeIDE/plugins/com.st.stm32cube.ide.mcu.externaltools.gnu-tools-for-stm32.11.3.rel1.win32_1.1.100.202309141235/tools/bin/../lib/gcc/arm-none-eabi/11.3.1/../../../../arm-none-eabi/lib/thumb/v7e-m+fp/hard\libc_nano.a(libc_a-wsetup.o)
                              C:/STM32_Files/STM32CUBE_IDE/STM32CubeIDE_1.14.0/STM32CubeIDE/plugins/com.st.stm32cube.ide.mcu.externaltools.gnu-tools-for-stm32.11.3.rel1.win32_1.1.100.202309141235/tools/bin/../lib/gcc/arm-none-eabi/11.3.1/../../../../arm-none-eabi/lib/thumb/v7e-m+fp/hard\libc_nano.a(libc_a-puts.o) (__swsetup_r)
C:/STM32_Files/STM32CUBE_IDE/STM32CubeIDE_1.14.0/STM32CubeIDE/plugins/com.st.stm32cube.ide.mcu.externaltools.gnu-tools-for-stm32.11.3.rel1.win32_1.1.100.202309141235/tools/bin/../lib/gcc/arm-none-eabi/11.3.1/../../../../arm-none-eabi/lib/thumb/v7e-m+fp/hard\libc_nano.a(libc_a-memset.o)
[...]
Memory Configuration

Name             Origin             Length             Attributes
RAM              0x0000000020000000 0x0000000000020000 xrw
FLASH            0x0000000008000000 0x0000000000080000 xr
*default*        0x0000000000000000 0xffffffffffffffff

Linker script and memory map

LOAD C:/STM32_Files/STM32CUBE_IDE/STM32CubeIDE_1.14.0/STM32CubeIDE/plugins/com.st.stm32cube.ide.mcu.externaltools.gnu-tools-for-stm32.11.3.rel1.win32_1.1.100.202309141235/tools/bin/../lib/gcc/arm-none-eabi/11.3.1/thumb/v7e-m+fp/hard/crti.o
LOAD C:/STM32_Files/STM32CUBE_IDE/STM32CubeIDE_1.14.0/STM32CubeIDE/plugins/com.st.stm32cube.ide.mcu.externaltools.gnu-tools-for-stm32.11.3.rel1.win32_1.1.100.202309141235/tools/bin/../lib/gcc/arm-none-eabi/11.3.1/thumb/v7e-m+fp/hard/crtbegin.o
LOAD C:/STM32_Files/STM32CUBE_IDE/STM32CubeIDE_1.14.0/STM32CubeIDE/plugins/com.st.stm32cube.ide.mcu.externaltools.gnu-tools-for-stm32.11.3.rel1.win32_1.1.100.202309141235/tools/bin/../lib/gcc/arm-none-eabi/11.3.1/../../../../arm-none-eabi/lib/thumb/v7e-m+fp/hard/crt0.o
LOAD ./Core/Src/control_loop.o
LOAD ./Core/Src/main.o
LOAD ./Core/Src/stm32f4xx_it.o
LOAD ./Core/Src/syscalls.o
LOAD ./Core/Src/sysmem.o
LOAD ./Core/Src/system_init.o
LOAD ./Core/Src/system_stm32f4xx.o
LOAD ./Core/Startup/startup_stm32f446retx.o
LOAD ./Devices/bar30/bar30.o
LOAD ./Devices/oled/oled.o
LOAD ./Devices/sd_card/sd_card.o
LOAD ./Devices/sd_card/sd_logger.o
LOAD ./Drivers/adc/adc.o
LOAD ./Drivers/crc_hw/crc_hw.o
LOAD ./Drivers/dac/dac.o
LOAD ./Drivers/gpio/gpio.o
LOAD ./Drivers/i2c/i2c.o
LOAD ./Drivers/iwdg/iwdg.o
LOAD ./Drivers/spi/spi.o
LOAD ./Drivers/timer/timer_basic.o
LOAD ./Drivers/timer/timer_pwm.o
LOAD ./Drivers/timer/timer_timebase.o
LOAD ./Drivers/uart/uart.o
LOAD ./Drivers/uart/uart_packet.o
LOAD ./Protocol/packet.o
LOAD ./Protocol/ring_buffer.o
LOAD ./Protocol/struct.o
START GROUP
LOAD C:/STM32_Files/STM32CUBE_IDE/STM32CubeIDE_1.14.0/STM32CubeIDE/plugins/com.st.stm32cube.ide.mcu.externaltools.gnu-tools-for-stm32.11.3.rel1.win32_1.1.100.202309141235/tools/bin/../lib/gcc/arm-none-eabi/11.3.1/../../../../arm-none-eabi/lib/thumb/v7e-m+fp/hard\libc_nano.a
LOAD C:/STM32_Files/STM32CUBE_IDE/STM32CubeIDE_1.14.0/STM32CubeIDE/plugins/com.st.stm32cube.ide.mcu.externaltools.gnu-tools-for-stm32.11.3.rel1.win32_1.1.100.202309141235/tools/bin/../lib/gcc/arm-none-eabi/11.3.1/../../../../arm-none-eabi/lib/thumb/v7e-m+fp/hard\libm.a
END GROUP
START GROUP
LOAD C:/STM32_Files/STM32CUBE_IDE/STM32CubeIDE_1.14.0/STM32CubeIDE/plugins/com.st.stm32cube.ide.mcu.externaltools.gnu-tools-for-stm32.11.3.rel1.win32_1.1.100.202309141235/tools/bin/../lib/gcc/arm-none-eabi/11.3.1/thumb/v7e-m+fp/hard\libgcc.a
LOAD C:/STM32_Files/STM32CUBE_IDE/STM32CubeIDE_1.14.0/STM32CubeIDE/plugins/com.st.stm32cube.ide.mcu.externaltools.gnu-tools-for-stm32.11.3.rel1.win32_1.1.100.202309141235/tools/bin/../lib/gcc/arm-none-eabi/11.3.1/../../../../arm-none-eabi/lib/thumb/v7e-m+fp/hard\libc_nano.a
END GROUP
START GROUP
LOAD C:/STM32_Files/STM32CUBE_IDE/STM32CubeIDE_1.14.0/STM32CubeIDE/plugins/com.st.stm32cube.ide.mcu.externaltools.gnu-tools-for-stm32.11.3.rel1.win32_1.1.100.202309141235/tools/bin/../lib/gcc/arm-none-eabi/11.3.1/thumb/v7e-m+fp/hard\libgcc.a
LOAD C:/STM32_Files/STM32CUBE_IDE/STM32CubeIDE_1.14.0/STM32CubeIDE/plugins/com.st.stm32cube.ide.mcu.externaltools.gnu-tools-for-stm32.11.3.rel1.win32_1.1.100.202309141235/tools/bin/../lib/gcc/arm-none-eabi/11.3.1/../../../../arm-none-eabi/lib/thumb/v7e-m+fp/hard\libc_nano.a
LOAD C:/STM32_Files/STM32CUBE_IDE/STM32CubeIDE_1.14.0/STM32CubeIDE/plugins/com.st.stm32cube.ide.mcu.externaltools.gnu-tools-for-stm32.11.3.rel1.win32_1.1.100.202309141235/tools/bin/../lib/gcc/arm-none-eabi/11.3.1/../../../../arm-none-eabi/lib/thumb/v7e-m+fp/hard\libnosys.a
END GROUP
START GROUP
LOAD C:/STM32_Files/STM32CUBE_IDE/STM32CubeIDE_1.14.0/STM32CubeIDE/plugins/com.st.stm32cube.ide.mcu.externaltools.gnu-tools-for-stm32.11.3.rel1.win32_1.1.100.202309141235/tools/bin/../lib/gcc/arm-none-eabi/11.3.1/thumb/v7e-m+fp/hard\libgcc.a
LOAD C:/STM32_Files/STM32CUBE_IDE/STM32CubeIDE_1.14.0/STM32CubeIDE/plugins/com.st.stm32cube.ide.mcu.externaltools.gnu-tools-for-stm32.11.3.rel1.win32_1.1.100.202309141235/tools/bin/../lib/gcc/arm-none-eabi/11.3.1/../../../../arm-none-eabi/lib/thumb/v7e-m+fp/hard\libc_nano.a
LOAD C:/STM32_Files/STM32CUBE_IDE/STM32CubeIDE_1.14.0/STM32CubeIDE/plugins/com.st.stm32cube.ide.mcu.externaltools.gnu-tools-for-stm32.11.3.rel1.win32_1.1.100.202309141235/tools/bin/../lib/gcc/arm-none-eabi/11.3.1/../../../../arm-none-eabi/lib/thumb/v7e-m+fp/hard\libnosys.a
END GROUP
LOAD C:/STM32_Files/STM32CUBE_IDE/STM32CubeIDE_1.14.0/STM32CubeIDE/plugins/com.st.stm32cube.ide.mcu.externaltools.gnu-tools-for-stm32.11.3.rel1.win32_1.1.100.202309141235/tools/bin/../lib/gcc/arm-none-eabi/11.3.1/thumb/v7e-m+fp/hard/crtend.o
LOAD C:/STM32_Files/STM32CUBE_IDE/STM32CubeIDE_1.14.0/STM32CubeIDE/plugins/com.st.stm32cube.ide.mcu.externaltools.gnu-tools-for-stm32.11.3.rel1.win32_1.1.100.202309141235/tools/bin/../lib/gcc/arm-none-eabi/11.3.1/thumb/v7e-m+fp/hard/crtn.o
                0x0000000020020000                _estack = (ORIGIN (RAM) + LENGTH (RAM))
                0x0000000000000200                _Min_Heap_Size = 0x200
                0x0000000000000400                _Min_Stack_Size = 0x400

.isr_vector     0x0000000008000000      0x1c4
                0x0000000008000000                . = ALIGN (0x4)
 *(.isr_vector)
 .isr_vector    0x0000000008000000      0x1c4 ./Core/Startup/startup_stm32f446retx.o
                0x0000000008000000                g_pfnVectors
                0x00000000080001c4                . = ALIGN (0x4)

.text           0x00000000080001d0     0x3700
                0x00000000080001d0                . = ALIGN (0x4)
 *(.text)
 .text          0x00000000080001d0       0x40 C:/STM32_Files/STM32CUBE_IDE/STM32CubeIDE_1.14.0/STM32CubeIDE/plugins/com.st.stm32cube.ide.mcu.externaltools.gnu-tools-for-stm32.11.3.rel1.win32_1.1.100.202309141235/tools/bin/../lib/gcc/arm-none-eabi/11.3.1/thumb/v7e-m+fp/hard/crtbegin.o
 .text          0x0000000008000210       0xa0 C:/STM32_Files/STM32CUBE_IDE/STM32CubeIDE_1.14.0/STM32CubeIDE/plugins/com.st.stm32cube.ide.mcu.externaltools.gnu-tools-for-stm32.11.3.rel1.win32_1.1.100.202309141235/tools/bin/../lib/gcc/arm-none-eabi/11.3.1/../../../../arm-none-eabi/lib/thumb/v7e-m+fp/hard\libc_nano.a(libc_a-memchr.o)
                0x0000000008000210                memchr
 *(.text*)
 .text.wrapAngle180
                0x00000000080002b0       0x74 ./Core/Src/control_loop.o
 .text.thrust_to_pwm
                0x0000000008000324       0x84 ./Core/Src/control_loop.o
 .text.control_loop_init
                0x00000000080003a8       0xa4 ./Core/Src/control_loop.o
                0x00000000080003a8                control_loop_init
 .text.control_loop_tick
                0x000000000800044c       0x38 ./Core/Src/control_loop.o
                0x000000000800044c                control_loop_tick
 .text.cmd_update
                0x0000000008000484       0x58 ./Core/Src/control_loop.o
                0x0000000008000484                cmd_update
 .text.computePID
                0x00000000080004dc      0x288 ./Core/Src/control_loop.o
                0x00000000080004dc                computePID
 .text.computeAllocation
                0x0000000008000764      0x3e0 ./Core/Src/control_loop.o
                0x0000000008000764                computeAllocation
 .text.applyPWM
                0x0000000008000b44      0x108 ./Core/Src/control_loop.o
                0x0000000008000b44                applyPWM
 .text.enterFailsafe
                0x0000000008000c4c       0x94 ./Core/Src/control_loop.o
                0x0000000008000c4c                enterFailsafe
 .text.checkCommandTimeout
                0x0000000008000ce0       0x2c ./Core/Src/control_loop.o
                0x0000000008000ce0                checkCommandTimeout
 .text.control_loop_get_pwm
                0x0000000008000d0c       0x58 ./Core/Src/control_loop.o
                0x0000000008000d0c                control_loop_get_pwm
 .text.control_loop_get_armed
                0x0000000008000d64       0x18 ./Core/Src/control_loop.o
                0x0000000008000d64                control_loop_get_armed
 .text.control_loop_get_link
                0x0000000008000d7c       0x18 ./Core/Src/control_loop.o
                0x0000000008000d7c                control_loop_get_link
 .text.main     0x0000000008000d94      0x270 ./Core/Src/main.o
                0x0000000008000d94                main
 .text.NMI_Handler
                0x0000000008001004        0x6 ./Core/Src/stm32f4xx_it.o
                0x0000000008001004                NMI_Handler
 .text.HardFault_Handler
                0x000000000800100a        0x6 ./Core/Src/stm32f4xx_it.o
                0x000000000800100a                HardFault_Handler
 .text.MemManage_Handler
                0x0000000008001010        0x6 ./Core/Src/stm32f4xx_it.o
                0x0000000008001010                MemManage_Handler
 .text.BusFault_Handler
                0x0000000008001016        0x6 ./Core/Src/stm32f4xx_it.o
                0x0000000008001016                BusFault_Handler
 .text.UsageFault_Handler
                0x000000000800101c        0x6 ./Core/Src/stm32f4xx_it.o
                0x000000000800101c                UsageFault_Handler
 .text.SVC_Handler
                0x0000000008001022        0xe ./Core/Src/stm32f4xx_it.o
                0x0000000008001022                SVC_Handler
 .text.DebugMon_Handler
                0x0000000008001030        0xe ./Core/Src/stm32f4xx_it.o
                0x0000000008001030                DebugMon_Handler
 .text.PendSV_Handler
                0x000000000800103e        0xe ./Core/Src/stm32f4xx_it.o
                0x000000000800103e                PendSV_Handler
 .text.SysTick_Handler
                0x000000000800104c       0x1c ./Core/Src/stm32f4xx_it.o
                0x000000000800104c                SysTick_Handler
 .text.TIM7_IRQHandler
                0x0000000008001068       0x38 ./Core/Src/stm32f4xx_it.o
                0x0000000008001068                TIM7_IRQHandler
 .text._read    0x00000000080010a0       0x3a ./Core/Src/syscalls.o
                0x00000000080010a0                _read
 .text._close   0x00000000080010da       0x18 ./Core/Src/syscalls.o
                0x00000000080010da                _close
 .text._fstat   0x00000000080010f2       0x20 ./Core/Src/syscalls.o
                0x00000000080010f2                _fstat
 .text._isatty  0x0000000008001112       0x16 ./Core/Src/syscalls.o
                0x0000000008001112                _isatty
 .text._lseek   0x0000000008001128       0x1a ./Core/Src/syscalls.o
                0x0000000008001128                _lseek
 *fill*         0x0000000008001142        0x2 
 .text._sbrk    0x0000000008001144       0x6c ./Core/Src/sysmem.o
                0x0000000008001144                _sbrk
 .text.system_clock_init
                0x00000000080011b0       0xc4 ./Core/Src/system_init.o
                0x00000000080011b0                system_clock_init
 .text.systick_init
                0x0000000008001274       0x34 ./Core/Src/system_init.o
                0x0000000008001274                systick_init
 .text.delay_ms
                0x00000000080012a8       0x30 ./Core/Src/system_init.o
                0x00000000080012a8                delay_ms
 .text.SystemInit
                0x00000000080012d8       0x24 ./Core/Src/system_stm32f4xx.o
                0x00000000080012d8                SystemInit
 .text.Reset_Handler
                0x00000000080012fc       0x50 ./Core/Startup/startup_stm32f446retx.o
                0x00000000080012fc                Reset_Handler
 .text.Default_Handler
                0x000000000800134c        0x2 ./Core/Startup/startup_stm32f446retx.o
                0x000000000800134c                RTC_Alarm_IRQHandler
                0x000000000800134c                EXTI2_IRQHandler
                0x000000000800134c                TIM8_CC_IRQHandler
                0x000000000800134c                FMPI2C1_EV_IRQHandler
                0x000000000800134c                SPI4_IRQHandler
                0x000000000800134c                TIM1_CC_IRQHandler
                0x000000000800134c                DMA2_Stream5_IRQHandler
                0x000000000800134c                DMA1_Stream5_IRQHandler
                0x000000000800134c                PVD_IRQHandler
                0x000000000800134c                SDIO_IRQHandler
                0x000000000800134c                TAMP_STAMP_IRQHandler
                0x000000000800134c                CAN2_RX1_IRQHandler
                0x000000000800134c                EXTI3_IRQHandler
                0x000000000800134c                TIM8_TRG_COM_TIM14_IRQHandler
                0x000000000800134c                TIM1_UP_TIM10_IRQHandler
                0x000000000800134c                TIM8_UP_TIM13_IRQHandler
                0x000000000800134c                I2C3_ER_IRQHandler
                0x000000000800134c                EXTI0_IRQHandler
                0x000000000800134c                I2C2_EV_IRQHandler
                0x000000000800134c                DMA1_Stream2_IRQHandler
                0x000000000800134c                CAN1_RX0_IRQHandler
                0x000000000800134c                FPU_IRQHandler
                0x000000000800134c                OTG_HS_WKUP_IRQHandler
                0x000000000800134c                CAN2_SCE_IRQHandler
                0x000000000800134c                DMA2_Stream2_IRQHandler
                0x000000000800134c                SPI1_IRQHandler
                0x000000000800134c                TIM6_DAC_IRQHandler
                0x000000000800134c                TIM1_BRK_TIM9_IRQHandler
                0x000000000800134c                DCMI_IRQHandler
                0x000000000800134c                CAN2_RX0_IRQHandler
                0x000000000800134c                DMA2_Stream3_IRQHandler
                0x000000000800134c                SAI2_IRQHandler
                0x000000000800134c                USART6_IRQHandler
                0x000000000800134c                USART3_IRQHandler
                0x000000000800134c                CAN1_RX1_IRQHandler
                0x000000000800134c                UART5_IRQHandler
                0x000000000800134c                DMA2_Stream0_IRQHandler
                0x000000000800134c                TIM4_IRQHandler
                0x000000000800134c                QUADSPI_IRQHandler
                0x000000000800134c                I2C1_EV_IRQHandler
                0x000000000800134c                DMA1_Stream6_IRQHandler
                0x000000000800134c                DMA1_Stream1_IRQHandler
                0x000000000800134c                UART4_IRQHandler
                0x000000000800134c                TIM3_IRQHandler
                0x000000000800134c                RCC_IRQHandler
                0x000000000800134c                TIM8_BRK_TIM12_IRQHandler
                0x000000000800134c                Default_Handler
                0x000000000800134c                CEC_IRQHandler
                0x000000000800134c                EXTI15_10_IRQHandler
                0x000000000800134c                ADC_IRQHandler
                0x000000000800134c                DMA1_Stream7_IRQHandler
                0x000000000800134c                CAN2_TX_IRQHandler
                0x000000000800134c                TIM5_IRQHandler
                0x000000000800134c                DMA2_Stream7_IRQHandler
                0x000000000800134c                I2C3_EV_IRQHandler
                0x000000000800134c                EXTI9_5_IRQHandler
                0x000000000800134c                RTC_WKUP_IRQHandler
                0x000000000800134c                SPDIF_RX_IRQHandler
                0x000000000800134c                SPI2_IRQHandler
                0x000000000800134c                OTG_HS_EP1_IN_IRQHandler
                0x000000000800134c                DMA1_Stream0_IRQHandler
                0x000000000800134c                CAN1_TX_IRQHandler
                0x000000000800134c                FMPI2C1_ER_IRQHandler
                0x000000000800134c                EXTI4_IRQHandler
                0x000000000800134c                OTG_HS_EP1_OUT_IRQHandler
                0x000000000800134c                WWDG_IRQHandler
                0x000000000800134c                TIM2_IRQHandler
                0x000000000800134c                OTG_FS_WKUP_IRQHandler
                0x000000000800134c                TIM1_TRG_COM_TIM11_IRQHandler
                0x000000000800134c                OTG_HS_IRQHandler
                0x000000000800134c                EXTI1_IRQHandler
                0x000000000800134c                USART2_IRQHandler
                0x000000000800134c                I2C2_ER_IRQHandler
                0x000000000800134c                DMA2_Stream1_IRQHandler
                0x000000000800134c                CAN1_SCE_IRQHandler
                0x000000000800134c                FLASH_IRQHandler
                0x000000000800134c                DMA2_Stream4_IRQHandler
                0x000000000800134c                OTG_FS_IRQHandler
                0x000000000800134c                SPI3_IRQHandler
                0x000000000800134c                DMA1_Stream4_IRQHandler
                0x000000000800134c                I2C1_ER_IRQHandler
                0x000000000800134c                FMC_IRQHandler
                0x000000000800134c                DMA2_Stream6_IRQHandler
                0x000000000800134c                SAI1_IRQHandler
                0x000000000800134c                DMA1_Stream3_IRQHandler
 *fill*         0x000000000800134e        0x2 
 .text.bar30_init
                0x0000000008001350       0x78 ./Devices/bar30/bar30.o
                0x0000000008001350                bar30_init
 .text.dc_res_init
                0x00000000080013c8       0x50 ./Devices/oled/oled.o
 .text.write_cmd
                0x0000000008001418       0x30 ./Devices/oled/oled.o
 .text.delay_ms_simple
                0x0000000008001448       0x34 ./Devices/oled/oled.o
 .text.oled_init
                0x000000000800147c       0xdc ./Devices/oled/oled.o
                0x000000000800147c                oled_init
 .text.oled_clear
                0x0000000008001558       0x18 ./Devices/oled/oled.o
                0x0000000008001558                oled_clear
 .text.oled_update
                0x0000000008001570       0x68 ./Devices/oled/oled.o
                0x0000000008001570                oled_update
 .text.oled_draw_string
                0x00000000080015d8       0xb8 ./Devices/oled/oled.o
                0x00000000080015d8                oled_draw_string
 .text.sd_delay
                0x0000000008001690       0x28 ./Devices/sd_card/sd_card.o
 .text.sd_send_cmd
                0x00000000080016b8       0x8e ./Devices/sd_card/sd_card.o
 .text.sd_init  0x0000000008001746      0x154 ./Devices/sd_card/sd_card.o
                0x0000000008001746                sd_init
 *fill*         0x000000000800189a        0x2 
 .text.sd_write_block
                0x000000000800189c       0xcc ./Devices/sd_card/sd_card.o
                0x000000000800189c                sd_write_block
 .text.sd_logger_write
                0x0000000008001968       0x70 ./Devices/sd_card/sd_logger.o
                0x0000000008001968                sd_logger_write
 .text.adc_init
                0x00000000080019d8       0x4c ./Drivers/adc/adc.o
                0x00000000080019d8                adc_init
 .text.crc_init
                0x0000000008001a24       0x20 ./Drivers/crc_hw/crc_hw.o
                0x0000000008001a24                crc_init
 .text.crc_compute
                0x0000000008001a44       0xcc ./Drivers/crc_hw/crc_hw.o
                0x0000000008001a44                crc_compute
 .text.dac_init
                0x0000000008001b10       0x58 ./Drivers/dac/dac.o
                0x0000000008001b10                dac_init
 .text.gpio_init
                0x0000000008001b68       0x90 ./Drivers/gpio/gpio.o
                0x0000000008001b68                gpio_init
 .text.i2c1_init
                0x0000000008001bf8       0xd0 ./Drivers/i2c/i2c.o
                0x0000000008001bf8                i2c1_init
 .text.i2c_write
                0x0000000008001cc8       0x94 ./Drivers/i2c/i2c.o
                0x0000000008001cc8                i2c_write
 .text.i2c_read
                0x0000000008001d5c       0xbc ./Drivers/i2c/i2c.o
                0x0000000008001d5c                i2c_read
 .text.iwdg_init
                0x0000000008001e18       0x30 ./Drivers/iwdg/iwdg.o
                0x0000000008001e18                iwdg_init
 .text.iwdg_kick
                0x0000000008001e48       0x1c ./Drivers/iwdg/iwdg.o
                0x0000000008001e48                iwdg_kick
 .text.spi1_init
                0x0000000008001e64      0x14c ./Drivers/spi/spi.o
                0x0000000008001e64                spi1_init
 .text.spi_transmit
                0x0000000008001fb0       0x54 ./Drivers/spi/spi.o
                0x0000000008001fb0                spi_transmit
 .text.spi_transfer
                0x0000000008002004       0x48 ./Drivers/spi/spi.o
                0x0000000008002004                spi_transfer
 .text.spi_receive
                0x000000000800204c       0x10 ./Drivers/spi/spi.o
                0x000000000800204c                spi_receive
 .text.spi_select_oled
                0x000000000800205c       0x1c ./Drivers/spi/spi.o
                0x000000000800205c                spi_select_oled
 .text.spi_deselect_oled
                0x0000000008002078       0x18 ./Drivers/spi/spi.o
                0x0000000008002078                spi_deselect_oled
 .text.spi_select_sd
                0x0000000008002090       0x1c ./Drivers/spi/spi.o
                0x0000000008002090                spi_select_sd
 .text.spi_deselect_sd
                0x00000000080020ac       0x18 ./Drivers/spi/spi.o
                0x00000000080020ac                spi_deselect_sd
 .text.__NVIC_EnableIRQ
                0x00000000080020c4       0x3c ./Drivers/timer/timer_basic.o
 .text.__NVIC_SetPriority
                0x0000000008002100       0x54 ./Drivers/timer/timer_basic.o
 .text.tim7_init
                0x0000000008002154       0x54 ./Drivers/timer/timer_basic.o
                0x0000000008002154                tim7_init
 .text.timer3_pwm_init
                0x00000000080021a8       0xa8 ./Drivers/timer/timer_pwm.o
                0x00000000080021a8                timer3_pwm_init
 .text.pwm_set_us
                0x0000000008002250       0x28 ./Drivers/timer/timer_pwm.o
                0x0000000008002250                pwm_set_us
 .text.timer2_timebase_init
                0x0000000008002278       0x6c ./Drivers/timer/timer_timebase.o
                0x0000000008002278                timer2_timebase_init
 .text.uart2_init
                0x00000000080022e4       0xb4 ./Drivers/uart/uart.o
                0x00000000080022e4                uart2_init
 .text.uart2_write_byte
                0x0000000008002398       0x30 ./Drivers/uart/uart.o
                0x0000000008002398                uart2_write_byte
 .text.uart2_write_buf
                0x00000000080023c8       0x38 ./Drivers/uart/uart.o
                0x00000000080023c8                uart2_write_buf
 .text.uart2_write_str
                0x0000000008002400       0x2c ./Drivers/uart/uart.o
                0x0000000008002400                uart2_write_str
 .text._write   0x000000000800242c       0x22 ./Drivers/uart/uart.o
                0x000000000800242c                _write
 *fill*         0x000000000800244e        0x2 
 .text.__NVIC_EnableIRQ
                0x0000000008002450       0x3c ./Drivers/uart/uart_packet.o
 .text.__NVIC_SetPriority
                0x000000000800248c       0x54 ./Drivers/uart/uart_packet.o
 .text.uart1_init
                0x00000000080024e0      0x148 ./Drivers/uart/uart_packet.o
                0x00000000080024e0                uart1_init
 .text.USART1_IRQHandler
                0x0000000008002628       0xa0 ./Drivers/uart/uart_packet.o
                0x0000000008002628                USART1_IRQHandler
 .text.uart1_write_buf
                0x00000000080026c8       0x4c ./Drivers/uart/uart_packet.o
                0x00000000080026c8                uart1_write_buf
 .text.packet_build_telemetry
                0x0000000008002714       0x7a ./Protocol/packet.o
                0x0000000008002714                packet_build_telemetry
 .text.packet_parse_cmd
                0x000000000800278e       0xea ./Protocol/packet.o
                0x000000000800278e                packet_parse_cmd
 .text.rx_write
                0x0000000008002878       0x70 ./Protocol/ring_buffer.o
                0x0000000008002878                rx_write
 .text.rx_avail
                0x00000000080028e8       0x18 ./Protocol/ring_buffer.o
                0x00000000080028e8                rx_avail
 .text.rx_peek  0x0000000008002900       0x30 ./Protocol/ring_buffer.o
                0x0000000008002900                rx_peek
 .text.rx_eat   0x0000000008002930       0x48 ./Protocol/ring_buffer.o
                0x0000000008002930                rx_eat
 .text.std      0x0000000008002978       0x6c C:/STM32_Files/STM32CUBE_IDE/STM32CubeIDE_1.14.0/STM32CubeIDE/plugins/com.st.stm32cube.ide.mcu.externaltools.gnu-tools-for-stm32.11.3.rel1.win32_1.1.100.202309141235/tools/bin/../lib/gcc/arm-none-eabi/11.3.1/../../../../arm-none-eabi/lib/thumb/v7e-m+fp/hard\libc_nano.a(libc_a-findfp.o)
 .text.stdio_exit_handler
                0x00000000080029e4       0x18 C:/STM32_Files/STM32CUBE_IDE/STM32CubeIDE_1.14.0/STM32CubeIDE/plugins/com.st.stm32cube.ide.mcu.externaltools.gnu-tools-for-stm32.11.3.rel1.win32_1.1.100.202309141235/tools/bin/../lib/gcc/arm-none-eabi/11.3.1/../../../../arm-none-eabi/lib/thumb/v7e-m+fp/hard\libc_nano.a(libc_a-findfp.o)
 .text.cleanup_stdio
                0x00000000080029fc       0x40 C:/STM32_Files/STM32CUBE_IDE/STM32CubeIDE_1.14.0/STM32CubeIDE/plugins/com.st.stm32cube.ide.mcu.externaltools.gnu-tools-for-stm32.11.3.rel1.win32_1.1.100.202309141235/tools/bin/../lib/gcc/arm-none-eabi/11.3.1/../../../../arm-none-eabi/lib/thumb/v7e-m+fp/hard\libc_nano.a(libc_a-findfp.o)
 .text.global_stdio_init.part.0
                0x0000000008002a3c       0x3c C:/STM32_Files/STM32CUBE_IDE/STM32CubeIDE_1.14.0/STM32CubeIDE/plugins/com.st.stm32cube.ide.mcu.externaltools.gnu-tools-for-stm32.11.3.rel1.win32_1.1.100.202309141235/tools/bin/../lib/gcc/arm-none-eabi/11.3.1/../../../../arm-none-eabi/lib/thumb/v7e-m+fp/hard\libc_nano.a(libc_a-findfp.o)
 .text.__sfp_lock_acquire
                0x0000000008002a78        0xc C:/STM32_Files/STM32CUBE_IDE/STM32CubeIDE_1.14.0/STM32CubeIDE/plugins/com.st.stm32cube.ide.mcu.externaltools.gnu-tools-for-stm32.11.3.rel1.win32_1.1.100.202309141235/tools/bin/../lib/gcc/arm-none-eabi/11.3.1/../../../../arm-none-eabi/lib/thumb/v7e-m+fp/hard\libc_nano.a(libc_a-findfp.o)
                0x0000000008002a78                __sfp_lock_acquire
 .text.__sfp_lock_release
                0x0000000008002a84        0xc C:/STM32_Files/STM32CUBE_IDE/STM32CubeIDE_1.14.0/STM32CubeIDE/plugins/com.st.stm32cube.ide.mcu.externaltools.gnu-tools-for-stm32.11.3.rel1.win32_1.1.100.202309141235/tools/bin/../lib/gcc/arm-none-eabi/11.3.1/../../../../arm-none-eabi/lib/thumb/v7e-m+fp/hard\libc_nano.a(libc_a-findfp.o)
                0x0000000008002a84                __sfp_lock_release
 .text.__sinit  0x0000000008002a90       0x30 C:/STM32_Files/STM32CUBE_IDE/STM32CubeIDE_1.14.0/STM32CubeIDE/plugins/com.st.stm32cube.ide.mcu.externaltools.gnu-tools-for-stm32.11.3.rel1.win32_1.1.100.202309141235/tools/bin/../lib/gcc/arm-none-eabi/11.3.1/../../../../arm-none-eabi/lib/thumb/v7e-m+fp/hard\libc_nano.a(libc_a-findfp.o)
                0x0000000008002a90                __sinit
 .text._fwalk_sglue
                0x0000000008002ac0       0x3c C:/STM32_Files/STM32CUBE_IDE/STM32CubeIDE_1.14.0/STM32CubeIDE/plugins/com.st.stm32cube.ide.mcu.externaltools.gnu-tools-for-stm32.11.3.rel1.win32_1.1.100.202309141235/tools/bin/../lib/gcc/arm-none-eabi/11.3.1/../../../../arm-none-eabi/lib/thumb/v7e-m+fp/hard\libc_nano.a(libc_a-fwalk.o)
                0x0000000008002ac0                _fwalk_sglue
 .text.printf   0x0000000008002afc       0x24 C:/STM32_Files/STM32CUBE_IDE/STM32CubeIDE_1.14.0/STM32CubeIDE/plugins/com.st.stm32cube.ide.mcu.externaltools.gnu-tools-for-stm32.11.3.rel1.win32_1.1.100.202309141235/tools/bin/../lib/gcc/arm-none-eabi/11.3.1/../../../../arm-none-eabi/lib/thumb/v7e-m+fp/hard\libc_nano.a(libc_a-printf.o)
                0x0000000008002afc                iprintf
                0x0000000008002afc                printf
 .text._puts_r  0x0000000008002b20       0xa8 C:/STM32_Files/STM32CUBE_IDE/STM32CubeIDE_1.14.0/STM32CubeIDE/plugins/com.st.stm32cube.ide.mcu.externaltools.gnu-tools-for-stm32.11.3.rel1.win32_1.1.100.202309141235/tools/bin/../lib/gcc/arm-none-eabi/11.3.1/../../../../arm-none-eabi/lib/thumb/v7e-m+fp/hard\libc_nano.a(libc_a-puts.o)
                0x0000000008002b20                _puts_r
 .text.puts     0x0000000008002bc8       0x10 C:/STM32_Files/STM32CUBE_IDE/STM32CubeIDE_1.14.0/STM32CubeIDE/plugins/com.st.stm32cube.ide.mcu.externaltools.gnu-tools-for-stm32.11.3.rel1.win32_1.1.100.202309141235/tools/bin/../lib/gcc/arm-none-eabi/11.3.1/../../../../arm-none-eabi/lib/thumb/v7e-m+fp/hard\libc_nano.a(libc_a-puts.o)
                0x0000000008002bc8                puts
 .text.__sread  0x0000000008002bd8       0x22 C:/STM32_Files/STM32CUBE_IDE/STM32CubeIDE_1.14.0/STM32CubeIDE/plugins/com.st.stm32cube.ide.mcu.externaltools.gnu-tools-for-stm32.11.3.rel1.win32_1.1.100.202309141235/tools/bin/../lib/gcc/arm-none-eabi/11.3.1/../../../../arm-none-eabi/lib/thumb/v7e-m+fp/hard\libc_nano.a(libc_a-stdio.o)
                0x0000000008002bd8                __sread
 .text.__swrite
                0x0000000008002bfa       0x38 C:/STM32_Files/STM32CUBE_IDE/STM32CubeIDE_1.14.0/STM32CubeIDE/plugins/com.st.stm32cube.ide.mcu.externaltools.gnu-tools-for-stm32.11.3.rel1.win32_1.1.100.202309141235/tools/bin/../lib/gcc/arm-none-eabi/11.3.1/../../../../arm-none-eabi/lib/thumb/v7e-m+fp/hard\libc_nano.a(libc_a-stdio.o)
                0x0000000008002bfa                __swrite
 .text.__sseek  0x0000000008002c32       0x24 C:/STM32_Files/STM32CUBE_IDE/STM32CubeIDE_1.14.0/STM32CubeIDE/plugins/com.st.stm32cube.ide.mcu.externaltools.gnu-tools-for-stm32.11.3.rel1.win32_1.1.100.202309141235/tools/bin/../lib/gcc/arm-none-eabi/11.3.1/../../../../arm-none-eabi/lib/thumb/v7e-m+fp/hard\libc_nano.a(libc_a-stdio.o)
                0x0000000008002c32                __sseek
 .text.__sclose
                0x0000000008002c56        0x8 C:/STM32_Files/STM32CUBE_IDE/STM32CubeIDE_1.14.0/STM32CubeIDE/plugins/com.st.stm32cube.ide.mcu.externaltools.gnu-tools-for-stm32.11.3.rel1.win32_1.1.100.202309141235/tools/bin/../lib/gcc/arm-none-eabi/11.3.1/../../../../arm-none-eabi/lib/thumb/v7e-m+fp/hard\libc_nano.a(libc_a-stdio.o)
                0x0000000008002c56                __sclose
 .text.__swbuf_r
                0x0000000008002c5e       0x7a C:/STM32_Files/STM32CUBE_IDE/STM32CubeIDE_1.14.0/STM32CubeIDE/plugins/com.st.stm32cube.ide.mcu.externaltools.gnu-tools-for-stm32.11.3.rel1.win32_1.1.100.202309141235/tools/bin/../lib/gcc/arm-none-eabi/11.3.1/../../../../arm-none-eabi/lib/thumb/v7e-m+fp/hard\libc_nano.a(libc_a-wbuf.o)
                0x0000000008002c5e                __swbuf_r
 .text.__swsetup_r
                0x0000000008002cd8       0xb0 C:/STM32_Files/STM32CUBE_IDE/STM32CubeIDE_1.14.0/STM32CubeIDE/plugins/com.st.stm32cube.ide.mcu.externaltools.gnu-tools-for-stm32.11.3.rel1.win32_1.1.100.202309141235/tools/bin/../lib/gcc/arm-none-eabi/11.3.1/../../../../arm-none-eabi/lib/thumb/v7e-m+fp/hard\libc_nano.a(libc_a-wsetup.o)
                0x0000000008002cd8                __swsetup_r
 .text.memset   0x0000000008002d88       0x10 C:/STM32_Files/STM32CUBE_IDE/STM32CubeIDE_1.14.0/STM32CubeIDE/plugins/com.st.stm32cube.ide.mcu.externaltools.gnu-tools-for-stm32.11.3.rel1.win32_1.1.100.202309141235/tools/bin/../lib/gcc/arm-none-eabi/11.3.1/../../../../arm-none-eabi/lib/thumb/v7e-m+fp/hard\libc_nano.a(libc_a-memset.o)
                0x0000000008002d88                memset
 .text._close_r
                0x0000000008002d98       0x20 C:/STM32_Files/STM32CUBE_IDE/STM32CubeIDE_1.14.0/STM32CubeIDE/plugins/com.st.stm32cube.ide.mcu.externaltools.gnu-tools-for-stm32.11.3.rel1.win32_1.1.100.202309141235/tools/bin/../lib/gcc/arm-none-eabi/11.3.1/../../../../arm-none-eabi/lib/thumb/v7e-m+fp/hard\libc_nano.a(libc_a-closer.o)
                0x0000000008002d98                _close_r
 .text._lseek_r
                0x0000000008002db8       0x24 C:/STM32_Files/STM32CUBE_IDE/STM32CubeIDE_1.14.0/STM32CubeIDE/plugins/com.st.stm32cube.ide.mcu.externaltools.gnu-tools-for-stm32.11.3.rel1.win32_1.1.100.202309141235/tools/bin/../lib/gcc/arm-none-eabi/11.3.1/../../../../arm-none-eabi/lib/thumb/v7e-m+fp/hard\libc_nano.a(libc_a-lseekr.o)
                0x0000000008002db8                _lseek_r
 .text._read_r  0x0000000008002ddc       0x24 C:/STM32_Files/STM32CUBE_IDE/STM32CubeIDE_1.14.0/STM32CubeIDE/plugins/com.st.stm32cube.ide.mcu.externaltools.gnu-tools-for-stm32.11.3.rel1.win32_1.1.100.202309141235/tools/bin/../lib/gcc/arm-none-eabi/11.3.1/../../../../arm-none-eabi/lib/thumb/v7e-m+fp/hard\libc_nano.a(libc_a-readr.o)
                0x0000000008002ddc                _read_r
 .text._write_r
                0x0000000008002e00       0x24 C:/STM32_Files/STM32CUBE_IDE/STM32CubeIDE_1.14.0/STM32CubeIDE/plugins/com.st.stm32cube.ide.mcu.externaltools.gnu-tools-for-stm32.11.3.rel1.win32_1.1.100.202309141235/tools/bin/../lib/gcc/arm-none-eabi/11.3.1/../../../../arm-none-eabi/lib/thumb/v7e-m+fp/hard\libc_nano.a(libc_a-writer.o)
                0x0000000008002e00                _write_r
 .text.__errno  0x0000000008002e24        0xc C:/STM32_Files/STM32CUBE_IDE/STM32CubeIDE_1.14.0/STM32CubeIDE/plugins/com.st.stm32cube.ide.mcu.externaltools.gnu-tools-for-stm32.11.3.rel1.win32_1.1.100.202309141235/tools/bin/../lib/gcc/arm-none-eabi/11.3.1/../../../../arm-none-eabi/lib/thumb/v7e-m+fp/hard\libc_nano.a(libc_a-errno.o)
                0x0000000008002e24                __errno
 .text.__libc_init_array
                0x0000000008002e30       0x48 C:/STM32_Files/STM32CUBE_IDE/STM32CubeIDE_1.14.0/STM32CubeIDE/plugins/com.st.stm32cube.ide.mcu.externaltools.gnu-tools-for-stm32.11.3.rel1.win32_1.1.100.202309141235/tools/bin/../lib/gcc/arm-none-eabi/11.3.1/../../../../arm-none-eabi/lib/thumb/v7e-m+fp/hard\libc_nano.a(libc_a-init.o)
                0x0000000008002e30                __libc_init_array
 .text.__retarget_lock_init_recursive
                0x0000000008002e78        0x2 C:/STM32_Files/STM32CUBE_IDE/STM32CubeIDE_1.14.0/STM32CubeIDE/plugins/com.st.stm32cube.ide.mcu.externaltools.gnu-tools-for-stm32.11.3.rel1.win32_1.1.100.202309141235/tools/bin/../lib/gcc/arm-none-eabi/11.3.1/../../../../arm-none-eabi/lib/thumb/v7e-m+fp/hard\libc_nano.a(libc_a-lock.o)
                0x0000000008002e78                __retarget_lock_init_recursive
 .text.__retarget_lock_acquire_recursive
                0x0000000008002e7a        0x2 C:/STM32_Files/STM32CUBE_IDE/STM32CubeIDE_1.14.0/STM32CubeIDE/plugins/com.st.stm32cube.ide.mcu.externaltools.gnu-tools-for-stm32.11.3.rel1.win32_1.1.100.202309141235/tools/bin/../lib/gcc/arm-none-eabi/11.3.1/../../../../arm-none-eabi/lib/thumb/v7e-m+fp/hard\libc_nano.a(libc_a-lock.o)
                0x0000000008002e7a                __retarget_lock_acquire_recursive
 .text.__retarget_lock_release_recursive
                0x0000000008002e7c        0x2 C:/STM32_Files/STM32CUBE_IDE/STM32CubeIDE_1.14.0/STM32CubeIDE/plugins/com.st.stm32cube.ide.mcu.externaltools.gnu-tools-for-stm32.11.3.rel1.win32_1.1.100.202309141235/tools/bin/../lib/gcc/arm-none-eabi/11.3.1/../../../../arm-none-eabi/lib/thumb/v7e-m+fp/hard\libc_nano.a(libc_a-lock.o)
                0x0000000008002e7c                __retarget_lock_release_recursive
 .text.memcpy   0x0000000008002e7e       0x1c C:/STM32_Files/STM32CUBE_IDE/STM32CubeIDE_1.14.0/STM32CubeIDE/plugins/com.st.stm32cube.ide.mcu.externaltools.gnu-tools-for-stm32.11.3.rel1.win32_1.1.100.202309141235/tools/bin/../lib/gcc/arm-none-eabi/11.3.1/../../../../arm-none-eabi/lib/thumb/v7e-m+fp/hard\libc_nano.a(libc_a-memcpy-stub.o)
                0x0000000008002e7e                memcpy
 *fill*         0x0000000008002e9a        0x2 
 .text._free_r  0x0000000008002e9c       0x98 C:/STM32_Files/STM32CUBE_IDE/STM32CubeIDE_1.14.0/STM32CubeIDE/plugins/com.st.stm32cube.ide.mcu.externaltools.gnu-tools-for-stm32.11.3.rel1.win32_1.1.100.202309141235/tools/bin/../lib/gcc/arm-none-eabi/11.3.1/../../../../arm-none-eabi/lib/thumb/v7e-m+fp/hard\libc_nano.a(libc_a-freer.o)
                0x0000000008002e9c                _free_r
 .text.sbrk_aligned
                0x0000000008002f34       0x40 C:/STM32_Files/STM32CUBE_IDE/STM32CubeIDE_1.14.0/STM32CubeIDE/plugins/com.st.stm32cube.ide.mcu.externaltools.gnu-tools-for-stm32.11.3.rel1.win32_1.1.100.202309141235/tools/bin/../lib/gcc/arm-none-eabi/11.3.1/../../../../arm-none-eabi/lib/thumb/v7e-m+fp/hard\libc_nano.a(libc_a-mallocr.o)
 .text._malloc_r
                0x0000000008002f74      0x100 C:/STM32_Files/STM32CUBE_IDE/STM32CubeIDE_1.14.0/STM32CubeIDE/plugins/com.st.stm32cube.ide.mcu.externaltools.gnu-tools-for-stm32.11.3.rel1.win32_1.1.100.202309141235/tools/bin/../lib/gcc/arm-none-eabi/11.3.1/../../../../arm-none-eabi/lib/thumb/v7e-m+fp/hard\libc_nano.a(libc_a-mallocr.o)
                0x0000000008002f74                _malloc_r
 .text.__malloc_lock
                0x0000000008003074        0xc C:/STM32_Files/STM32CUBE_IDE/STM32CubeIDE_1.14.0/STM32CubeIDE/plugins/com.st.stm32cube.ide.mcu.externaltools.gnu-tools-for-stm32.11.3.rel1.win32_1.1.100.202309141235/tools/bin/../lib/gcc/arm-none-eabi/11.3.1/../../../../arm-none-eabi/lib/thumb/v7e-m+fp/hard\libc_nano.a(libc_a-mlock.o)
                0x0000000008003074                __malloc_lock
 .text.__malloc_unlock
                0x0000000008003080        0xc C:/STM32_Files/STM32CUBE_IDE/STM32CubeIDE_1.14.0/STM32CubeIDE/plugins/com.st.stm32cube.ide.mcu.externaltools.gnu-tools-for-stm32.11.3.rel1.win32_1.1.100.202309141235/tools/bin/../lib/gcc/arm-none-eabi/11.3.1/../../../../arm-none-eabi/lib/thumb/v7e-m+fp/hard\libc_nano.a(libc_a-mlock.o)
                0x0000000008003080                __malloc_unlock
 .text.__sfputc_r
                0x000000000800308c       0x2e C:/STM32_Files/STM32CUBE_IDE/STM32CubeIDE_1.14.0/STM32CubeIDE/plugins/com.st.stm32cube.ide.mcu.externaltools.gnu-tools-for-stm32.11.3.rel1.win32_1.1.100.202309141235/tools/bin/../lib/gcc/arm-none-eabi/11.3.1/../../../../arm-none-eabi/lib/thumb/v7e-m+fp/hard\libc_nano.a(libc_a-nano-vfprintf.o)
 .text.__sfputs_r
                0x00000000080030ba       0x24 C:/STM32_Files/STM32CUBE_IDE/STM32CubeIDE_1.14.0/STM32CubeIDE/plugins/com.st.stm32cube.ide.mcu.externaltools.gnu-tools-for-stm32.11.3.rel1.win32_1.1.100.202309141235/tools/bin/../lib/gcc/arm-none-eabi/11.3.1/../../../../arm-none-eabi/lib/thumb/v7e-m+fp/hard\libc_nano.a(libc_a-nano-vfprintf.o)
                0x00000000080030ba                __sfputs_r
 *fill*         0x00000000080030de        0x2 
 .text._vfprintf_r
                0x00000000080030e0      0x234 C:/STM32_Files/STM32CUBE_IDE/STM32CubeIDE_1.14.0/STM32CubeIDE/plugins/com.st.stm32cube.ide.mcu.externaltools.gnu-tools-for-stm32.11.3.rel1.win32_1.1.100.202309141235/tools/bin/../lib/gcc/arm-none-eabi/11.3.1/../../../../arm-none-eabi/lib/thumb/v7e-m+fp/hard\libc_nano.a(libc_a-nano-vfprintf.o)
                0x00000000080030e0                _vfprintf_r
                0x00000000080030e0                _vfiprintf_r
 .text._printf_common
                0x0000000008003314       0xda C:/STM32_Files/STM32CUBE_IDE/STM32CubeIDE_1.14.0/STM32CubeIDE/plugins/com.st.stm32cube.ide.mcu.externaltools.gnu-tools-for-stm32.11.3.rel1.win32_1.1.100.202309141235/tools/bin/../lib/gcc/arm-none-eabi/11.3.1/../../../../arm-none-eabi/lib/thumb/v7e-m+fp/hard\libc_nano.a(libc_a-nano-vfprintf_i.o)
                0x0000000008003314                _printf_common
 *fill*         0x00000000080033ee        0x2 
 .text._printf_i
                0x00000000080033f0      0x244 C:/STM32_Files/STM32CUBE_IDE/STM32CubeIDE_1.14.0/STM32CubeIDE/plugins/com.st.stm32cube.ide.mcu.externaltools.gnu-tools-for-stm32.11.3.rel1.win32_1.1.100.202309141235/tools/bin/../lib/gcc/arm-none-eabi/11.3.1/../../../../arm-none-eabi/lib/thumb/v7e-m+fp/hard\libc_nano.a(libc_a-nano-vfprintf_i.o)
                0x00000000080033f0                _printf_i
 .text.__sflush_r
                0x0000000008003634      0x10c C:/STM32_Files/STM32CUBE_IDE/STM32CubeIDE_1.14.0/STM32CubeIDE/plugins/com.st.stm32cube.ide.mcu.externaltools.gnu-tools-for-stm32.11.3.rel1.win32_1.1.100.202309141235/tools/bin/../lib/gcc/arm-none-eabi/11.3.1/../../../../arm-none-eabi/lib/thumb/v7e-m+fp/hard\libc_nano.a(libc_a-fflush.o)
                0x0000000008003634                __sflush_r
 .text._fflush_r
                0x0000000008003740       0x50 C:/STM32_Files/STM32CUBE_IDE/STM32CubeIDE_1.14.0/STM32CubeIDE/plugins/com.st.stm32cube.ide.mcu.externaltools.gnu-tools-for-stm32.11.3.rel1.win32_1.1.100.202309141235/tools/bin/../lib/gcc/arm-none-eabi/11.3.1/../../../../arm-none-eabi/lib/thumb/v7e-m+fp/hard\libc_nano.a(libc_a-fflush.o)
                0x0000000008003740                _fflush_r
 .text.__swhatbuf_r
                0x0000000008003790       0x4c C:/STM32_Files/STM32CUBE_IDE/STM32CubeIDE_1.14.0/STM32CubeIDE/plugins/com.st.stm32cube.ide.mcu.externaltools.gnu-tools-for-stm32.11.3.rel1.win32_1.1.100.202309141235/tools/bin/../lib/gcc/arm-none-eabi/11.3.1/../../../../arm-none-eabi/lib/thumb/v7e-m+fp/hard\libc_nano.a(libc_a-makebuf.o)
                0x0000000008003790                __swhatbuf_r
 .text.__smakebuf_r
                0x00000000080037dc       0x78 C:/STM32_Files/STM32CUBE_IDE/STM32CubeIDE_1.14.0/STM32CubeIDE/plugins/com.st.stm32cube.ide.mcu.externaltools.gnu-tools-for-stm32.11.3.rel1.win32_1.1.100.202309141235/tools/bin/../lib/gcc/arm-none-eabi/11.3.1/../../../../arm-none-eabi/lib/thumb/v7e-m+fp/hard\libc_nano.a(libc_a-makebuf.o)
                0x00000000080037dc                __smakebuf_r
 .text._fstat_r
                0x0000000008003854       0x24 C:/STM32_Files/STM32CUBE_IDE/STM32CubeIDE_1.14.0/STM32CubeIDE/plugins/com.st.stm32cube.ide.mcu.externaltools.gnu-tools-for-stm32.11.3.rel1.win32_1.1.100.202309141235/tools/bin/../lib/gcc/arm-none-eabi/11.3.1/../../../../arm-none-eabi/lib/thumb/v7e-m+fp/hard\libc_nano.a(libc_a-fstatr.o)
                0x0000000008003854                _fstat_r
 .text._isatty_r
                0x0000000008003878       0x20 C:/STM32_Files/STM32CUBE_IDE/STM32CubeIDE_1.14.0/STM32CubeIDE/plugins/com.st.stm32cube.ide.mcu.externaltools.gnu-tools-for-stm32.11.3.rel1.win32_1.1.100.202309141235/tools/bin/../lib/gcc/arm-none-eabi/11.3.1/../../../../arm-none-eabi/lib/thumb/v7e-m+fp/hard\libc_nano.a(libc_a-isattyr.o)
                0x0000000008003878                _isatty_r
 .text._sbrk_r  0x0000000008003898       0x20 C:/STM32_Files/STM32CUBE_IDE/STM32CubeIDE_1.14.0/STM32CubeIDE/plugins/com.st.stm32cube.ide.mcu.externaltools.gnu-tools-for-stm32.11.3.rel1.win32_1.1.100.202309141235/tools/bin/../lib/gcc/arm-none-eabi/11.3.1/../../../../arm-none-eabi/lib/thumb/v7e-m+fp/hard\libc_nano.a(libc_a-sbrkr.o)
                0x0000000008003898                _sbrk_r
 *(.glue_7)
 .glue_7        0x00000000080038b8        0x0 linker stubs
 *(.glue_7t)
 .glue_7t       0x00000000080038b8        0x0 linker stubs
 *(.eh_frame)
 .eh_frame      0x00000000080038b8        0x0 C:/STM32_Files/STM32CUBE_IDE/STM32CubeIDE_1.14.0/STM32CubeIDE/plugins/com.st.stm32cube.ide.mcu.externaltools.gnu-tools-for-stm32.11.3.rel1.win32_1.1.100.202309141235/tools/bin/../lib/gcc/arm-none-eabi/11.3.1/thumb/v7e-m+fp/hard/crtbegin.o
 *(.init)
 .init          0x00000000080038b8        0x4 C:/STM32_Files/STM32CUBE_IDE/STM32CubeIDE_1.14.0/STM32CubeIDE/plugins/com.st.stm32cube.ide.mcu.externaltools.gnu-tools-for-stm32.11.3.rel1.win32_1.1.100.202309141235/tools/bin/../lib/gcc/arm-none-eabi/11.3.1/thumb/v7e-m+fp/hard/crti.o
                0x00000000080038b8                _init
 .init          0x00000000080038bc        0x8 C:/STM32_Files/STM32CUBE_IDE/STM32CubeIDE_1.14.0/STM32CubeIDE/plugins/com.st.stm32cube.ide.mcu.externaltools.gnu-tools-for-stm32.11.3.rel1.win32_1.1.100.202309141235/tools/bin/../lib/gcc/arm-none-eabi/11.3.1/thumb/v7e-m+fp/hard/crtn.o
 *(.fini)
 .fini          0x00000000080038c4        0x4 C:/STM32_Files/STM32CUBE_IDE/STM32CubeIDE_1.14.0/STM32CubeIDE/plugins/com.st.stm32cube.ide.mcu.externaltools.gnu-tools-for-stm32.11.3.rel1.win32_1.1.100.202309141235/tools/bin/../lib/gcc/arm-none-eabi/11.3.1/thumb/v7e-m+fp/hard/crti.o
                0x00000000080038c4                _fini
 .fini          0x00000000080038c8        0x8 C:/STM32_Files/STM32CUBE_IDE/STM32CubeIDE_1.14.0/STM32CubeIDE/plugins/com.st.stm32cube.ide.mcu.externaltools.gnu-tools-for-stm32.11.3.rel1.win32_1.1.100.202309141235/tools/bin/../lib/gcc/arm-none-eabi/11.3.1/thumb/v7e-m+fp/hard/crtn.o
                0x00000000080038d0                . = ALIGN (0x4)
                0x00000000080038d0                _etext = .

.vfp11_veneer   0x00000000080038d0        0x0
 .vfp11_veneer  0x00000000080038d0        0x0 linker stubs

.v4_bx          0x00000000080038d0        0x0
 .v4_bx         0x00000000080038d0        0x0 linker stubs

.iplt           0x00000000080038d0        0x0
 .iplt          0x00000000080038d0        0x0 C:/STM32_Files/STM32CUBE_IDE/STM32CubeIDE_1.14.0/STM32CubeIDE/plugins/com.st.stm32cube.ide.mcu.externaltools.gnu-tools-for-stm32.11.3.rel1.win32_1.1.100.202309141235/tools/bin/../lib/gcc/arm-none-eabi/11.3.1/thumb/v7e-m+fp/hard/crtbegin.o

.rodata         0x00000000080038d0      0x3c8
                0x00000000080038d0                . = ALIGN (0x4)
 *(.rodata)
 .rodata        0x00000000080038d0       0x4f ./Core/Src/main.o
 *(.rodata*)
 *fill*         0x000000000800391f        0x1 
 .rodata.B_pinv
                0x0000000008003920       0xc0 ./Core/Src/control_loop.o
 .rodata.kp     0x00000000080039e0       0x18 ./Core/Src/control_loop.o
 .rodata.ki     0x00000000080039f8       0x18 ./Core/Src/control_loop.o
 .rodata.kd     0x0000000008003a10       0x18 ./Core/Src/control_loop.o
 .rodata.kff    0x0000000008003a28       0x18 ./Core/Src/control_loop.o
 .rodata.FF_OFFSET
                0x0000000008003a40       0x18 ./Core/Src/control_loop.o
 .rodata.I_CLAMP
                0x0000000008003a58       0x18 ./Core/Src/control_loop.o
 .rodata.U_MAX  0x0000000008003a70       0x18 ./Core/Src/control_loop.o
 .rodata.font5x7
                0x0000000008003a88      0x1db ./Devices/oled/oled.o
 .rodata._vfprintf_r.str1.1
                0x0000000008003c63       0x11 C:/STM32_Files/STM32CUBE_IDE/STM32CubeIDE_1.14.0/STM32CubeIDE/plugins/com.st.stm32cube.ide.mcu.externaltools.gnu-tools-for-stm32.11.3.rel1.win32_1.1.100.202309141235/tools/bin/../lib/gcc/arm-none-eabi/11.3.1/../../../../arm-none-eabi/lib/thumb/v7e-m+fp/hard\libc_nano.a(libc_a-nano-vfprintf.o)
 .rodata._printf_i.str1.1
                0x0000000008003c74       0x22 C:/STM32_Files/STM32CUBE_IDE/STM32CubeIDE_1.14.0/STM32CubeIDE/plugins/com.st.stm32cube.ide.mcu.externaltools.gnu-tools-for-stm32.11.3.rel1.win32_1.1.100.202309141235/tools/bin/../lib/gcc/arm-none-eabi/11.3.1/../../../../arm-none-eabi/lib/thumb/v7e-m+fp/hard\libc_nano.a(libc_a-nano-vfprintf_i.o)
                0x0000000008003c98                . = ALIGN (0x4)
 *fill*         0x0000000008003c96        0x2 

.rel.dyn        0x0000000008003c98        0x0
 .rel.iplt      0x0000000008003c98        0x0 C:/STM32_Files/STM32CUBE_IDE/STM32CubeIDE_1.14.0/STM32CubeIDE/plugins/com.st.stm32cube.ide.mcu.externaltools.gnu-tools-for-stm32.11.3.rel1.win32_1.1.100.202309141235/tools/bin/../lib/gcc/arm-none-eabi/11.3.1/thumb/v7e-m+fp/hard/crtbegin.o

.ARM.extab      0x0000000008003c98        0x0
                0x0000000008003c98                . = ALIGN (0x4)
 *(.ARM.extab* .gnu.linkonce.armextab.*)
                0x0000000008003c98                . = ALIGN (0x4)

.ARM            0x0000000008003c98        0x0
                0x0000000008003c98                . = ALIGN (0x4)
                0x0000000008003c98                __exidx_start = .
 *(.ARM.exidx*)
                0x0000000008003c98                __exidx_end = .
                0x0000000008003c98                . = ALIGN (0x4)

.preinit_array  0x0000000008003c98        0x0
                0x0000000008003c98                . = ALIGN (0x4)
                0x0000000008003c98                PROVIDE (__preinit_array_start = .)
 *(.preinit_array*)
                0x0000000008003c98                PROVIDE (__preinit_array_end = .)
                0x0000000008003c98                . = ALIGN (0x4)

.init_array     0x0000000008003c98        0x4
                0x0000000008003c98                . = ALIGN (0x4)
                0x0000000008003c98                PROVIDE (__init_array_start = .)
 *(SORT_BY_NAME(.init_array.*))
 *(.init_array*)
 .init_array    0x0000000008003c98        0x4 C:/STM32_Files/STM32CUBE_IDE/STM32CubeIDE_1.14.0/STM32CubeIDE/plugins/com.st.stm32cube.ide.mcu.externaltools.gnu-tools-for-stm32.11.3.rel1.win32_1.1.100.202309141235/tools/bin/../lib/gcc/arm-none-eabi/11.3.1/thumb/v7e-m+fp/hard/crtbegin.o
                0x0000000008003c9c                PROVIDE (__init_array_end = .)
                0x0000000008003c9c                . = ALIGN (0x4)

.fini_array     0x0000000008003c9c        0x4
                0x0000000008003c9c                . = ALIGN (0x4)
                [!provide]                        PROVIDE (__fini_array_start = .)
 *(SORT_BY_NAME(.fini_array.*))
 *(.fini_array*)
 .fini_array    0x0000000008003c9c        0x4 C:/STM32_Files/STM32CUBE_IDE/STM32CubeIDE_1.14.0/STM32CubeIDE/plugins/com.st.stm32cube.ide.mcu.externaltools.gnu-tools-for-stm32.11.3.rel1.win32_1.1.100.202309141235/tools/bin/../lib/gcc/arm-none-eabi/11.3.1/thumb/v7e-m+fp/hard/crtbegin.o
                [!provide]                        PROVIDE (__fini_array_end = .)
                0x0000000008003ca0                . = ALIGN (0x4)
                0x0000000008003ca0                _sidata = LOADADDR (.data)

.data           0x0000000020000000       0x5c load address 0x0000000008003ca0
                0x0000000020000000                . = ALIGN (0x4)
                0x0000000020000000                _sdata = .
 *(.data)
 *(.data*)
 .data.__sglue  0x0000000020000000        0xc C:/STM32_Files/STM32CUBE_IDE/STM32CubeIDE_1.14.0/STM32CubeIDE/plugins/com.st.stm32cube.ide.mcu.externaltools.gnu-tools-for-stm32.11.3.rel1.win32_1.1.100.202309141235/tools/bin/../lib/gcc/arm-none-eabi/11.3.1/../../../../arm-none-eabi/lib/thumb/v7e-m+fp/hard\libc_nano.a(libc_a-findfp.o)
                0x0000000020000000                __sglue
 .data._impure_data
                0x000000002000000c       0x4c C:/STM32_Files/STM32CUBE_IDE/STM32CubeIDE_1.14.0/STM32CubeIDE/plugins/com.st.stm32cube.ide.mcu.externaltools.gnu-tools-for-stm32.11.3.rel1.win32_1.1.100.202309141235/tools/bin/../lib/gcc/arm-none-eabi/11.3.1/../../../../arm-none-eabi/lib/thumb/v7e-m+fp/hard\libc_nano.a(libc_a-impure.o)
                0x000000002000000c                _impure_data
 .data._impure_ptr
                0x0000000020000058        0x4 C:/STM32_Files/STM32CUBE_IDE/STM32CubeIDE_1.14.0/STM32CubeIDE/plugins/com.st.stm32cube.ide.mcu.externaltools.gnu-tools-for-stm32.11.3.rel1.win32_1.1.100.202309141235/tools/bin/../lib/gcc/arm-none-eabi/11.3.1/../../../../arm-none-eabi/lib/thumb/v7e-m+fp/hard\libc_nano.a(libc_a-impure.o)
                0x0000000020000058                _impure_ptr
 *(.RamFunc)
 *(.RamFunc*)
                0x000000002000005c                . = ALIGN (0x4)
                0x000000002000005c                _edata = .

.igot.plt       0x000000002000005c        0x0 load address 0x0000000008003cfc
 .igot.plt      0x000000002000005c        0x0 C:/STM32_Files/STM32CUBE_IDE/STM32CubeIDE_1.14.0/STM32CubeIDE/plugins/com.st.stm32cube.ide.mcu.externaltools.gnu-tools-for-stm32.11.3.rel1.win32_1.1.100.202309141235/tools/bin/../lib/gcc/arm-none-eabi/11.3.1/thumb/v7e-m+fp/hard/crtbegin.o
                0x000000002000005c                . = ALIGN (0x4)

.bss            0x000000002000005c      0x8ac load address 0x0000000008003cfc
                0x000000002000005c                _sbss = .
                0x000000002000005c                __bss_start__ = _sbss
 *(.bss)
 .bss           0x000000002000005c       0x1c C:/STM32_Files/STM32CUBE_IDE/STM32CubeIDE_1.14.0/STM32CubeIDE/plugins/com.st.stm32cube.ide.mcu.externaltools.gnu-tools-for-stm32.11.3.rel1.win32_1.1.100.202309141235/tools/bin/../lib/gcc/arm-none-eabi/11.3.1/thumb/v7e-m+fp/hard/crtbegin.o
 *(.bss*)
 .bss.telem_pending
                0x0000000020000078        0x1 ./Core/Src/control_loop.o
                0x0000000020000078                telem_pending
 .bss.log_pending
                0x0000000020000079        0x1 ./Core/Src/control_loop.o
                0x0000000020000079                log_pending
 *fill*         0x000000002000007a        0x2 
 .bss.pose      0x000000002000007c       0x18 ./Core/Src/control_loop.o
 .bss.target    0x0000000020000094       0x18 ./Core/Src/control_loop.o
 .bss.errState  0x00000000200000ac       0x18 ./Core/Src/control_loop.o
 .bss.errPrev   0x00000000200000c4       0x18 ./Core/Src/control_loop.o
 .bss.errInt    0x00000000200000dc       0x18 ./Core/Src/control_loop.o
 .bss.U         0x00000000200000f4       0x18 ./Core/Src/control_loop.o
 .bss.T_out     0x000000002000010c       0x20 ./Core/Src/control_loop.o
 .bss.g_pwm_current
                0x000000002000012c       0x20 ./Core/Src/control_loop.o
 .bss.g_armed   0x000000002000014c        0x1 ./Core/Src/control_loop.o
 *fill*         0x000000002000014d        0x3 
 .bss.last_cmd_ms
                0x0000000020000150        0x4 ./Core/Src/control_loop.o
 .bss.link_ok   0x0000000020000154        0x1 ./Core/Src/control_loop.o
                0x0000000020000154                link_ok
 *fill*         0x0000000020000155        0x3 
 .bss.cmd       0x0000000020000158       0x38 ./Core/Src/main.o
 .bss.last_print.0
                0x0000000020000190        0x4 ./Core/Src/main.o
 .bss.__sbrk_heap_end
                0x0000000020000194        0x4 ./Core/Src/sysmem.o
 .bss.g_tick    0x0000000020000198        0x4 ./Core/Src/system_init.o
                0x0000000020000198                g_tick
 .bss.prom      0x000000002000019c       0x10 ./Devices/bar30/bar30.o
 .bss.framebuf  0x00000000200001ac      0x400 ./Devices/oled/oled.o
 .bss.current_block
                0x00000000200005ac        0x4 ./Devices/sd_card/sd_logger.o
 .bss.dma_rx_buf
                0x00000000200005b0      0x100 ./Drivers/uart/uart_packet.o
 .bss.last_dma_pos
                0x00000000200006b0        0x2 ./Drivers/uart/uart_packet.o
 *fill*         0x00000000200006b2        0x2 
 .bss.rx_buf    0x00000000200006b4      0x100 ./Protocol/ring_buffer.o
 .bss.rx_head   0x00000000200007b4        0x2 ./Protocol/ring_buffer.o
 .bss.rx_tail   0x00000000200007b6        0x2 ./Protocol/ring_buffer.o
 .bss.rx_count  0x00000000200007b8        0x2 ./Protocol/ring_buffer.o
 *fill*         0x00000000200007ba        0x2 
 .bss.__sf      0x00000000200007bc      0x138 C:/STM32_Files/STM32CUBE_IDE/STM32CubeIDE_1.14.0/STM32CubeIDE/plugins/com.st.stm32cube.ide.mcu.externaltools.gnu-tools-for-stm32.11.3.rel1.win32_1.1.100.202309141235/tools/bin/../lib/gcc/arm-none-eabi/11.3.1/../../../../arm-none-eabi/lib/thumb/v7e-m+fp/hard\libc_nano.a(libc_a-findfp.o)
                0x00000000200007bc                __sf
 .bss.__stdio_exit_handler
                0x00000000200008f4        0x4 C:/STM32_Files/STM32CUBE_IDE/STM32CubeIDE_1.14.0/STM32CubeIDE/plugins/com.st.stm32cube.ide.mcu.externaltools.gnu-tools-for-stm32.11.3.rel1.win32_1.1.100.202309141235/tools/bin/../lib/gcc/arm-none-eabi/11.3.1/../../../../arm-none-eabi/lib/thumb/v7e-m+fp/hard\libc_nano.a(libc_a-findfp.o)
                0x00000000200008f4                __stdio_exit_handler
 .bss.errno     0x00000000200008f8        0x4 C:/STM32_Files/STM32CUBE_IDE/STM32CubeIDE_1.14.0/STM32CubeIDE/plugins/com.st.stm32cube.ide.mcu.externaltools.gnu-tools-for-stm32.11.3.rel1.win32_1.1.100.202309141235/tools/bin/../lib/gcc/arm-none-eabi/11.3.1/../../../../arm-none-eabi/lib/thumb/v7e-m+fp/hard\libc_nano.a(libc_a-reent.o)
                0x00000000200008f8                errno
 .bss.__lock___malloc_recursive_mutex
                0x00000000200008fc        0x1 C:/STM32_Files/STM32CUBE_IDE/STM32CubeIDE_1.14.0/STM32CubeIDE/plugins/com.st.stm32cube.ide.mcu.externaltools.gnu-tools-for-stm32.11.3.rel1.win32_1.1.100.202309141235/tools/bin/../lib/gcc/arm-none-eabi/11.3.1/../../../../arm-none-eabi/lib/thumb/v7e-m+fp/hard\libc_nano.a(libc_a-lock.o)
                0x00000000200008fc                __lock___malloc_recursive_mutex
 .bss.__lock___sfp_recursive_mutex
                0x00000000200008fd        0x1 C:/STM32_Files/STM32CUBE_IDE/STM32CubeIDE_1.14.0/STM32CubeIDE/plugins/com.st.stm32cube.ide.mcu.externaltools.gnu-tools-for-stm32.11.3.rel1.win32_1.1.100.202309141235/tools/bin/../lib/gcc/arm-none-eabi/11.3.1/../../../../arm-none-eabi/lib/thumb/v7e-m+fp/hard\libc_nano.a(libc_a-lock.o)
                0x00000000200008fd                __lock___sfp_recursive_mutex
 *fill*         0x00000000200008fe        0x2 
 .bss.__malloc_free_list
                0x0000000020000900        0x4 C:/STM32_Files/STM32CUBE_IDE/STM32CubeIDE_1.14.0/STM32CubeIDE/plugins/com.st.stm32cube.ide.mcu.externaltools.gnu-tools-for-stm32.11.3.rel1.win32_1.1.100.202309141235/tools/bin/../lib/gcc/arm-none-eabi/11.3.1/../../../../arm-none-eabi/lib/thumb/v7e-m+fp/hard\libc_nano.a(libc_a-mallocr.o)
                0x0000000020000900                __malloc_free_list
 .bss.__malloc_sbrk_start
                0x0000000020000904        0x4 C:/STM32_Files/STM32CUBE_IDE/STM32CubeIDE_1.14.0/STM32CubeIDE/plugins/com.st.stm32cube.ide.mcu.externaltools.gnu-tools-for-stm32.11.3.rel1.win32_1.1.100.202309141235/tools/bin/../lib/gcc/arm-none-eabi/11.3.1/../../../../arm-none-eabi/lib/thumb/v7e-m+fp/hard\libc_nano.a(libc_a-mallocr.o)
                0x0000000020000904                __malloc_sbrk_start
 *(COMMON)
                0x0000000020000908                . = ALIGN (0x4)
                0x0000000020000908                _ebss = .
                0x0000000020000908                __bss_end__ = _ebss

._user_heap_stack
                0x0000000020000908      0x600 load address 0x0000000008003cfc
                0x0000000020000908                . = ALIGN (0x8)
                [!provide]                        PROVIDE (end = .)
                0x0000000020000908                PROVIDE (_end = .)
                0x0000000020000b08                . = (. + _Min_Heap_Size)
 *fill*         0x0000000020000908      0x200 
                0x0000000020000f08                . = (. + _Min_Stack_Size)
 *fill*         0x0000000020000b08      0x400 
                0x0000000020000f08                . = ALIGN (0x8)

/DISCARD/
 libc.a(*)
 libm.a(*)
 libgcc.a(*)

.ARM.attributes
                0x0000000000000000       0x30
 *(.ARM.attributes)
 .ARM.attributes
                0x0000000000000000       0x1e C:/STM32_Files/STM32CUBE_IDE/STM32CubeIDE_1.14.0/STM32CubeIDE/plugins/com.st.stm32cube.ide.mcu.externaltools.gnu-tools-for-stm32.11.3.rel1.win32_1.1.100.202309141235/tools/bin/../lib/gcc/arm-none-eabi/11.3.1/thumb/v7e-m+fp/hard/crti.o
 .ARM.attributes
                0x000000000000001e       0x34 C:/STM32_Files/STM32CUBE_IDE/STM32CubeIDE_1.14.0/STM32CubeIDE/plugins/com.st.stm32cube.ide.mcu.externaltools.gnu-tools-for-stm32.11.3.rel1.win32_1.1.100.202309141235/tools/bin/../lib/gcc/arm-none-eabi/11.3.1/thumb/v7e-m+fp/hard/crtbegin.o
 .ARM.attributes
                0x0000000000000052       0x34 ./Core/Src/control_loop.o
 .ARM.attributes
                0x0000000000000086       0x34 ./Core/Src/main.o
 .ARM.attributes
                0x00000000000000ba       0x34 ./Core/Src/stm32f4xx_it.o
 .ARM.attributes
                0x00000000000000ee       0x34 ./Core/Src/syscalls.o
 .ARM.attributes
                0x0000000000000122       0x34 ./Core/Src/sysmem.o
 .ARM.attributes
                0x0000000000000156       0x34 ./Core/Src/system_init.o
 .ARM.attributes
                0x000000000000018a       0x34 ./Core/Src/system_stm32f4xx.o
 .ARM.attributes
                0x00000000000001be       0x21 ./Core/Startup/startup_stm32f446retx.o
 .ARM.attributes
                0x00000000000001df       0x34 ./Devices/bar30/bar30.o
 .ARM.attributes
                0x0000000000000213       0x34 ./Devices/oled/oled.o
 .ARM.attributes
                0x0000000000000247       0x34 ./Devices/sd_card/sd_card.o
 .ARM.attributes
                0x000000000000027b       0x34 ./Devices/sd_card/sd_logger.o
 .ARM.attributes
                0x00000000000002af       0x34 ./Drivers/adc/adc.o
 .ARM.attributes
                0x00000000000002e3       0x34 ./Drivers/crc_hw/crc_hw.o
 .ARM.attributes
                0x0000000000000317       0x34 ./Drivers/dac/dac.o
 .ARM.attributes
                0x000000000000034b       0x34 ./Drivers/gpio/gpio.o
 .ARM.attributes
                0x000000000000037f       0x34 ./Drivers/i2c/i2c.o
 .ARM.attributes
                0x00000000000003b3       0x34 ./Drivers/iwdg/iwdg.o
 .ARM.attributes
                0x00000000000003e7       0x34 ./Drivers/spi/spi.o
 .ARM.attributes
                0x000000000000041b       0x34 ./Drivers/timer/timer_basic.o
 .ARM.attributes
                0x000000000000044f       0x34 ./Drivers/timer/timer_pwm.o
 .ARM.attributes
                0x0000000000000483       0x34 ./Drivers/timer/timer_timebase.o
 .ARM.attributes
                0x00000000000004b7       0x34 ./Drivers/uart/uart.o
 .ARM.attributes
                0x00000000000004eb       0x34 ./Drivers/uart/uart_packet.o
 .ARM.attributes
                0x000000000000051f       0x34 ./Protocol/packet.o
 .ARM.attributes
                0x0000000000000553       0x34 ./Protocol/ring_buffer.o
 .ARM.attributes
                0x0000000000000587       0x34 C:/STM32_Files/STM32CUBE_IDE/STM32CubeIDE_1.14.0/STM32CubeIDE/plugins/com.st.stm32cube.ide.mcu.externaltools.gnu-tools-for-stm32.11.3.rel1.win32_1.1.100.202309141235/tools/bin/../lib/gcc/arm-none-eabi/11.3.1/../../../../arm-none-eabi/lib/thumb/v7e-m+fp/hard\libc_nano.a(libc_a-findfp.o)
 .ARM.attributes
                0x00000000000005bb       0x34 C:/STM32_Files/STM32CUBE_IDE/STM32CubeIDE_1.14.0/STM32CubeIDE/plugins/com.st.stm32cube.ide.mcu.externaltools.gnu-tools-for-stm32.11.3.rel1.win32_1.1.100.202309141235/tools/bin/../lib/gcc/arm-none-eabi/11.3.1/../../../../arm-none-eabi/lib/thumb/v7e-m+fp/hard\libc_nano.a(libc_a-fwalk.o)
 .ARM.attributes
                0x00000000000005ef       0x34 C:/STM32_Files/STM32CUBE_IDE/STM32CubeIDE_1.14.0/STM32CubeIDE/plugins/com.st.stm32cube.ide.mcu.externaltools.gnu-tools-for-stm32.11.3.rel1.win32_1.1.100.202309141235/tools/bin/../lib/gcc/arm-none-eabi/11.3.1/../../../../arm-none-eabi/lib/thumb/v7e-m+fp/hard\libc_nano.a(libc_a-printf.o)
 .ARM.attributes
                0x0000000000000623       0x34 C:/STM32_Files/STM32CUBE_IDE/STM32CubeIDE_1.14.0/STM32CubeIDE/plugins/com.st.stm32cube.ide.mcu.externaltools.gnu-tools-for-stm32.11.3.rel1.win32_1.1.100.202309141235/tools/bin/../lib/gcc/arm-none-eabi/11.3.1/../../../../arm-none-eabi/lib/thumb/v7e-m+fp/hard\libc_nano.a(libc_a-puts.o)
 .ARM.attributes
                0x0000000000000657       0x34 C:/STM32_Files/STM32CUBE_IDE/STM32CubeIDE_1.14.0/STM32CubeIDE/plugins/com.st.stm32cube.ide.mcu.externaltools.gnu-tools-for-stm32.11.3.rel1.win32_1.1.100.202309141235/tools/bin/../lib/gcc/arm-none-eabi/11.3.1/../../../../arm-none-eabi/lib/thumb/v7e-m+fp/hard\libc_nano.a(libc_a-stdio.o)
 .ARM.attributes
                0x000000000000068b       0x34 C:/STM32_Files/STM32CUBE_IDE/STM32CubeIDE_1.14.0/STM32CubeIDE/plugins/com.st.stm32cube.ide.mcu.externaltools.gnu-tools-for-stm32.11.3.rel1.win32_1.1.100.202309141235/tools/bin/../lib/gcc/arm-none-eabi/11.3.1/../../../../arm-none-eabi/lib/thumb/v7e-m+fp/hard\libc_nano.a(libc_a-wbuf.o)
 .ARM.attributes
                0x00000000000006bf       0x34 C:/STM32_Files/STM32CUBE_IDE/STM32CubeIDE_1.14.0/STM32CubeIDE/plugins/com.st.stm32cube.ide.mcu.externaltools.gnu-tools-for-stm32.11.3.rel1.win32_1.1.100.202309141235/tools/bin/../lib/gcc/arm-none-eabi/11.3.1/../../../../arm-none-eabi/lib/thumb/v7e-m+fp/hard\libc_nano.a(libc_a-wsetup.o)
 .ARM.attributes
                0x00000000000006f3       0x34 C:/STM32_Files/STM32CUBE_IDE/STM32CubeIDE_1.14.0/STM32CubeIDE/plugins/com.st.stm32cube.ide.mcu.externaltools.gnu-tools-for-stm32.11.3.rel1.win32_1.1.100.202309141235/tools/bin/../lib/gcc/arm-none-eabi/11.3.1/../../../../arm-none-eabi/lib/thumb/v7e-m+fp/hard\libc_nano.a(libc_a-memset.o)
 .ARM.attributes
                0x0000000000000727       0x34 C:/STM32_Files/STM32CUBE_IDE/STM32CubeIDE_1.14.0/STM32CubeIDE/plugins/com.st.stm32cube.ide.mcu.externaltools.gnu-tools-for-stm32.11.3.rel1.win32_1.1.100.202309141235/tools/bin/../lib/gcc/arm-none-eabi/11.3.1/../../../../arm-none-eabi/lib/thumb/v7e-m+fp/hard\libc_nano.a(libc_a-closer.o)
 .ARM.attributes
                0x000000000000075b       0x34 C:/STM32_Files/STM32CUBE_IDE/STM32CubeIDE_1.14.0/STM32CubeIDE/plugins/com.st.stm32cube.ide.mcu.externaltools.gnu-tools-for-stm32.11.3.rel1.win32_1.1.100.202309141235/tools/bin/../lib/gcc/arm-none-eabi/11.3.1/../../../../arm-none-eabi/lib/thumb/v7e-m+fp/hard\libc_nano.a(libc_a-reent.o)
 .ARM.attributes
                0x000000000000078f       0x34 C:/STM32_Files/STM32CUBE_IDE/STM32CubeIDE_1.14.0/STM32CubeIDE/plugins/com.st.stm32cube.ide.mcu.externaltools.gnu-tools-for-stm32.11.3.rel1.win32_1.1.100.202309141235/tools/bin/../lib/gcc/arm-none-eabi/11.3.1/../../../../arm-none-eabi/lib/thumb/v7e-m+fp/hard\libc_nano.a(libc_a-impure.o)
 .ARM.attributes
                0x00000000000007c3       0x34 C:/STM32_Files/STM32CUBE_IDE/STM32CubeIDE_1.14.0/STM32CubeIDE/plugins/com.st.stm32cube.ide.mcu.externaltools.gnu-tools-for-stm32.11.3.rel1.win32_1.1.100.202309141235/tools/bin/../lib/gcc/arm-none-eabi/11.3.1/../../../../arm-none-eabi/lib/thumb/v7e-m+fp/hard\libc_nano.a(libc_a-lseekr.o)
 .ARM.attributes
                0x00000000000007f7       0x34 C:/STM32_Files/STM32CUBE_IDE/STM32CubeIDE_1.14.0/STM32CubeIDE/plugins/com.st.stm32cube.ide.mcu.externaltools.gnu-tools-for-stm32.11.3.rel1.win32_1.1.100.202309141235/tools/bin/../lib/gcc/arm-none-eabi/11.3.1/../../../../arm-none-eabi/lib/thumb/v7e-m+fp/hard\libc_nano.a(libc_a-readr.o)
 .ARM.attributes
                0x000000000000082b       0x34 C:/STM32_Files/STM32CUBE_IDE/STM32CubeIDE_1.14.0/STM32CubeIDE/plugins/com.st.stm32cube.ide.mcu.externaltools.gnu-tools-for-stm32.11.3.rel1.win32_1.1.100.202309141235/tools/bin/../lib/gcc/arm-none-eabi/11.3.1/../../../../arm-none-eabi/lib/thumb/v7e-m+fp/hard\libc_nano.a(libc_a-writer.o)
 .ARM.attributes
                0x000000000000085f       0x34 C:/STM32_Files/STM32CUBE_IDE/STM32CubeIDE_1.14.0/STM32CubeIDE/plugins/com.st.stm32cube.ide.mcu.externaltools.gnu-tools-for-stm32.11.3.rel1.win32_1.1.100.202309141235/tools/bin/../lib/gcc/arm-none-eabi/11.3.1/../../../../arm-none-eabi/lib/thumb/v7e-m+fp/hard\libc_nano.a(libc_a-errno.o)
 .ARM.attributes
                0x0000000000000893       0x34 C:/STM32_Files/STM32CUBE_IDE/STM32CubeIDE_1.14.0/STM32CubeIDE/plugins/com.st.stm32cube.ide.mcu.externaltools.gnu-tools-for-stm32.11.3.rel1.win32_1.1.100.202309141235/tools/bin/../lib/gcc/arm-none-eabi/11.3.1/../../../../arm-none-eabi/lib/thumb/v7e-m+fp/hard\libc_nano.a(libc_a-init.o)
 .ARM.attributes
                0x00000000000008c7       0x34 C:/STM32_Files/STM32CUBE_IDE/STM32CubeIDE_1.14.0/STM32CubeIDE/plugins/com.st.stm32cube.ide.mcu.externaltools.gnu-tools-for-stm32.11.3.rel1.win32_1.1.100.202309141235/tools/bin/../lib/gcc/arm-none-eabi/11.3.1/../../../../arm-none-eabi/lib/thumb/v7e-m+fp/hard\libc_nano.a(libc_a-lock.o)
 .ARM.attributes
                0x00000000000008fb       0x34 C:/STM32_Files/STM32CUBE_IDE/STM32CubeIDE_1.14.0/STM32CubeIDE/plugins/com.st.stm32cube.ide.mcu.externaltools.gnu-tools-for-stm32.11.3.rel1.win32_1.1.100.202309141235/tools/bin/../lib/gcc/arm-none-eabi/11.3.1/../../../../arm-none-eabi/lib/thumb/v7e-m+fp/hard\libc_nano.a(libc_a-memcpy-stub.o)
 .ARM.attributes
                0x000000000000092f       0x34 C:/STM32_Files/STM32CUBE_IDE/STM32CubeIDE_1.14.0/STM32CubeIDE/plugins/com.st.stm32cube.ide.mcu.externaltools.gnu-tools-for-stm32.11.3.rel1.win32_1.1.100.202309141235/tools/bin/../lib/gcc/arm-none-eabi/11.3.1/../../../../arm-none-eabi/lib/thumb/v7e-m+fp/hard\libc_nano.a(libc_a-freer.o)
 .ARM.attributes
                0x0000000000000963       0x34 C:/STM32_Files/STM32CUBE_IDE/STM32CubeIDE_1.14.0/STM32CubeIDE/plugins/com.st.stm32cube.ide.mcu.externaltools.gnu-tools-for-stm32.11.3.rel1.win32_1.1.100.202309141235/tools/bin/../lib/gcc/arm-none-eabi/11.3.1/../../../../arm-none-eabi/lib/thumb/v7e-m+fp/hard\libc_nano.a(libc_a-mallocr.o)
 .ARM.attributes
                0x0000000000000997       0x34 C:/STM32_Files/STM32CUBE_IDE/STM32CubeIDE_1.14.0/STM32CubeIDE/plugins/com.st.stm32cube.ide.mcu.externaltools.gnu-tools-for-stm32.11.3.rel1.win32_1.1.100.202309141235/tools/bin/../lib/gcc/arm-none-eabi/11.3.1/../../../../arm-none-eabi/lib/thumb/v7e-m+fp/hard\libc_nano.a(libc_a-mlock.o)
 .ARM.attributes
                0x00000000000009cb       0x34 C:/STM32_Files/STM32CUBE_IDE/STM32CubeIDE_1.14.0/STM32CubeIDE/plugins/com.st.stm32cube.ide.mcu.externaltools.gnu-tools-for-stm32.11.3.rel1.win32_1.1.100.202309141235/tools/bin/../lib/gcc/arm-none-eabi/11.3.1/../../../../arm-none-eabi/lib/thumb/v7e-m+fp/hard\libc_nano.a(libc_a-nano-vfprintf.o)
 .ARM.attributes
                0x00000000000009ff       0x34 C:/STM32_Files/STM32CUBE_IDE/STM32CubeIDE_1.14.0/STM32CubeIDE/plugins/com.st.stm32cube.ide.mcu.externaltools.gnu-tools-for-stm32.11.3.rel1.win32_1.1.100.202309141235/tools/bin/../lib/gcc/arm-none-eabi/11.3.1/../../../../arm-none-eabi/lib/thumb/v7e-m+fp/hard\libc_nano.a(libc_a-nano-vfprintf_i.o)
 .ARM.attributes
                0x0000000000000a33       0x34 C:/STM32_Files/STM32CUBE_IDE/STM32CubeIDE_1.14.0/STM32CubeIDE/plugins/com.st.stm32cube.ide.mcu.externaltools.gnu-tools-for-stm32.11.3.rel1.win32_1.1.100.202309141235/tools/bin/../lib/gcc/arm-none-eabi/11.3.1/../../../../arm-none-eabi/lib/thumb/v7e-m+fp/hard\libc_nano.a(libc_a-fflush.o)
 .ARM.attributes
                0x0000000000000a67       0x34 C:/STM32_Files/STM32CUBE_IDE/STM32CubeIDE_1.14.0/STM32CubeIDE/plugins/com.st.stm32cube.ide.mcu.externaltools.gnu-tools-for-stm32.11.3.rel1.win32_1.1.100.202309141235/tools/bin/../lib/gcc/arm-none-eabi/11.3.1/../../../../arm-none-eabi/lib/thumb/v7e-m+fp/hard\libc_nano.a(libc_a-makebuf.o)
 .ARM.attributes
                0x0000000000000a9b       0x34 C:/STM32_Files/STM32CUBE_IDE/STM32CubeIDE_1.14.0/STM32CubeIDE/plugins/com.st.stm32cube.ide.mcu.externaltools.gnu-tools-for-stm32.11.3.rel1.win32_1.1.100.202309141235/tools/bin/../lib/gcc/arm-none-eabi/11.3.1/../../../../arm-none-eabi/lib/thumb/v7e-m+fp/hard\libc_nano.a(libc_a-fstatr.o)
 .ARM.attributes
                0x0000000000000acf       0x34 C:/STM32_Files/STM32CUBE_IDE/STM32CubeIDE_1.14.0/STM32CubeIDE/plugins/com.st.stm32cube.ide.mcu.externaltools.gnu-tools-for-stm32.11.3.rel1.win32_1.1.100.202309141235/tools/bin/../lib/gcc/arm-none-eabi/11.3.1/../../../../arm-none-eabi/lib/thumb/v7e-m+fp/hard\libc_nano.a(libc_a-isattyr.o)
 .ARM.attributes
                0x0000000000000b03       0x34 C:/STM32_Files/STM32CUBE_IDE/STM32CubeIDE_1.14.0/STM32CubeIDE/plugins/com.st.stm32cube.ide.mcu.externaltools.gnu-tools-for-stm32.11.3.rel1.win32_1.1.100.202309141235/tools/bin/../lib/gcc/arm-none-eabi/11.3.1/../../../../arm-none-eabi/lib/thumb/v7e-m+fp/hard\libc_nano.a(libc_a-sbrkr.o)
 .ARM.attributes
                0x0000000000000b37       0x1c C:/STM32_Files/STM32CUBE_IDE/STM32CubeIDE_1.14.0/STM32CubeIDE/plugins/com.st.stm32cube.ide.mcu.externaltools.gnu-tools-for-stm32.11.3.rel1.win32_1.1.100.202309141235/tools/bin/../lib/gcc/arm-none-eabi/11.3.1/../../../../arm-none-eabi/lib/thumb/v7e-m+fp/hard\libc_nano.a(libc_a-memchr.o)
 .ARM.attributes
                0x0000000000000b53       0x1e C:/STM32_Files/STM32CUBE_IDE/STM32CubeIDE_1.14.0/STM32CubeIDE/plugins/com.st.stm32cube.ide.mcu.externaltools.gnu-tools-for-stm32.11.3.rel1.win32_1.1.100.202309141235/tools/bin/../lib/gcc/arm-none-eabi/11.3.1/thumb/v7e-m+fp/hard/crtn.o
OUTPUT(Nucleo_AUV_Bare_Metal.elf elf32-littlearm)
LOAD linker stubs
LOAD C:/STM32_Files/STM32CUBE_IDE/STM32CubeIDE_1.14.0/STM32CubeIDE/plugins/com.st.stm32cube.ide.mcu.externaltools.gnu-tools-for-stm32.11.3.rel1.win32_1.1.100.202309141235/tools/bin/../lib/gcc/arm-none-eabi/11.3.1/../../../../arm-none-eabi/lib/thumb/v7e-m+fp/hard\libc.a
LOAD C:/STM32_Files/STM32CUBE_IDE/STM32CubeIDE_1.14.0/STM32CubeIDE/plugins/com.st.stm32cube.ide.mcu.externaltools.gnu-tools-for-stm32.11.3.rel1.win32_1.1.100.202309141235/tools/bin/../lib/gcc/arm-none-eabi/11.3.1/../../../../arm-none-eabi/lib/thumb/v7e-m+fp/hard\libm.a
LOAD C:/STM32_Files/STM32CUBE_IDE/STM32CubeIDE_1.14.0/STM32CubeIDE/plugins/com.st.stm32cube.ide.mcu.externaltools.gnu-tools-for-stm32.11.3.rel1.win32_1.1.100.202309141235/tools/bin/../lib/gcc/arm-none-eabi/11.3.1/thumb/v7e-m+fp/hard\libgcc.a

.comment        0x0000000000000000       0x43
 .comment       0x0000000000000000       0x43 C:/STM32_Files/STM32CUBE_IDE/STM32CubeIDE_1.14.0/STM32CubeIDE/plugins/com.st.stm32cube.ide.mcu.externaltools.gnu-tools-for-stm32.11.3.rel1.win32_1.1.100.202309141235/tools/bin/../lib/gcc/arm-none-eabi/11.3.1/thumb/v7e-m+fp/hard/crtbegin.o
                                         0x44 (size before relaxing)
 .comment       0x0000000000000043       0x44 ./Core/Src/control_loop.o
 .comment       0x0000000000000043       0x44 ./Core/Src/main.o
 .comment       0x0000000000000043       0x44 ./Core/Src/stm32f4xx_it.o
 .comment       0x0000000000000043       0x44 ./Core/Src/syscalls.o
 .comment       0x0000000000000043       0x44 ./Core/Src/sysmem.o
 .comment       0x0000000000000043       0x44 ./Core/Src/system_init.o
 .comment       0x0000000000000043       0x44 ./Core/Src/system_stm32f4xx.o
 .comment       0x0000000000000043       0x44 ./Devices/bar30/bar30.o
 .comment       0x0000000000000043       0x44 ./Devices/oled/oled.o
 .comment       0x0000000000000043       0x44 ./Devices/sd_card/sd_card.o
 .comment       0x0000000000000043       0x44 ./Devices/sd_card/sd_logger.o
 .comment       0x0000000000000043       0x44 ./Drivers/adc/adc.o
 .comment       0x0000000000000043       0x44 ./Drivers/crc_hw/crc_hw.o
 .comment       0x0000000000000043       0x44 ./Drivers/dac/dac.o
 .comment       0x0000000000000043       0x44 ./Drivers/gpio/gpio.o
 .comment       0x0000000000000043       0x44 ./Drivers/i2c/i2c.o
 .comment       0x0000000000000043       0x44 ./Drivers/iwdg/iwdg.o
 .comment       0x0000000000000043       0x44 ./Drivers/spi/spi.o
 .comment       0x0000000000000043       0x44 ./Drivers/timer/timer_basic.o
 .comment       0x0000000000000043       0x44 ./Drivers/timer/timer_pwm.o
 .comment       0x0000000000000043       0x44 ./Drivers/timer/timer_timebase.o
 .comment       0x0000000000000043       0x44 ./Drivers/uart/uart.o
 .comment       0x0000000000000043       0x44 ./Drivers/uart/uart_packet.o
 .comment       0x0000000000000043       0x44 ./Protocol/packet.o
 .comment       0x0000000000000043       0x44 ./Protocol/ring_buffer.o

.debug_info     0x0000000000000000     0x6d2b
 .debug_info    0x0000000000000000      0x704 ./Core/Src/control_loop.o
 .debug_info    0x0000000000000704      0x77a ./Core/Src/main.o
 .debug_info    0x0000000000000e7e      0x31e ./Core/Src/stm32f4xx_it.o
 .debug_info    0x000000000000119c      0x6a3 ./Core/Src/syscalls.o
 .debug_info    0x000000000000183f      0x168 ./Core/Src/sysmem.o
 .debug_info    0x00000000000019a7      0x3c6 ./Core/Src/system_init.o
 .debug_info    0x0000000000001d6d      0x543 ./Core/Src/system_stm32f4xx.o
 .debug_info    0x00000000000022b0       0x23 ./Core/Startup/startup_stm32f446retx.o
 .debug_info    0x00000000000022d3      0x25a ./Devices/bar30/bar30.o
 .debug_info    0x000000000000252d      0x36a ./Devices/oled/oled.o
 .debug_info    0x0000000000002897      0x333 ./Devices/sd_card/sd_card.o
 .debug_info    0x0000000000002bca      0x288 ./Devices/sd_card/sd_logger.o
 .debug_info    0x0000000000002e52      0x438 ./Drivers/adc/adc.o
 .debug_info    0x000000000000328a      0x38c ./Drivers/crc_hw/crc_hw.o
 .debug_info    0x0000000000003616      0x3e6 ./Drivers/dac/dac.o
 .debug_info    0x00000000000039fc      0x3bc ./Drivers/gpio/gpio.o
 .debug_info    0x0000000000003db8      0x44d ./Drivers/i2c/i2c.o
 .debug_info    0x0000000000004205       0xf3 ./Drivers/iwdg/iwdg.o
 .debug_info    0x00000000000042f8      0x426 ./Drivers/spi/spi.o
 .debug_info    0x000000000000471e      0x991 ./Drivers/timer/timer_basic.o
 .debug_info    0x00000000000050af      0x460 ./Drivers/timer/timer_pwm.o
 .debug_info    0x000000000000550f      0x37f ./Drivers/timer/timer_timebase.o
 .debug_info    0x000000000000588e      0x476 ./Drivers/uart/uart.o
 .debug_info    0x0000000000005d04      0xaee ./Drivers/uart/uart_packet.o
 .debug_info    0x00000000000067f2      0x398 ./Protocol/packet.o
 .debug_info    0x0000000000006b8a      0x1a1 ./Protocol/ring_buffer.o

.debug_abbrev   0x0000000000000000     0x1ef0
 .debug_abbrev  0x0000000000000000      0x209 ./Core/Src/control_loop.o
 .debug_abbrev  0x0000000000000209      0x202 ./Core/Src/main.o
 .debug_abbrev  0x000000000000040b       0xf6 ./Core/Src/stm32f4xx_it.o
 .debug_abbrev  0x0000000000000501      0x1b6 ./Core/Src/syscalls.o
 .debug_abbrev  0x00000000000006b7       0xbc ./Core/Src/sysmem.o
 .debug_abbrev  0x0000000000000773      0x117 ./Core/Src/system_init.o
 .debug_abbrev  0x000000000000088a      0x11a ./Core/Src/system_stm32f4xx.o
 .debug_abbrev  0x00000000000009a4       0x12 ./Core/Startup/startup_stm32f446retx.o
 .debug_abbrev  0x00000000000009b6       0xdf ./Devices/bar30/bar30.o
 .debug_abbrev  0x0000000000000a95      0x1ec ./Devices/oled/oled.o
 .debug_abbrev  0x0000000000000c81      0x174 ./Devices/sd_card/sd_card.o
 .debug_abbrev  0x0000000000000df5      0x149 ./Devices/sd_card/sd_logger.o
 .debug_abbrev  0x0000000000000f3e      0x119 ./Drivers/adc/adc.o
 .debug_abbrev  0x0000000000001057      0x12d ./Drivers/crc_hw/crc_hw.o
 .debug_abbrev  0x0000000000001184       0xe2 ./Drivers/dac/dac.o
 .debug_abbrev  0x0000000000001266      0x100 ./Drivers/gpio/gpio.o
 .debug_abbrev  0x0000000000001366      0x11c ./Drivers/i2c/i2c.o
 .debug_abbrev  0x0000000000001482       0x8e ./Drivers/iwdg/iwdg.o
 .debug_abbrev  0x0000000000001510      0x11d ./Drivers/spi/spi.o
 .debug_abbrev  0x000000000000162d      0x158 ./Drivers/timer/timer_basic.o
 .debug_abbrev  0x0000000000001785       0xf3 ./Drivers/timer/timer_pwm.o
 .debug_abbrev  0x0000000000001878       0xd0 ./Drivers/timer/timer_timebase.o
 .debug_abbrev  0x0000000000001948      0x148 ./Drivers/uart/uart.o
 .debug_abbrev  0x0000000000001a90      0x1f3 ./Drivers/uart/uart_packet.o
 .debug_abbrev  0x0000000000001c83      0x171 ./Protocol/packet.o
 .debug_abbrev  0x0000000000001df4       0xfc ./Protocol/ring_buffer.o

.debug_aranges  0x0000000000000000      0x600
 .debug_aranges
                0x0000000000000000       0x80 ./Core/Src/control_loop.o
 .debug_aranges
                0x0000000000000080       0x20 ./Core/Src/main.o
 .debug_aranges
                0x00000000000000a0       0x68 ./Core/Src/stm32f4xx_it.o
 .debug_aranges
                0x0000000000000108       0xa8 ./Core/Src/syscalls.o
 .debug_aranges
                0x00000000000001b0       0x20 ./Core/Src/sysmem.o
 .debug_aranges
                0x00000000000001d0       0x30 ./Core/Src/system_init.o
 .debug_aranges
                0x0000000000000200       0x28 ./Core/Src/system_stm32f4xx.o
 .debug_aranges
                0x0000000000000228       0x28 ./Core/Startup/startup_stm32f446retx.o
 .debug_aranges
                0x0000000000000250       0x28 ./Devices/bar30/bar30.o
 .debug_aranges
                0x0000000000000278       0x58 ./Devices/oled/oled.o
 .debug_aranges
                0x00000000000002d0       0x40 ./Devices/sd_card/sd_card.o
 .debug_aranges
                0x0000000000000310       0x28 ./Devices/sd_card/sd_logger.o
 .debug_aranges
                0x0000000000000338       0x28 ./Drivers/adc/adc.o
 .debug_aranges
                0x0000000000000360       0x28 ./Drivers/crc_hw/crc_hw.o
 .debug_aranges
                0x0000000000000388       0x28 ./Drivers/dac/dac.o
 .debug_aranges
                0x00000000000003b0       0x38 ./Drivers/gpio/gpio.o
 .debug_aranges
                0x00000000000003e8       0x30 ./Drivers/i2c/i2c.o
 .debug_aranges
                0x0000000000000418       0x28 ./Drivers/iwdg/iwdg.o
 .debug_aranges
                0x0000000000000440       0x58 ./Drivers/spi/spi.o
 .debug_aranges
                0x0000000000000498       0x30 ./Drivers/timer/timer_basic.o
 .debug_aranges
                0x00000000000004c8       0x28 ./Drivers/timer/timer_pwm.o
 .debug_aranges
                0x00000000000004f0       0x28 ./Drivers/timer/timer_timebase.o
 .debug_aranges
                0x0000000000000518       0x40 ./Drivers/uart/uart.o
 .debug_aranges
                0x0000000000000558       0x48 ./Drivers/uart/uart_packet.o
 .debug_aranges
                0x00000000000005a0       0x28 ./Protocol/packet.o
 .debug_aranges
                0x00000000000005c8       0x38 ./Protocol/ring_buffer.o

.debug_rnglists
                0x0000000000000000      0x419
 .debug_rnglists
                0x0000000000000000       0x61 ./Core/Src/control_loop.o
 .debug_rnglists
                0x0000000000000061       0x14 ./Core/Src/main.o
 .debug_rnglists
                0x0000000000000075       0x49 ./Core/Src/stm32f4xx_it.o
 .debug_rnglists
                0x00000000000000be       0x79 ./Core/Src/syscalls.o
 .debug_rnglists
                0x0000000000000137       0x13 ./Core/Src/sysmem.o
 .debug_rnglists
                0x000000000000014a       0x20 ./Core/Src/system_init.o
 .debug_rnglists
                0x000000000000016a       0x1a ./Core/Src/system_stm32f4xx.o
 .debug_rnglists
                0x0000000000000184       0x19 ./Core/Startup/startup_stm32f446retx.o
 .debug_rnglists
                0x000000000000019d       0x1a ./Devices/bar30/bar30.o
 .debug_rnglists
                0x00000000000001b7       0x3f ./Devices/oled/oled.o
 .debug_rnglists
                0x00000000000001f6       0x2f ./Devices/sd_card/sd_card.o
 .debug_rnglists
                0x0000000000000225       0x19 ./Devices/sd_card/sd_logger.o
 .debug_rnglists
                0x000000000000023e       0x19 ./Drivers/adc/adc.o
 .debug_rnglists
                0x0000000000000257       0x1a ./Drivers/crc_hw/crc_hw.o
 .debug_rnglists
                0x0000000000000271       0x19 ./Drivers/dac/dac.o
 .debug_rnglists
                0x000000000000028a       0x26 ./Drivers/gpio/gpio.o
 .debug_rnglists
                0x00000000000002b0       0x22 ./Drivers/i2c/i2c.o
 .debug_rnglists
                0x00000000000002d2       0x19 ./Drivers/iwdg/iwdg.o
 .debug_rnglists
                0x00000000000002eb       0x3e ./Drivers/spi/spi.o
 .debug_rnglists
                0x0000000000000329       0x1f ./Drivers/timer/timer_basic.o
 .debug_rnglists
                0x0000000000000348       0x1a ./Drivers/timer/timer_pwm.o
 .debug_rnglists
                0x0000000000000362       0x19 ./Drivers/timer/timer_timebase.o
 .debug_rnglists
                0x000000000000037b       0x2c ./Drivers/uart/uart.o
 .debug_rnglists
                0x00000000000003a7       0x33 ./Drivers/uart/uart_packet.o
 .debug_rnglists
                0x00000000000003da       0x1a ./Protocol/packet.o
 .debug_rnglists
                0x00000000000003f4       0x25 ./Protocol/ring_buffer.o

.debug_macro    0x0000000000000000    0x1c300
 .debug_macro   0x0000000000000000      0x200 ./Core/Src/control_loop.o
 .debug_macro   0x0000000000000200      0xaa2 ./Core/Src/control_loop.o
 .debug_macro   0x0000000000000ca2       0x28 ./Core/Src/control_loop.o
 .debug_macro   0x0000000000000cca       0x22 ./Core/Src/control_loop.o
 .debug_macro   0x0000000000000cec       0x8e ./Core/Src/control_loop.o
 .debug_macro   0x0000000000000d7a       0x51 ./Core/Src/control_loop.o
 .debug_macro   0x0000000000000dcb      0x103 ./Core/Src/control_loop.o
 .debug_macro   0x0000000000000ece       0x6a ./Core/Src/control_loop.o
 .debug_macro   0x0000000000000f38      0x1df ./Core/Src/control_loop.o
 .debug_macro   0x0000000000001117       0x1c ./Core/Src/control_loop.o
 .debug_macro   0x0000000000001133       0x22 ./Core/Src/control_loop.o
 .debug_macro   0x0000000000001155       0xfb ./Core/Src/control_loop.o
 .debug_macro   0x0000000000001250     0x1011 ./Core/Src/control_loop.o
 .debug_macro   0x0000000000002261      0x11f ./Core/Src/control_loop.o
 .debug_macro   0x0000000000002380    0x1675e ./Core/Src/control_loop.o
 .debug_macro   0x0000000000018ade       0x58 ./Core/Src/control_loop.o
 .debug_macro   0x0000000000018b36       0x22 ./Core/Src/control_loop.o
 .debug_macro   0x0000000000018b58       0x2e ./Core/Src/control_loop.o
 .debug_macro   0x0000000000018b86       0x61 ./Core/Src/control_loop.o
 .debug_macro   0x0000000000018be7       0x2a ./Core/Src/control_loop.o
 .debug_macro   0x0000000000018c11       0x43 ./Core/Src/control_loop.o
 .debug_macro   0x0000000000018c54       0x34 ./Core/Src/control_loop.o
 .debug_macro   0x0000000000018c88      0x174 ./Core/Src/control_loop.o
 .debug_macro   0x0000000000018dfc       0x16 ./Core/Src/control_loop.o
 .debug_macro   0x0000000000018e12       0x43 ./Core/Src/control_loop.o
 .debug_macro   0x0000000000018e55       0x34 ./Core/Src/control_loop.o
 .debug_macro   0x0000000000018e89       0x10 ./Core/Src/control_loop.o
 .debug_macro   0x0000000000018e99       0x58 ./Core/Src/control_loop.o
 .debug_macro   0x0000000000018ef1       0x8e ./Core/Src/control_loop.o
 .debug_macro   0x0000000000018f7f       0x1c ./Core/Src/control_loop.o
 .debug_macro   0x0000000000018f9b      0x177 ./Core/Src/control_loop.o
 .debug_macro   0x0000000000019112      0x369 ./Core/Src/control_loop.o
 .debug_macro   0x000000000001947b      0x19b ./Core/Src/control_loop.o
 .debug_macro   0x0000000000019616       0x16 ./Core/Src/control_loop.o
 .debug_macro   0x000000000001962c       0x35 ./Core/Src/control_loop.o
 .debug_macro   0x0000000000019661       0x20 ./Core/Src/control_loop.o
 .debug_macro   0x0000000000019681      0x2d2 ./Core/Src/main.o
 .debug_macro   0x0000000000019953       0x5b ./Core/Src/main.o
 .debug_macro   0x00000000000199ae       0x94 ./Core/Src/main.o
 .debug_macro   0x0000000000019a42       0x16 ./Core/Src/main.o
 .debug_macro   0x0000000000019a58       0x57 ./Core/Src/main.o
 .debug_macro   0x0000000000019aaf       0x97 ./Core/Src/main.o
 .debug_macro   0x0000000000019b46       0xfd ./Core/Src/main.o
 .debug_macro   0x0000000000019c43       0x10 ./Core/Src/main.o
 .debug_macro   0x0000000000019c53       0x16 ./Core/Src/main.o
 .debug_macro   0x0000000000019c69       0x16 ./Core/Src/main.o
 .debug_macro   0x0000000000019c7f      0x147 ./Core/Src/main.o
 .debug_macro   0x0000000000019dc6       0x2e ./Core/Src/main.o
 .debug_macro   0x0000000000019df4       0x6d ./Core/Src/main.o
 .debug_macro   0x0000000000019e61       0x10 ./Core/Src/main.o
 .debug_macro   0x0000000000019e71       0x16 ./Core/Src/main.o
 .debug_macro   0x0000000000019e87       0x5e ./Core/Src/main.o
 .debug_macro   0x0000000000019ee5       0x10 ./Core/Src/main.o
 .debug_macro   0x0000000000019ef5       0x28 ./Core/Src/main.o
 .debug_macro   0x0000000000019f1d      0x156 ./Core/Src/stm32f4xx_it.o
 .debug_macro   0x000000000001a073      0x274 ./Core/Src/syscalls.o
 .debug_macro   0x000000000001a2e7       0x10 ./Core/Src/syscalls.o
 .debug_macro   0x000000000001a2f7       0x10 ./Core/Src/syscalls.o
 .debug_macro   0x000000000001a307       0x10 ./Core/Src/syscalls.o
 .debug_macro   0x000000000001a317       0x10 ./Core/Src/syscalls.o
 .debug_macro   0x000000000001a327       0x1c ./Core/Src/syscalls.o
 .debug_macro   0x000000000001a343       0x52 ./Core/Src/syscalls.o
 .debug_macro   0x000000000001a395       0x22 ./Core/Src/syscalls.o
 .debug_macro   0x000000000001a3b7       0x10 ./Core/Src/syscalls.o
 .debug_macro   0x000000000001a3c7       0x52 ./Core/Src/syscalls.o
 .debug_macro   0x000000000001a419       0xcf ./Core/Src/syscalls.o
 .debug_macro   0x000000000001a4e8       0x1c ./Core/Src/syscalls.o
 .debug_macro   0x000000000001a504       0x3d ./Core/Src/syscalls.o
 .debug_macro   0x000000000001a541       0x35 ./Core/Src/syscalls.o
 .debug_macro   0x000000000001a576      0x12c ./Core/Src/syscalls.o
 .debug_macro   0x000000000001a6a2       0x16 ./Core/Src/syscalls.o
 .debug_macro   0x000000000001a6b8       0x16 ./Core/Src/syscalls.o
 .debug_macro   0x000000000001a6ce       0x29 ./Core/Src/syscalls.o
 .debug_macro   0x000000000001a6f7       0x10 ./Core/Src/syscalls.o
 .debug_macro   0x000000000001a707      0x242 ./Core/Src/syscalls.o
 .debug_macro   0x000000000001a949       0x1c ./Core/Src/syscalls.o
 .debug_macro   0x000000000001a965       0x10 ./Core/Src/syscalls.o
 .debug_macro   0x000000000001a975      0x18a ./Core/Src/syscalls.o
 .debug_macro   0x000000000001aaff       0x16 ./Core/Src/syscalls.o
 .debug_macro   0x000000000001ab15       0xce ./Core/Src/syscalls.o
 .debug_macro   0x000000000001abe3       0xff ./Core/Src/sysmem.o
 .debug_macro   0x000000000001ace2      0x23c ./Core/Src/sysmem.o
 .debug_macro   0x000000000001af1e       0xd8 ./Core/Src/system_init.o
 .debug_macro   0x000000000001aff6       0xda ./Core/Src/system_stm32f4xx.o
 .debug_macro   0x000000000001b0d0      0x114 ./Devices/bar30/bar30.o
 .debug_macro   0x000000000001b1e4      0x1ab ./Devices/oled/oled.o
 .debug_macro   0x000000000001b38f       0x10 ./Devices/oled/oled.o
 .debug_macro   0x000000000001b39f       0x10 ./Devices/oled/oled.o
 .debug_macro   0x000000000001b3af       0x77 ./Devices/sd_card/sd_card.o
 .debug_macro   0x000000000001b426      0x14a ./Devices/sd_card/sd_logger.o
 .debug_macro   0x000000000001b570       0xc9 ./Drivers/adc/adc.o
 .debug_macro   0x000000000001b639       0xc9 ./Drivers/crc_hw/crc_hw.o
 .debug_macro   0x000000000001b702       0xc9 ./Drivers/dac/dac.o
 .debug_macro   0x000000000001b7cb       0xd8 ./Drivers/gpio/gpio.o
 .debug_macro   0x000000000001b8a3      0x1a6 ./Drivers/i2c/i2c.o
 .debug_macro   0x000000000001ba49       0xc9 ./Drivers/iwdg/iwdg.o
 .debug_macro   0x000000000001bb12       0xc9 ./Drivers/spi/spi.o
 .debug_macro   0x000000000001bbdb       0xc9 ./Drivers/timer/timer_basic.o
 .debug_macro   0x000000000001bca4       0xc9 ./Drivers/timer/timer_pwm.o
 .debug_macro   0x000000000001bd6d       0xc9 ./Drivers/timer/timer_timebase.o
 .debug_macro   0x000000000001be36      0x1b2 ./Drivers/uart/uart.o
 .debug_macro   0x000000000001bfe8       0xe8 ./Drivers/uart/uart_packet.o
 .debug_macro   0x000000000001c0d0      0x1c4 ./Protocol/packet.o
 .debug_macro   0x000000000001c294       0x6c ./Protocol/ring_buffer.o

.debug_line     0x0000000000000000     0x9f5d
 .debug_line    0x0000000000000000      0xc48 ./Core/Src/control_loop.o
 .debug_line    0x0000000000000c48      0x9b0 ./Core/Src/main.o
 .debug_line    0x00000000000015f8      0x682 ./Core/Src/stm32f4xx_it.o
 .debug_line    0x0000000000001c7a      0x895 ./Core/Src/syscalls.o
 .debug_line    0x000000000000250f      0x566 ./Core/Src/sysmem.o
 .debug_line    0x0000000000002a75      0x592 ./Core/Src/system_init.o
 .debug_line    0x0000000000003007      0x537 ./Core/Src/system_stm32f4xx.o
 .debug_line    0x000000000000353e       0x7a ./Core/Startup/startup_stm32f446retx.o
 .debug_line    0x00000000000035b8      0x618 ./Devices/bar30/bar30.o
 .debug_line    0x0000000000003bd0      0x82c ./Devices/oled/oled.o
 .debug_line    0x00000000000043fc      0x67c ./Devices/sd_card/sd_card.o
 .debug_line    0x0000000000004a78      0x5ad ./Devices/sd_card/sd_logger.o
 .debug_line    0x0000000000005025      0x4e9 ./Drivers/adc/adc.o
 .debug_line    0x000000000000550e      0x58e ./Drivers/crc_hw/crc_hw.o
 .debug_line    0x0000000000005a9c      0x4ca ./Drivers/dac/dac.o
 .debug_line    0x0000000000005f66      0x534 ./Drivers/gpio/gpio.o
 .debug_line    0x000000000000649a      0x78d ./Drivers/i2c/i2c.o
 .debug_line    0x0000000000006c27      0x4d8 ./Drivers/iwdg/iwdg.o
 .debug_line    0x00000000000070ff      0x60b ./Drivers/spi/spi.o
 .debug_line    0x000000000000770a      0x53c ./Drivers/timer/timer_basic.o
 .debug_line    0x0000000000007c46      0x4ef ./Drivers/timer/timer_pwm.o
 .debug_line    0x0000000000008135      0x4dc ./Drivers/timer/timer_timebase.o
 .debug_line    0x0000000000008611      0x6d9 ./Drivers/uart/uart.o
 .debug_line    0x0000000000008cea      0x679 ./Drivers/uart/uart_packet.o
 .debug_line    0x0000000000009363      0x766 ./Protocol/packet.o
 .debug_line    0x0000000000009ac9      0x494 ./Protocol/ring_buffer.o

.debug_str      0x0000000000000000    0x92adb
 .debug_str     0x0000000000000000    0x8e820 ./Core/Src/control_loop.o
                                      0x8ea61 (size before relaxing)
 .debug_str     0x000000000008e820     0x11ee ./Core/Src/main.o
                                      0x8f2cc (size before relaxing)
 .debug_str     0x000000000008fa0e      0x112 ./Core/Src/stm32f4xx_it.o
                                      0x8b47d (size before relaxing)
 .debug_str     0x000000000008fb20     0x20c5 ./Core/Src/syscalls.o
                                       0x9882 (size before relaxing)
 .debug_str     0x0000000000091be5       0x6b ./Core/Src/sysmem.o
                                       0x6039 (size before relaxing)
 .debug_str     0x0000000000091c50      0x17f ./Core/Src/system_init.o
                                      0x8b250 (size before relaxing)
 .debug_str     0x0000000000091dcf      0x119 ./Core/Src/system_stm32f4xx.o
                                      0x8b2d8 (size before relaxing)
 .debug_str     0x0000000000091ee8       0x34 ./Core/Startup/startup_stm32f446retx.o
                                         0x5c (size before relaxing)
 .debug_str     0x0000000000091f1c       0xc5 ./Devices/bar30/bar30.o
                                      0x8b1c0 (size before relaxing)
 .debug_str     0x0000000000091fe1       0x9a ./Devices/oled/oled.o