../Core/Src/control_loop.c:104:21:wrapAngle180	16	static
../Core/Src/control_loop.c:111:12:thrust_to_pwm	16	static
../Core/Src/control_loop.c:124:6:control_loop_init	16	static
../Core/Src/control_loop.c:140:6:control_loop_tick	16	static
../Core/Src/control_loop.c:154:6:cmd_update	24	static
../Core/Src/control_loop.c:168:6:computePID	40	static
../Core/Src/control_loop.c:200:6:computeAllocation	152	static
../Core/Src/control_loop.c:240:6:applyPWM	24	static
../Core/Src/control_loop.c:264:6:enterFailsafe	16	static
../Core/Src/control_loop.c:276:6:checkCommandTimeout	8	static
../Core/Src/control_loop.c:284:6:control_loop_get_pwm	24	static
../Core/Src/control_loop.c:302:6:control_loop_get_armed	4	static
../Core/Src/control_loop.c:307:6:control_loop_get_link	4	static
../Core/Src/control_loop.c:315:6:control_task	120	static
