../Core/Src/control_loop.c:104:21:wrapAngle180	16	static
../Core/Src/control_loop.c:111:12:thrust_to_pwm	16	static
../Core/Src/control_loop.c:124:6:control_loop_init	16	static
../Core/Src/control_loop.c:140:6:control_loop_tick	16	static
../Core/Src/control_loop.c:154:6:state_update	16	static
../Core/Src/control_loop.c:166:6:target_update	16	static
../Core/Src/control_loop.c:177:6:computePID	40	static
../Core/Src/control_loop.c:209:6:computeAllocation	152	static
../Core/Src/control_loop.c:249:6:applyPWM	24	static
../Core/Src/control_loop.c:273:6:enterFailsafe	16	static
../Core/Src/control_loop.c:285:6:checkCommandTimeout	8	static
../Core/Src/control_loop.c:293:6:control_loop_get_pose	16	static
../Core/Src/control_loop.c:303:6:control_loop_get_pwm	24	static
../Core/Src/control_loop.c:321:6:control_loop_get_armed	4	static
../Core/Src/control_loop.c:326:6:control_loop_get_link	4	static
../Core/Src/control_loop.c:343:6:control_task	224	static
